'HMT.III.Constitutive.OrientedChannels.numerator_product_pos' depends on axioms: [propext, Classical.choice, Quot.sound]
'HMT.III.Constitutive.OrientedChannels.denominator_product_pos' depends on axioms: [propext,
 Classical.choice,
 Quot.sound]
'HMT.III.Constitutive.OrientedChannels.logBalance_eq_log_response' depends on axioms: [propext,
 Classical.choice,
 Quot.sound]
'HMT.III.Constitutive.OrientedChannels.kinematicSpeed_eq_constitutive' depends on axioms: [propext,
 Classical.choice,
 Quot.sound]
'HMT.III.Constitutive.OrientedChannels.speed_impedance_preserve_angles' depends on axioms: [propext,
 Classical.choice,
 Quot.sound]
'HMT.III.Constitutive.OrientedChannels.amplified_log_trace' depends on axioms: [propext, Classical.choice, Quot.sound]
'HMT.III.Constitutive.OrientedChannels.refinedSpeed_eq_constitutive' depends on axioms: [propext,
 Classical.choice,
 Quot.sound]
'HMT.III.Constitutive.AngularChamber.vacuum_bounds' depends on axioms: [propext, Classical.choice, Quot.sound]
'HMT.III.Constitutive.AngularChamber.operator_from_angles' depends on axioms: [propext, Classical.choice, Quot.sound]
'HMT.III.Constitutive.AngularChamber.completion_from_angles' depends on axioms: [propext, Classical.choice, Quot.sound]
'HMT.III.Constitutive.AngularChamber.operator_uses_genuine_inverse' depends on axioms: [propext,
 Classical.choice,
 Quot.sound]
'HMT.III.Constitutive.AngularChamber.barbero_from_angular_response' depends on axioms: [propext,
 Classical.choice,
 Quot.sound]
'HMT.III.Constitutive.AngularChamber.angular_constitutive_closure' depends on axioms: [propext,
 Classical.choice,
 Quot.sound]
'HMT.III.Constitutive.canonicalSheetInvolution_square' depends on axioms: [propext, Classical.choice, Quot.sound]
'HMT.III.Constitutive.canonical_angular_constitutive_closure' depends on axioms: [propext, Classical.choice, Quot.sound]
