'HMT.IV.LatticeTripleLocality.locality_annihilates_pair' depends on axioms: [propext, Classical.choice, Quot.sound]
'HMT.IV.LatticeTripleLocality.firstThird_secondThird_commute' depends on axioms: [propext, Classical.choice, Quot.sound]
'HMT.IV.LatticeTripleLocality.rawLeft_decomposition' depends on axioms: [propext, Classical.choice, Quot.sound]
'HMT.IV.LatticeTripleLocality.rawRight_decomposition' depends on axioms: [propext, Classical.choice, Quot.sound]
'HMT.IV.LatticeTripleLocality.rawLeft_annihilated' depends on axioms: [propext, Classical.choice, Quot.sound]
'HMT.IV.LatticeTripleLocality.rawRight_annihilated' depends on axioms: [propext, Classical.choice, Quot.sound]
'HMT.IV.LatticeTripleLocality.evaluate_firstThird_pow' depends on axioms: [propext, Classical.choice, Quot.sound]
'HMT.IV.LatticeTripleLocality.evaluate_firstSecond_pow' depends on axioms: [propext, Classical.choice, Quot.sound]
'HMT.IV.LatticeTripleLocality.evaluate_secondThird_pow' depends on axioms: [propext, Classical.choice, Quot.sound]
'HMT.IV.LatticeTripleLocality.rawLeft_annihilated_on_vector' depends on axioms: [propext, Classical.choice, Quot.sound]
'HMT.IV.LatticeTripleLocality.rawRight_annihilated_on_vector' depends on axioms: [propext, Classical.choice, Quot.sound]
'HMT.IV.LatticeTripleLocality.firstSecond_secondThird_commute' depends on axioms: [propext,
 Classical.choice,
 Quot.sound]
'HMT.IV.LatticeTripleLocality.raw_difference_decomposition' depends on axioms: [propext, Classical.choice, Quot.sound]
'HMT.IV.LatticeTripleLocality.rawDifference_annihilated' depends on axioms: [propext, Classical.choice, Quot.sound]
'HMT.IV.LatticeTripleLocality.rawDifference_annihilated_after_secondThird' depends on axioms: [propext,
 Classical.choice,
 Quot.sound]
'HMT.IV.LatticeTripleLocality.rawDifference_annihilated_on_vector' depends on axioms: [propext,
 Classical.choice,
 Quot.sound]
