'HMT.IV.LatticeTranslationCommutators.oscillator_translation_annihilation_zero' depends on axioms: [propext,
 Classical.choice,
 Quot.sound]
'HMT.IV.LatticeTranslationCommutators.oscillator_translation_annihilation_succ' depends on axioms: [propext,
 Classical.choice,
 Quot.sound]
'HMT.IV.LatticeTranslationCommutators.oscillator_translation_chargeCreation' depends on axioms: [propext,
 Classical.choice,
 Quot.sound]
'HMT.IV.LatticeTranslationCommutators.oscillator_translation_chargeAnnihilation_zero' depends on axioms: [propext,
 Classical.choice,
 Quot.sound]
'HMT.IV.LatticeTranslationCommutators.oscillator_translation_chargeAnnihilation_succ' depends on axioms: [propext,
 Classical.choice,
 Quot.sound]
'HMT.IV.LatticeTranslationCommutators.translation_chargeCreate' depends on axioms: [propext,
 Classical.choice,
 Quot.sound]
'HMT.IV.LatticeTranslationCommutators.translation_chargeAnnihilate_succ' depends on axioms: [propext,
 Classical.choice,
 Quot.sound]
'HMT.IV.LatticeTranslationCommutators.translation_chargeAnnihilate_zero' depends on axioms: [propext,
 Classical.choice,
 Quot.sound]
'HMT.IV.LatticeTranslationCommutators.translation_zeroMode' depends on axioms: [propext, Classical.choice, Quot.sound]
'HMT.IV.LatticeTranslationCommutators.translation_latticeShift' depends on axioms: [propext,
 Classical.choice,
 Quot.sound]
