'HMT.I.SelectedLatticeAlgebra.selected_lattice_is_same_carrier' depends on axioms: [propext,
 Classical.choice,
 Lean.ofReduceBool,
 Quot.sound]
'HMT.I.SelectedLatticeAlgebra.selected_origin_is_registered' depends on axioms: [propext,
 Classical.choice,
 Lean.ofReduceBool,
 Quot.sound]
'HMT.I.SelectedLatticeAlgebra.selected_cocycle_commutator' depends on axioms: [propext,
 Classical.choice,
 Lean.ofReduceBool,
 Quot.sound]
'HMT.I.SelectedLatticeAlgebra.selected_central_extension' depends on axioms: [propext,
 Classical.choice,
 Lean.ofReduceBool,
 Quot.sound]
'HMT.I.SelectedLatticeAlgebra.selected_algebra_product' depends on axioms: [propext,
 Classical.choice,
 Lean.ofReduceBool,
 Quot.sound]
'HMT.I.SelectedLatticeAlgebra.selected_algebra_laws' depends on axioms: [propext,
 Classical.choice,
 Lean.ofReduceBool,
 Quot.sound]
'HMT.I.SelectedLatticeAlgebra.selected_incidence_central_extension_algebra' depends on axioms: [propext,
 Classical.choice,
 Lean.ofReduceBool,
 Quot.sound]
