'HMT.IV.LatticeCocycle.parityGram_symmetric' depends on axioms: [propext, Classical.choice, Quot.sound]
'HMT.IV.LatticeCocycle.parityGram_diagonal_zero' depends on axioms: [propext, Classical.choice, Quot.sound]
'HMT.IV.LatticeCocycle.parityCoordinates_zero' depends on axioms: [propext, Classical.choice, Quot.sound]
'HMT.IV.LatticeCocycle.parityCoordinates_add' depends on axioms: [propext, Classical.choice, Quot.sound]
'HMT.IV.LatticeCocycle.parityGram_recovers_pairing' depends on axioms: [propext, Classical.choice, Quot.sound]
'HMT.IV.LatticeCocycle.wittCocycle_zero_left' depends on axioms: [propext, Classical.choice, Quot.sound]
'HMT.IV.LatticeCocycle.wittCocycle_zero_right' depends on axioms: [propext, Classical.choice, Quot.sound]
'HMT.IV.LatticeCocycle.wittCocycle_cocycle' depends on axioms: [propext, Classical.choice, Quot.sound]
'HMT.IV.LatticeCocycle.wittCocycle_commutator' depends on axioms: [propext, Classical.choice, Quot.sound]
'HMT.IV.LatticeCocycle.wittSign_zero_left' depends on axioms: [propext, Classical.choice, Quot.sound]
'HMT.IV.LatticeCocycle.wittSign_zero_right' depends on axioms: [propext, Classical.choice, Quot.sound]
'HMT.IV.LatticeCocycle.wittSign_square' depends on axioms: [propext, Classical.choice, Quot.sound]
'HMT.IV.LatticeCocycle.wittSign_cocycle' depends on axioms: [propext, Classical.choice, Quot.sound]
'HMT.IV.LatticeCocycle.wittSign_commutator' depends on axioms: [propext, Classical.choice, Quot.sound]
'HMT.IV.LatticeCocycle.extensionMul_assoc' depends on axioms: [propext, Classical.choice, Quot.sound]
'HMT.IV.LatticeCocycle.extensionMul_zero_left' depends on axioms: [propext, Classical.choice, Quot.sound]
'HMT.IV.LatticeCocycle.extensionMul_zero_right' depends on axioms: [propext, Classical.choice, Quot.sound]
'HMT.IV.LatticeCocycle.wittCocycle_neg_swap' depends on axioms: [propext, Classical.choice, Quot.sound]
'HMT.IV.LatticeCocycle.extensionMul_inv_right' depends on axioms: [propext, Classical.choice, Quot.sound]
'HMT.IV.LatticeCocycle.extensionMul_inv_left' depends on axioms: [propext, Classical.choice, Quot.sound]
'HMT.IV.LatticeCocycle.extension_kernel_central' depends on axioms: [propext, Classical.choice, Quot.sound]
