'HMT.CKM.ComplexRealization.CKM' depends on axioms: [propext, Classical.choice, Quot.sound]
'HMT.CKM.ComplexRealization.CKM_entries' depends on axioms: [propext, Classical.choice, Quot.sound]
'HMT.CKM.ComplexRealization.CKM_jarlskog' depends on axioms: [propext, Classical.choice, Quot.sound]
'HMT.CKM.ComplexRealization.CKM_jarlskog_neg_phase' depends on axioms: [propext, Classical.choice, Quot.sound]
'HMT.CKM.ComplexRealization.CKM_jarlskog_nonzero' depends on axioms: [propext, Classical.choice, Quot.sound]
'HMT.CKM.ComplexRealization.CKM_left_unitary' depends on axioms: [propext, Classical.choice, Quot.sound]
'HMT.CKM.ComplexRealization.CKM_mem_unitary' depends on axioms: [propext, Classical.choice, Quot.sound]
'HMT.CKM.ComplexRealization.CKM_neg_phase' depends on axioms: [propext, Classical.choice, Quot.sound]
'HMT.CKM.ComplexRealization.CKM_right_unitary' depends on axioms: [propext, Classical.choice, Quot.sound]
'HMT.CKM.ComplexRealization.M3' depends on axioms: [propext, Classical.choice, Quot.sound]
'HMT.CKM.ComplexRealization.R12' depends on axioms: [propext, Classical.choice, Quot.sound]
'HMT.CKM.ComplexRealization.R12_left_unitary' depends on axioms: [propext, Classical.choice, Quot.sound]
'HMT.CKM.ComplexRealization.R12_right_unitary' depends on axioms: [propext, Classical.choice, Quot.sound]
'HMT.CKM.ComplexRealization.R23' depends on axioms: [propext, Classical.choice, Quot.sound]
'HMT.CKM.ComplexRealization.R23_left_unitary' depends on axioms: [propext, Classical.choice, Quot.sound]
'HMT.CKM.ComplexRealization.R23_right_unitary' depends on axioms: [propext, Classical.choice, Quot.sound]
'HMT.CKM.ComplexRealization.U13' depends on axioms: [propext, Classical.choice, Quot.sound]
'HMT.CKM.ComplexRealization.U13_left_unitary' depends on axioms: [propext, Classical.choice, Quot.sound]
'HMT.CKM.ComplexRealization.U13_right_unitary' depends on axioms: [propext, Classical.choice, Quot.sound]
'HMT.CKM.ComplexRealization.conj_mul_phase' depends on axioms: [propext, Classical.choice, Quot.sound]
'HMT.CKM.ComplexRealization.conjugate' depends on axioms: [propext, Classical.choice, Quot.sound]
'HMT.CKM.ComplexRealization.jarlskog' depends on axioms: [propext, Classical.choice, Quot.sound]
'HMT.CKM.ComplexRealization.jarlskog_conjugate' depends on axioms: [propext, Classical.choice, Quot.sound]
'HMT.CKM.ComplexRealization.jarlskog_phase_rephase' depends on axioms: [propext, Classical.choice, Quot.sound]
'HMT.CKM.ComplexRealization.jarlskog_real' depends on axioms: [propext, Classical.choice, Quot.sound]
'HMT.CKM.ComplexRealization.jarlskog_rephase' depends on axioms: [propext, Classical.choice, Quot.sound]
'HMT.CKM.ComplexRealization.nonzero_jarlskog_obstructs_real_rephasing' depends on axioms: [propext,
 Classical.choice,
 Quot.sound]
'HMT.CKM.ComplexRealization.phase' depends on axioms: [propext, Classical.choice, Quot.sound]
'HMT.CKM.ComplexRealization.phase_exp' depends on axioms: [propext, Classical.choice, Quot.sound]
'HMT.CKM.ComplexRealization.phase_im' depends on axioms: [propext, Classical.choice, Quot.sound]
'HMT.CKM.ComplexRealization.phase_mul_conj' depends on axioms: [propext, Classical.choice, Quot.sound]
'HMT.CKM.ComplexRealization.phase_neg' depends on axioms: [propext, Classical.choice, Quot.sound]
'HMT.CKM.ComplexRealization.phase_re' depends on axioms: [propext, Classical.choice, Quot.sound]
'HMT.CKM.ComplexRealization.quartet' depends on axioms: [propext, Classical.choice, Quot.sound]
'HMT.CKM.ComplexRealization.quartet_conjugate' depends on axioms: [propext, Classical.choice, Quot.sound]
'HMT.CKM.ComplexRealization.quartet_rephase' depends on axioms: [propext, Classical.choice, Quot.sound]
'HMT.CKM.ComplexRealization.rephase' depends on axioms: [propext, Classical.choice, Quot.sound]
'HMT.CKM.ComplexRealization.rephase_apply' depends on axioms: [propext, Classical.choice, Quot.sound]
'HMT.CKM.ComplexRealization.trig_circle' depends on axioms: [propext, Classical.choice, Quot.sound]
'HMT.CKM.Spectral.Mat3' depends on axioms: [propext, Classical.choice, Quot.sound]
'HMT.CKM.Spectral.commutator' depends on axioms: [propext, Classical.choice, Quot.sound]
'HMT.CKM.Spectral.diagonal_commutator_det' depends on axioms: [propext, Classical.choice, Quot.sound]
'HMT.CKM.Spectral.diagonal_commutator_entry' depends on axioms: [propext, Classical.choice, Quot.sound]
'HMT.CKM.Spectral.hermitian_commutator_det' depends on axioms: [propext, Classical.choice, Quot.sound]
'HMT.CKM.Spectral.hermitian_cycle_conjugate' depends on axioms: [propext, Classical.choice, Quot.sound]
'HMT.CKM.Spectral.inverse_transport_charpoly' depends on axioms: [propext, Classical.choice, Quot.sound]
'HMT.CKM.Spectral.massTransport' depends on axioms: [propext, Classical.choice, Quot.sound]
'HMT.CKM.Spectral.massTransport_01' depends on axioms: [propext, Classical.choice, Quot.sound]
'HMT.CKM.Spectral.massTransport_12' depends on axioms: [propext, Classical.choice, Quot.sound]
'HMT.CKM.Spectral.massTransport_20' depends on axioms: [propext, Classical.choice, Quot.sound]
'HMT.CKM.Spectral.massTransport_charpoly' depends on axioms: [propext, Classical.choice, Quot.sound]
'HMT.CKM.Spectral.massTransport_commutator' depends on axioms: [propext, Classical.choice, Quot.sound]
'HMT.CKM.Spectral.massTransport_cycle_jarlskog' depends on axioms: [propext, Classical.choice, Quot.sound]
'HMT.CKM.Spectral.massTransport_hermitian' depends on axioms: [propext, Classical.choice, Quot.sound]
'HMT.CKM.Spectral.massTransport_jarlskog_determinant' depends on axioms: [propext, Classical.choice, Quot.sound]
'HMT.CKM.Spectral.massTransport_jarlskog_determinant_ne_zero_iff' depends on axioms: [propext,
 Classical.choice,
 Quot.sound]
'HMT.CKM.Spectral.massTransport_jarlskog_determinant_norm' depends on axioms: [propext, Classical.choice, Quot.sound]
'HMT.CKM.Spectral.massTransport_spectrum' depends on axioms: [propext, Classical.choice, Quot.sound]
'HMT.CKM.Spectral.rotated_cycle_im' depends on axioms: [propext, Classical.choice, Quot.sound]
'HMT.CKM.Spectral.spectralX' depends on axioms: [propext, Classical.choice, Quot.sound]
'HMT.CKM.Spectral.spectralXY_determinant' depends on axioms: [propext, Classical.choice, Quot.sound]
'HMT.CKM.Spectral.spectralXY_sum' depends on axioms: [propext, Classical.choice, Quot.sound]
'HMT.CKM.Spectral.spectralY' depends on axioms: [propext, Classical.choice, Quot.sound]
'HMT.CKM.Spectral.spectralZ' depends on axioms: [propext, Classical.choice, Quot.sound]
'HMT.CKM.Spectral.spectral_quadratic_factor' depends on axioms: [propext, Classical.choice, Quot.sound]
'HMT.CKM.Spectral.unitary_transport_hermitian' depends on axioms: [propext, Classical.choice, Quot.sound]
'HMT.CKM.Spectral.unitary_transport_spectrum' depends on axioms: [propext, Classical.choice, Quot.sound]
'HMT.II.CKM.Generated.H5_tight' depends on axioms: [propext, Classical.choice, Quot.sound]
'HMT.II.CKM.Generated.angular_input_bounds' depends on axioms: [propext, Classical.choice, Quot.sound]
'HMT.II.CKM.Generated.conjugate' depends on axioms: [propext, Classical.choice, Quot.sound]
'HMT.II.CKM.Generated.coordinates' depends on axioms: [propext, Classical.choice, Quot.sound]
'HMT.II.CKM.Generated.direct' depends on axioms: [propext, Classical.choice, Quot.sound]
'HMT.II.CKM.Generated.generated_ckm_chain' depends on axioms: [propext, Classical.choice, Quot.sound]
'HMT.II.CKM.Generated.generated_ckm_principal_chain' depends on axioms: [propext, Classical.choice, Quot.sound]
'HMT.II.CKM.Generated.generated_commutator_determinant' depends on axioms: [propext, Classical.choice, Quot.sound]
'HMT.II.CKM.Generated.generated_commutator_nonzero' depends on axioms: [propext, Classical.choice, Quot.sound]
'HMT.II.CKM.Generated.generated_jarlskog' depends on axioms: [propext, Classical.choice, Quot.sound]
'HMT.II.CKM.Generated.generated_jarlskog_positive' depends on axioms: [propext, Classical.choice, Quot.sound]
'HMT.II.CKM.Generated.generated_mass_transport' depends on axioms: [propext, Classical.choice, Quot.sound]
'HMT.II.CKM.Generated.generated_mixing_intervals' depends on axioms: [propext, Classical.choice, Quot.sound]
'HMT.II.CKM.Generated.generated_no_real_rephasing' depends on axioms: [propext, Classical.choice, Quot.sound]
'HMT.II.CKM.Generated.generated_phase_check' depends on axioms: [propext, Classical.choice, Quot.sound]
'HMT.II.CKM.Generated.generated_phase_interval' depends on axioms: [propext, Classical.choice, Quot.sound]
'HMT.II.CKM.Generated.generated_radian_intervals' depends on axioms: [propext, Classical.choice, Quot.sound]
'HMT.II.CKM.Generated.generated_recovery' depends on axioms: [propext, Classical.choice, Quot.sound]
'HMT.II.CKM.Generated.generated_sector_evaluation' depends on axioms: [propext, Classical.choice, Quot.sound]
'HMT.II.CKM.Generated.generated_sector_incidence' depends on axioms: [propext, Classical.choice, Quot.sound]
'HMT.II.CKM.Generated.generated_unitary' depends on axioms: [propext, Classical.choice, Quot.sound]
'HMT.II.CKM.Generated.matrix' depends on axioms: [propext, Classical.choice, Quot.sound]
'HMT.II.CKM.Generated.mixingDegrees' depends on axioms: [propext, Classical.choice, Quot.sound]
'HMT.II.CKM.Generated.mixingRadians' depends on axioms: [propext, Classical.choice, Quot.sound]
'HMT.II.CKM.Generated.mixing_degrees_formula' depends on axioms: [propext, Classical.choice, Quot.sound]
'HMT.II.CKM.Generated.phaseDegrees' depends on axioms: [propext, Classical.choice, Quot.sound]
'HMT.II.CKM.Generated.phaseRadians' depends on axioms: [propext, Classical.choice, Quot.sound]
'HMT.II.CKM.Generated.radians' depends on axioms: [propext, Classical.choice, Quot.sound]
'HMT.II.CKM.Generated.radians_chamber' depends on axioms: [propext, Classical.choice, Quot.sound]
'HMT.II.CKM.Generated.return_tight' depends on axioms: [propext, Classical.choice, Quot.sound]
'HMT.II.CKM.Generated.spectralSeparation' depends on axioms: [propext, Classical.choice, Quot.sound]
'HMT.II.CKM.Generated.sqrt_character_tight' depends on axioms: [propext, Classical.choice, Quot.sound]
'HMT.II.CKM.Generated.torsion' depends on axioms: [propext, Classical.choice, Quot.sound]
'HMT.II.CKM.Generated.torsionDegrees' depends on axioms: [propext, Classical.choice, Quot.sound]
'HMT.II.CKM.Generated.torsion_positive' depends on axioms: [propext, Classical.choice, Quot.sound]
'HMT.II.CKM.Generated.torsion_upper' depends on axioms: [propext, Classical.choice, Quot.sound]
'HMT.II.CKM.Generated.transportedMass' depends on axioms: [propext, Classical.choice, Quot.sound]
'HMT.II.CKM.Selected.angular_input_bounds' depends on axioms: [propext, Classical.choice, Lean.ofReduceBool, Quot.sound]
'HMT.II.CKM.Selected.commutator_determinant' depends on axioms: [propext, Classical.choice, Quot.sound]
'HMT.II.CKM.Selected.conjugate' depends on axioms: [propext, Classical.choice, Quot.sound]
'HMT.II.CKM.Selected.coordinate_recovery' depends on axioms: [propext, Classical.choice, Quot.sound]
'HMT.II.CKM.Selected.coordinates' depends on axioms: [propext, Classical.choice, Quot.sound]
'HMT.II.CKM.Selected.direct' depends on axioms: [propext, Classical.choice, Quot.sound]
'HMT.II.CKM.Selected.jarlskog_formula' depends on axioms: [propext, Classical.choice, Quot.sound]
'HMT.II.CKM.Selected.jarlskog_positive' depends on axioms: [propext, Classical.choice, Lean.ofReduceBool, Quot.sound]
'HMT.II.CKM.Selected.mass_spectral_transport' depends on axioms: [propext, Classical.choice, Quot.sound]
'HMT.II.CKM.Selected.matrix' depends on axioms: [propext, Classical.choice, Quot.sound]
'HMT.II.CKM.Selected.matrix_unitary' depends on axioms: [propext, Classical.choice, Quot.sound]
'HMT.II.CKM.Selected.mixingDegrees' depends on axioms: [propext, Classical.choice, Quot.sound]
'HMT.II.CKM.Selected.mixingRadians' depends on axioms: [propext, Classical.choice, Quot.sound]
'HMT.II.CKM.Selected.mixing_degrees_formula' depends on axioms: [propext, Classical.choice, Quot.sound]
'HMT.II.CKM.Selected.mixing_intervals' depends on axioms: [propext, Classical.choice, Lean.ofReduceBool, Quot.sound]
'HMT.II.CKM.Selected.no_real_rephasing' depends on axioms: [propext, Classical.choice, Lean.ofReduceBool, Quot.sound]
'HMT.II.CKM.Selected.phaseDegrees' depends on axioms: [propext, Classical.choice, Quot.sound]
'HMT.II.CKM.Selected.phaseRadians' depends on axioms: [propext, Classical.choice, Quot.sound]
'HMT.II.CKM.Selected.phase_check' depends on axioms: [propext, Classical.choice, Quot.sound]
'HMT.II.CKM.Selected.phase_interval' depends on axioms: [propext, Classical.choice, Lean.ofReduceBool, Quot.sound]
'HMT.II.CKM.Selected.radian_intervals' depends on axioms: [propext, Classical.choice, Lean.ofReduceBool, Quot.sound]
'HMT.II.CKM.Selected.radians' depends on axioms: [propext, Classical.choice, Quot.sound]
'HMT.II.CKM.Selected.radians_chamber' depends on axioms: [propext, Classical.choice, Quot.sound]
'HMT.II.CKM.Selected.same_selected_action_coordinates' depends on axioms: [propext, Classical.choice, Quot.sound]
'HMT.II.CKM.Selected.sector_evaluation' depends on axioms: [propext, Classical.choice, Quot.sound]
'HMT.II.CKM.Selected.selected_ckm_principal_chain' depends on axioms: [propext,
 Classical.choice,
 Lean.ofReduceBool,
 Quot.sound]
'HMT.II.CKM.Selected.spectralSeparation' depends on axioms: [propext, Classical.choice, Quot.sound]
'HMT.II.CKM.Selected.torsion' depends on axioms: [propext, Classical.choice, Quot.sound]
'HMT.II.CKM.Selected.torsionDegrees' depends on axioms: [propext, Classical.choice, Quot.sound]
'HMT.II.CKM.Selected.torsion_positive' depends on axioms: [propext, Classical.choice, Quot.sound]
'HMT.II.CKM.Selected.torsion_upper' depends on axioms: [propext, Classical.choice, Quot.sound]
'HMT.II.CKM.Selected.transportedMass' depends on axioms: [propext, Classical.choice, Quot.sound]
'HMT.II.CKMFromSharedBase.angular_input_bounds' depends on axioms: [propext,
 Classical.choice,
 Lean.ofReduceBool,
 Quot.sound]
'HMT.II.CKMFromSharedBase.commutator_determinant' depends on axioms: [propext, Classical.choice, Quot.sound]
'HMT.II.CKMFromSharedBase.commutator_nonzero' depends on axioms: [propext,
 Classical.choice,
 Lean.ofReduceBool,
 Quot.sound]
'HMT.II.CKMFromSharedBase.coordinate_recovery' depends on axioms: [propext, Classical.choice, Quot.sound]
'HMT.II.CKMFromSharedBase.coordinate_sources' depends on axioms: [propext, Classical.choice, Quot.sound]
'HMT.II.CKMFromSharedBase.coordinates' depends on axioms: [propext, Classical.choice, Quot.sound]
'HMT.II.CKMFromSharedBase.generated_pi_conversion' depends on axioms: [propext, Classical.choice, Quot.sound]
'HMT.II.CKMFromSharedBase.incidence_evaluation' depends on axioms: [propext, Classical.choice, Quot.sound]
'HMT.II.CKMFromSharedBase.jarlskog_formula' depends on axioms: [propext, Classical.choice, Quot.sound]
'HMT.II.CKMFromSharedBase.jarlskog_positive' depends on axioms: [propext,
 Classical.choice,
 Lean.ofReduceBool,
 Quot.sound]
'HMT.II.CKMFromSharedBase.mass_transport' depends on axioms: [propext, Classical.choice, Quot.sound]
'HMT.II.CKMFromSharedBase.matrix' depends on axioms: [propext, Classical.choice, Quot.sound]
'HMT.II.CKMFromSharedBase.mixingDegrees' depends on axioms: [propext, Classical.choice, Quot.sound]
'HMT.II.CKMFromSharedBase.mixingRadians' depends on axioms: [propext, Classical.choice, Quot.sound]
'HMT.II.CKMFromSharedBase.mixing_degrees_formula' depends on axioms: [propext, Classical.choice, Quot.sound]
'HMT.II.CKMFromSharedBase.mixing_intervals' depends on axioms: [propext,
 Classical.choice,
 Lean.ofReduceBool,
 Quot.sound]
'HMT.II.CKMFromSharedBase.no_real_rephasing' depends on axioms: [propext,
 Classical.choice,
 Lean.ofReduceBool,
 Quot.sound]
'HMT.II.CKMFromSharedBase.phaseDegrees' depends on axioms: [propext, Classical.choice, Quot.sound]
'HMT.II.CKMFromSharedBase.phaseRadians' depends on axioms: [propext, Classical.choice, Quot.sound]
'HMT.II.CKMFromSharedBase.phase_check' depends on axioms: [propext, Classical.choice, Quot.sound]
'HMT.II.CKMFromSharedBase.phase_interval' depends on axioms: [propext, Classical.choice, Lean.ofReduceBool, Quot.sound]
'HMT.II.CKMFromSharedBase.principal_ckm_publication' depends on axioms: [propext,
 Classical.choice,
 Lean.ofReduceBool,
 Quot.sound]
'HMT.II.CKMFromSharedBase.radian_intervals' depends on axioms: [propext,
 Classical.choice,
 Lean.ofReduceBool,
 Quot.sound]
'HMT.II.CKMFromSharedBase.sector_evaluation' depends on axioms: [propext, Classical.choice, Quot.sound]
'HMT.II.CKMFromSharedBase.spectralSeparation' depends on axioms: [propext, Classical.choice, Quot.sound]
'HMT.II.CKMFromSharedBase.torsionDegrees' depends on axioms: [propext, Classical.choice, Quot.sound]
'HMT.II.CKMFromSharedBase.transportedMass' depends on axioms: [propext, Classical.choice, Quot.sound]
'HMT.II.CKMFromSharedBase.unitary' depends on axioms: [propext, Classical.choice, Quot.sound]
'HMT.II.FromSharedBase.action_angle_covariance' depends on axioms: [propext, Classical.choice, Quot.sound]
'HMT.II.FromSharedBase.alpha_uses_shared_register' depends on axioms: [propext, Classical.choice, Quot.sound]
'HMT.II.FromSharedBase.angleDegrees' depends on axioms: [propext, Classical.choice, Quot.sound]
'HMT.II.FromSharedBase.angleRadians' depends on axioms: [propext, Classical.choice, Quot.sound]
'HMT.II.FromSharedBase.angles' depends on axioms: [propext, Classical.choice, Lean.ofReduceBool, Quot.sound]
'HMT.II.FromSharedBase.angular_recovery' depends on axioms: [propext, Classical.choice, Lean.ofReduceBool, Quot.sound]
'HMT.II.FromSharedBase.barberoValue' depends on axioms: [propext, Classical.choice, Lean.ofReduceBool, Quot.sound]
'HMT.II.FromSharedBase.barbero_angular_formula' depends on axioms: [propext,
 Classical.choice,
 Lean.ofReduceBool,
 Quot.sound]
'HMT.II.FromSharedBase.barbero_constitutive_factorization' depends on axioms: [propext,
 Classical.choice,
 Lean.ofReduceBool,
 Quot.sound]
'HMT.II.FromSharedBase.barbero_degree_formula' depends on axioms: [propext,
 Classical.choice,
 Lean.ofReduceBool,
 Quot.sound]
'HMT.II.FromSharedBase.barbero_from_constitutive_response' depends on axioms: [propext,
 Classical.choice,
 Lean.ofReduceBool,
 Quot.sound]
'HMT.II.FromSharedBase.barbero_oriented_trace' depends on axioms: [propext,
 Classical.choice,
 Lean.ofReduceBool,
 Quot.sound]
'HMT.II.FromSharedBase.barbero_reversed_orientation' depends on axioms: [propext,
 Classical.choice,
 Lean.ofReduceBool,
 Quot.sound]
'HMT.II.FromSharedBase.channel_source_formula' depends on axioms: [propext,
 Classical.choice,
 Lean.ofReduceBool,
 Quot.sound]
'HMT.II.FromSharedBase.channels' depends on axioms: [propext, Classical.choice, Lean.ofReduceBool, Quot.sound]
'HMT.II.FromSharedBase.channels_contractive_ordered' depends on axioms: [propext,
 Classical.choice,
 Lean.ofReduceBool,
 Quot.sound]
'HMT.II.FromSharedBase.contraAngleDegrees' depends on axioms: [propext, Classical.choice, Quot.sound]
'HMT.II.FromSharedBase.contraAngleRadians' depends on axioms: [propext, Classical.choice, Quot.sound]
'HMT.II.FromSharedBase.degree_chamber' depends on axioms: [propext, Classical.choice, Lean.ofReduceBool, Quot.sound]
'HMT.II.FromSharedBase.degree_publication' depends on axioms: [propext, Classical.choice, Quot.sound]
'HMT.II.FromSharedBase.degree_radian_conversion' depends on axioms: [propext, Classical.choice, Quot.sound]
'HMT.II.FromSharedBase.degree_recovery' depends on axioms: [propext, Classical.choice, Lean.ofReduceBool, Quot.sound]
'HMT.II.FromSharedBase.pi_is_produced_reader' depends on axioms: [propext, Classical.choice, Quot.sound]
'HMT.II.FromSharedBase.principal_angular_barbero_publication' depends on axioms: [propext,
 Classical.choice,
 Lean.ofReduceBool,
 Quot.sound]
'HMT.II.FromSharedBase.radian_chamber' depends on axioms: [propext, Classical.choice, Lean.ofReduceBool, Quot.sound]
'HMT.III.OrientedMoment.Plane' depends on axioms: [propext, Classical.choice, Quot.sound]
'HMT.III.OrientedMoment.angularPrimitive' depends on axioms: [propext, Classical.choice, Quot.sound]
'HMT.III.OrientedMoment.angularPrimitive_continuousOn' depends on axioms: [propext, Classical.choice, Quot.sound]
'HMT.III.OrientedMoment.angularPrimitive_hasDerivAt' depends on axioms: [propext, Classical.choice, Quot.sound]
'HMT.III.OrientedMoment.angular_change_and_parts' depends on axioms: [propext, Classical.choice, Quot.sound]
'HMT.III.OrientedMoment.angular_moment' depends on axioms: [propext, Classical.choice, Quot.sound]
'HMT.III.OrientedMoment.arctan_pell' depends on axioms: [propext, Classical.choice, Quot.sound]
'HMT.III.OrientedMoment.atanKernel_ae' depends on axioms: [propext, Classical.choice, Quot.sound]
'HMT.III.OrientedMoment.atanKernel_intervalIntegrable' depends on axioms: [propext, Classical.choice, Quot.sound]
'HMT.III.OrientedMoment.catalan' depends on axioms: [propext, Classical.choice, Quot.sound]
'HMT.III.OrientedMoment.catalan_integral' depends on axioms: [propext, Classical.choice, Quot.sound]
'HMT.III.OrientedMoment.catalan_log_tangent' depends on axioms: [propext, Classical.choice, Quot.sound]
'HMT.III.OrientedMoment.catalan_pell_complete' depends on axioms: [propext, Classical.choice, Quot.sound]
'HMT.III.OrientedMoment.catalan_pell_value' depends on axioms: [propext, Classical.choice, Quot.sound]
'HMT.III.OrientedMoment.catalan_series' depends on axioms: [propext, Classical.choice, Quot.sound]
'HMT.III.OrientedMoment.constitutive_relation' depends on axioms: [propext, Classical.choice, Quot.sound]
'HMT.III.OrientedMoment.cos_pos_quarter' depends on axioms: [propext, Classical.choice, Quot.sound]
'HMT.III.OrientedMoment.cos_shift_product' depends on axioms: [propext, Classical.choice, Quot.sound]
'HMT.III.OrientedMoment.cos_triple_product' depends on axioms: [propext, Classical.choice, Quot.sound]
'HMT.III.OrientedMoment.cycle12' depends on axioms: [propext, Classical.choice, Quot.sound]
'HMT.III.OrientedMoment.cycle_intertwines' depends on axioms: [propext, Classical.choice, Quot.sound]
'HMT.III.OrientedMoment.derivativeMajorant_summable' depends on axioms: [propext, Classical.choice, Quot.sound]
'HMT.III.OrientedMoment.derivativeSeries_summable' depends on axioms: [propext, Classical.choice, Quot.sound]
'HMT.III.OrientedMoment.derivativeSeries_uniform' depends on axioms: [propext, Classical.choice, Quot.sound]
'HMT.III.OrientedMoment.derivativeTerm' depends on axioms: [propext, Classical.choice, Quot.sound]
'HMT.III.OrientedMoment.derivativeTerm_bound' depends on axioms: [propext, Classical.choice, Quot.sound]
'HMT.III.OrientedMoment.derivativeTerm_norm' depends on axioms: [propext, Classical.choice, Quot.sound]
'HMT.III.OrientedMoment.euler' depends on axioms: [propext, Classical.choice, Quot.sound]
'HMT.III.OrientedMoment.euler_moment' depends on axioms: [propext, Classical.choice, Quot.sound]
'HMT.III.OrientedMoment.euler_moment_eventually' depends on axioms: [propext, Classical.choice, Quot.sound]
'HMT.III.OrientedMoment.euler_moment_hasDerivAt' depends on axioms: [propext, Classical.choice, Quot.sound]
'HMT.III.OrientedMoment.euler_origin_limit' depends on axioms: [propext, Classical.choice, Quot.sound]
'HMT.III.OrientedMoment.euler_pell' depends on axioms: [propext, Classical.choice, Quot.sound]
'HMT.III.OrientedMoment.euler_right_origin_limit' depends on axioms: [propext, Classical.choice, Quot.sound]
'HMT.III.OrientedMoment.existing_response_relation' depends on axioms: [propext, Classical.choice, Quot.sound]
'HMT.III.OrientedMoment.kernel' depends on axioms: [propext, Classical.choice, Quot.sound]
'HMT.III.OrientedMoment.kernel_pell' depends on axioms: [propext, Classical.choice, Quot.sound]
'HMT.III.OrientedMoment.logTan' depends on axioms: [propext, Classical.choice, Quot.sound]
'HMT.III.OrientedMoment.logTan_integrable' depends on axioms: [propext, Classical.choice, Quot.sound]
'HMT.III.OrientedMoment.logTan_integral_tripling' depends on axioms: [propext, Classical.choice, Quot.sound]
'HMT.III.OrientedMoment.logTan_pell_ratio' depends on axioms: [propext, Classical.choice, Quot.sound]
'HMT.III.OrientedMoment.logTan_reflection' depends on axioms: [propext, Classical.choice, Quot.sound]
'HMT.III.OrientedMoment.logTan_shift_minus_integrable' depends on axioms: [propext, Classical.choice, Quot.sound]
'HMT.III.OrientedMoment.logTan_shift_plus_integrable' depends on axioms: [propext, Classical.choice, Quot.sound]
'HMT.III.OrientedMoment.logTan_triple' depends on axioms: [propext, Classical.choice, Quot.sound]
'HMT.III.OrientedMoment.log_pell_reciprocal' depends on axioms: [propext, Classical.choice, Quot.sound]
'HMT.III.OrientedMoment.log_tan_intervalIntegrable' depends on axioms: [propext, Classical.choice, Quot.sound]
'HMT.III.OrientedMoment.majorant' depends on axioms: [propext, Classical.choice, Quot.sound]
'HMT.III.OrientedMoment.majorant_summable' depends on axioms: [propext, Classical.choice, Quot.sound]
'HMT.III.OrientedMoment.moment' depends on axioms: [propext, Classical.choice, Quot.sound]
'HMT.III.OrientedMoment.moment_absolute' depends on axioms: [propext, Classical.choice, Quot.sound]
'HMT.III.OrientedMoment.moment_continuousOn' depends on axioms: [propext, Classical.choice, Quot.sound]
'HMT.III.OrientedMoment.moment_endpoint_limit' depends on axioms: [propext, Classical.choice, Quot.sound]
'HMT.III.OrientedMoment.moment_hasDerivAt' depends on axioms: [propext, Classical.choice, Quot.sound]
'HMT.III.OrientedMoment.moment_hasDerivAt_quotient' depends on axioms: [propext, Classical.choice, Quot.sound]
'HMT.III.OrientedMoment.moment_integral' depends on axioms: [propext, Classical.choice, Quot.sound]
'HMT.III.OrientedMoment.moment_regularIntegral' depends on axioms: [propext, Classical.choice, Quot.sound]
'HMT.III.OrientedMoment.moment_summable' depends on axioms: [propext, Classical.choice, Quot.sound]
'HMT.III.OrientedMoment.moment_tan_continuousOn' depends on axioms: [propext, Classical.choice, Quot.sound]
'HMT.III.OrientedMoment.moment_tan_hasDerivAt' depends on axioms: [propext, Classical.choice, Quot.sound]
'HMT.III.OrientedMoment.moment_uniform' depends on axioms: [propext, Classical.choice, Quot.sound]
'HMT.III.OrientedMoment.moment_zero' depends on axioms: [propext, Classical.choice, Quot.sound]
'HMT.III.OrientedMoment.mul_log_tan_continuousAt_zero' depends on axioms: [propext, Classical.choice, Quot.sound]
'HMT.III.OrientedMoment.mul_log_tan_factor' depends on axioms: [propext, Classical.choice, Quot.sound]
'HMT.III.OrientedMoment.mul_log_tan_origin_limit' depends on axioms: [propext, Classical.choice, Quot.sound]
'HMT.III.OrientedMoment.mul_log_tan_quarter_continuous' depends on axioms: [propext, Classical.choice, Quot.sound]
'HMT.III.OrientedMoment.normalizedEmbed' depends on axioms: [propext, Classical.choice, Quot.sound]
'HMT.III.OrientedMoment.normalizedEmbed_inner' depends on axioms: [propext, Classical.choice, Quot.sound]
'HMT.III.OrientedMoment.normalized_cycle_intertwines' depends on axioms: [propext, Classical.choice, Quot.sound]
'HMT.III.OrientedMoment.normalized_oriented_coefficient' depends on axioms: [propext, Classical.choice, Quot.sound]
'HMT.III.OrientedMoment.normalized_reverse_coefficient' depends on axioms: [propext, Classical.choice, Quot.sound]
'HMT.III.OrientedMoment.oriented_coefficient' depends on axioms: [propext, Classical.choice, Quot.sound]
'HMT.III.OrientedMoment.pellLambda' depends on axioms: [propext, Classical.choice, Quot.sound]
'HMT.III.OrientedMoment.pellLambda_pos' depends on axioms: [propext, Classical.choice, Quot.sound]
'HMT.III.OrientedMoment.pellRho' depends on axioms: [propext, Classical.choice, Quot.sound]
'HMT.III.OrientedMoment.pellRho_lt_one' depends on axioms: [propext, Classical.choice, Quot.sound]
'HMT.III.OrientedMoment.pellRho_pos' depends on axioms: [propext, Classical.choice, Quot.sound]
'HMT.III.OrientedMoment.pell_log_tangent' depends on axioms: [propext, Classical.choice, Quot.sound]
'HMT.III.OrientedMoment.pell_moment_integral' depends on axioms: [propext, Classical.choice, Quot.sound]
'HMT.III.OrientedMoment.pell_norm' depends on axioms: [propext, Classical.choice, Quot.sound]
'HMT.III.OrientedMoment.pell_reciprocal' depends on axioms: [propext, Classical.choice, Quot.sound]
'HMT.III.OrientedMoment.pell_sum_reciprocal' depends on axioms: [propext, Classical.choice, Quot.sound]
'HMT.III.OrientedMoment.pencilMatrix' depends on axioms: [propext, Classical.choice, Quot.sound]
'HMT.III.OrientedMoment.pencil_determinant' depends on axioms: [propext, Classical.choice, Quot.sound]
'HMT.III.OrientedMoment.quarter' depends on axioms: [propext, Classical.choice, Quot.sound]
'HMT.III.OrientedMoment.quarter_apply' depends on axioms: [propext, Classical.choice, Quot.sound]
'HMT.III.OrientedMoment.quarter_even_iterate' depends on axioms: [propext, Classical.choice, Quot.sound]
'HMT.III.OrientedMoment.quarter_four' depends on axioms: [propext, Classical.choice, Quot.sound]
'HMT.III.OrientedMoment.quarter_odd_character' depends on axioms: [propext, Classical.choice, Quot.sound]
'HMT.III.OrientedMoment.quarter_odd_iterate' depends on axioms: [propext, Classical.choice, Quot.sound]
'HMT.III.OrientedMoment.quarter_sq' depends on axioms: [propext, Classical.choice, Quot.sound]
'HMT.III.OrientedMoment.regularAtanKernel' depends on axioms: [propext, Classical.choice, Quot.sound]
'HMT.III.OrientedMoment.regularAtanKernel_continuous' depends on axioms: [propext, Classical.choice, Quot.sound]
'HMT.III.OrientedMoment.regularAtanKernel_eq' depends on axioms: [propext, Classical.choice, Quot.sound]
'HMT.III.OrientedMoment.regularAtanKernel_zero' depends on axioms: [propext, Classical.choice, Quot.sound]
'HMT.III.OrientedMoment.resolvent' depends on axioms: [propext, Classical.choice, Quot.sound]
'HMT.III.OrientedMoment.resolvent_formula' depends on axioms: [propext, Classical.choice, Quot.sound]
'HMT.III.OrientedMoment.resolvent_left' depends on axioms: [propext, Classical.choice, Quot.sound]
'HMT.III.OrientedMoment.resolvent_right' depends on axioms: [propext, Classical.choice, Quot.sound]
'HMT.III.OrientedMoment.reversed_coefficient' depends on axioms: [propext, Classical.choice, Quot.sound]
'HMT.III.OrientedMoment.reversed_determinant' depends on axioms: [propext, Classical.choice, Quot.sound]
'HMT.III.OrientedMoment.second_euler_moment' depends on axioms: [propext, Classical.choice, Quot.sound]
'HMT.III.OrientedMoment.second_euler_pell' depends on axioms: [propext, Classical.choice, Quot.sound]
'HMT.III.OrientedMoment.sin_shift_product' depends on axioms: [propext, Classical.choice, Quot.sound]
'HMT.III.OrientedMoment.sin_triple_product' depends on axioms: [propext, Classical.choice, Quot.sound]
'HMT.III.OrientedMoment.sqrt_three_sq' depends on axioms: [propext, Classical.choice, Quot.sound]
'HMT.III.OrientedMoment.tan_dslope_zero' depends on axioms: [propext, Classical.choice, Quot.sound]
'HMT.III.OrientedMoment.tan_pi_twelfth' depends on axioms: [propext, Classical.choice, Quot.sound]
'HMT.III.OrientedMoment.tan_quarter_bounds' depends on axioms: [propext, Classical.choice, Quot.sound]
'HMT.III.OrientedMoment.tan_quarter_continuous' depends on axioms: [propext, Classical.choice, Quot.sound]
'HMT.III.OrientedMoment.tan_quarter_interior' depends on axioms: [propext, Classical.choice, Quot.sound]
'HMT.III.OrientedMoment.tangent_triple_product' depends on axioms: [propext, Classical.choice, Quot.sound]
'HMT.III.OrientedMoment.term' depends on axioms: [propext, Classical.choice, Quot.sound]
'HMT.III.OrientedMoment.term_bound' depends on axioms: [propext, Classical.choice, Quot.sound]
'HMT.III.OrientedMoment.term_from_character' depends on axioms: [propext, Classical.choice, Quot.sound]
'HMT.III.OrientedMoment.term_hasDerivAt' depends on axioms: [propext, Classical.choice, Quot.sound]
'HMT.III.OrientedMoment.term_norm' depends on axioms: [propext, Classical.choice, Quot.sound]
'HMT.III.OrientedMoment.twelveEmbed' depends on axioms: [propext, Classical.choice, Quot.sound]
'HMT.III.OrientedMoment.twelveEmbed_injective' depends on axioms: [propext, Classical.choice, Quot.sound]
'HMT.III.OrientedMoment.twelveEmbed_inner' depends on axioms: [propext, Classical.choice, Quot.sound]
'HMT.III.OrientedMoment.weighted_derivativeSeries' depends on axioms: [propext, Classical.choice, Quot.sound]
'HMT.SelectedAngularBarbero.selected_action_incidence_functional' depends on axioms: [propext,
 Classical.choice,
 Lean.ofReduceBool,
 Quot.sound]
'HMT.SelectedAngularBarbero.selected_angular_coordinates' depends on axioms: [propext,
 Classical.choice,
 Lean.ofReduceBool,
 Quot.sound]
'HMT.SelectedAngularBarbero.selected_angular_functional' depends on axioms: [propext,
 Classical.choice,
 Lean.ofReduceBool,
 Quot.sound]
'HMT.SelectedAngularBarbero.selected_arithmetic_formula' depends on axioms: [propext,
 Classical.choice,
 Lean.ofReduceBool,
 Quot.sound]
'HMT.SelectedAngularBarbero.selected_channels_formula' depends on axioms: [propext,
 Classical.choice,
 Lean.ofReduceBool,
 Quot.sound]
'HMT.SelectedAngularBarbero.selected_constitutive_recovery' depends on axioms: [propext,
 Classical.choice,
 Lean.ofReduceBool,
 Quot.sound]
'HMT.SelectedAngularBarbero.selected_nonadic_recovery' depends on axioms: [propext,
 Classical.choice,
 Lean.ofReduceBool,
 Quot.sound]
'HMT.SelectedAngularBarbero.value' depends on axioms: [propext, Classical.choice, Lean.ofReduceBool, Quot.sound]
'HMT.SelectedJointCoupling.selected_angular_coordinate_identity' depends on axioms: [propext,
 Classical.choice,
 Lean.ofReduceBool,
 Quot.sound]
'HMT.SelectedJointCoupling.selected_barbero_ckm_functional' depends on axioms: [propext,
 Classical.choice,
 Lean.ofReduceBool,
 Quot.sound]
'HMT.SelectedJointCoupling.selected_joint_coupling' depends on axioms: [propext,
 Classical.choice,
 Lean.ofReduceBool,
 Quot.sound]
'HMT.Shared.ArticleIII.CatalanPell.orientedCoefficient' depends on axioms: [propext, Classical.choice, Quot.sound]
'HMT.Shared.ArticleIII.CatalanPell.pell_complete_in_constructed_pi' depends on axioms: [propext,
 Classical.choice,
 Quot.sound]
'HMT.Shared.ArticleIII.CatalanPell.pell_integral_evaluation' depends on axioms: [propext, Classical.choice, Quot.sound]
'HMT.Shared.ArticleIII.CatalanPell.responseWeight' depends on axioms: [propext, Classical.choice, Quot.sound]
'HMT.Shared.ArticleIII.CatalanPell.sMinus' depends on axioms: [propext, Classical.choice, Lean.ofReduceBool, Quot.sound]
'HMT.Shared.ArticleIII.CatalanPell.sPlus' depends on axioms: [propext, Classical.choice, Lean.ofReduceBool, Quot.sound]
'HMT.Shared.ArticleIII.CatalanPell.selected_arguments_mem' depends on axioms: [propext,
 Classical.choice,
 Lean.ofReduceBool,
 Quot.sound]
'HMT.Shared.ArticleIII.CatalanPell.selected_moment_integrals' depends on axioms: [propext,
 Classical.choice,
 Lean.ofReduceBool,
 Quot.sound]
'HMT.Shared.ArticleIII.CatalanPell.selected_response_arguments' depends on axioms: [propext,
 Classical.choice,
 Lean.ofReduceBool,
 Quot.sound]
'HMT.Shared.ArticleIII.CatalanPell.selected_response_from_moment' depends on axioms: [propext,
 Classical.choice,
 Lean.ofReduceBool,
 Quot.sound]
'HMT.Shared.ArticleIII.CatalanPell.selected_response_from_resolvent' depends on axioms: [propext,
 Classical.choice,
 Lean.ofReduceBool,
 Quot.sound]
'HMT.Shared.ArticleIII.CatalanPell.selected_second_euler_coefficients' depends on axioms: [propext,
 Classical.choice,
 Lean.ofReduceBool,
 Quot.sound]
'HMT.Shared.ArticleIII.CatalanPell.selected_series_from_character' depends on axioms: [propext,
 Classical.choice,
 Lean.ofReduceBool,
 Quot.sound]
'HMT.Shared.ArticleIII.CatalanPell.shared_catalan_pell_publication' depends on axioms: [propext,
 Classical.choice,
 Lean.ofReduceBool,
 Quot.sound]
'HMT.Shared.ArticleIII.Dimensional.PosUnitSections' depends on axioms: [propext, Classical.choice, Quot.sound]
'HMT.Shared.ArticleIII.Dimensional.PosUnitSections.action_ne_zero' depends on axioms: [propext,
 Classical.choice,
 Quot.sound]
'HMT.Shared.ArticleIII.Dimensional.PosUnitSections.charge_ne_zero' depends on axioms: [propext,
 Classical.choice,
 Quot.sound]
'HMT.Shared.ArticleIII.Dimensional.PosUnitSections.rescale' depends on axioms: [propext, Classical.choice, Quot.sound]
'HMT.Shared.ArticleIII.Dimensional.PosUnitSections.velocity_ne_zero' depends on axioms: [propext,
 Classical.choice,
 Quot.sound]
'HMT.Shared.ArticleIII.Dimensional.Reading' depends on axioms: [propext, Classical.choice, Quot.sound]
'HMT.Shared.ArticleIII.Dimensional.Reading.Constitutive' depends on axioms: [propext, Classical.choice, Quot.sound]
'HMT.Shared.ArticleIII.Dimensional.Reading.Positive' depends on axioms: [propext, Classical.choice, Quot.sound]
'HMT.Shared.ArticleIII.Dimensional.dimensional_after_normalized' depends on axioms: [propext,
 Classical.choice,
 Quot.sound]
'HMT.Shared.ArticleIII.Dimensional.dimensional_covariance' depends on axioms: [propext, Classical.choice, Quot.sound]
'HMT.Shared.ArticleIII.Dimensional.normalized' depends on axioms: [propext,
 Classical.choice,
 Lean.ofReduceBool,
 Quot.sound]
'HMT.Shared.ArticleIII.Dimensional.normalized_after_dimensional' depends on axioms: [propext,
 Classical.choice,
 Quot.sound]
'HMT.Shared.ArticleIII.Dimensional.normalized_constitutive' depends on axioms: [propext,
 Classical.choice,
 Lean.ofReduceBool,
 Quot.sound]
'HMT.Shared.ArticleIII.Dimensional.normalized_positive' depends on axioms: [propext,
 Classical.choice,
 Lean.ofReduceBool,
 Quot.sound]
'HMT.Shared.ArticleIII.Dimensional.rechart' depends on axioms: [propext, Classical.choice, Quot.sound]
'HMT.Shared.ArticleIII.Dimensional.rechart_reversible' depends on axioms: [propext, Classical.choice, Quot.sound]
'HMT.Shared.ArticleIII.Dimensional.rechart_selected' depends on axioms: [propext,
 Classical.choice,
 Lean.ofReduceBool,
 Quot.sound]
'HMT.Shared.ArticleIII.Dimensional.selected' depends on axioms: [propext,
 Classical.choice,
 Lean.ofReduceBool,
 Quot.sound]
'HMT.Shared.ArticleIII.Dimensional.selected_chart_recovery' depends on axioms: [propext,
 Classical.choice,
 Lean.ofReduceBool,
 Quot.sound]
'HMT.Shared.ArticleIII.Dimensional.selected_constitutive' depends on axioms: [propext,
 Classical.choice,
 Lean.ofReduceBool,
 Quot.sound]
'HMT.Shared.ArticleIII.Dimensional.selected_dimensional_publication' depends on axioms: [propext,
 Classical.choice,
 Lean.ofReduceBool,
 Quot.sound]
'HMT.Shared.ArticleIII.Dimensional.selected_positive' depends on axioms: [propext,
 Classical.choice,
 Lean.ofReduceBool,
 Quot.sound]
'HMT.Shared.ArticleIII.Dimensional.toDimensional' depends on axioms: [propext, Classical.choice, Quot.sound]
'HMT.Shared.ArticleIII.Dimensional.toDimensional_constitutive' depends on axioms: [propext,
 Classical.choice,
 Quot.sound]
'HMT.Shared.ArticleIII.Dimensional.toDimensional_positive' depends on axioms: [propext, Classical.choice, Quot.sound]
'HMT.Shared.ArticleIII.Dimensional.toNormalized' depends on axioms: [propext, Classical.choice, Quot.sound]
'HMT.Shared.ArticleIII.Dimensional.toNormalized_positive' depends on axioms: [propext, Classical.choice, Quot.sound]
'HMT.Shared.ArticleIII.alpha_uses_shared_register' depends on axioms: [propext, Classical.choice, Quot.sound]
'HMT.Shared.ArticleIII.angle_order' depends on axioms: [propext, Classical.choice, Lean.ofReduceBool, Quot.sound]
'HMT.Shared.ArticleIII.angles' depends on axioms: [propext, Classical.choice, Lean.ofReduceBool, Quot.sound]
'HMT.Shared.ArticleIII.angles_from_selected_constants' depends on axioms: [propext,
 Classical.choice,
 Lean.ofReduceBool,
 Quot.sound]
'HMT.Shared.ArticleIII.channels' depends on axioms: [propext, Classical.choice, Lean.ofReduceBool, Quot.sound]
'HMT.Shared.ArticleIII.channels_from_selected_constants' depends on axioms: [propext,
 Classical.choice,
 Lean.ofReduceBool,
 Quot.sound]
'HMT.Shared.ArticleIII.constitutiveOperator' depends on axioms: [propext,
 Classical.choice,
 Lean.ofReduceBool,
 Quot.sound]
'HMT.Shared.ArticleIII.constitutive_identities' depends on axioms: [propext,
 Classical.choice,
 Lean.ofReduceBool,
 Quot.sound]
'HMT.Shared.ArticleIII.constitutive_recovers_action_shape' depends on axioms: [propext,
 Classical.choice,
 Lean.ofReduceBool,
 Quot.sound]
'HMT.Shared.ArticleIII.constructed_pi_recognition' depends on axioms: [propext, Classical.choice, Quot.sound]
'HMT.Shared.ArticleIII.coordinates_from_response' depends on axioms: [propext,
 Classical.choice,
 Lean.ofReduceBool,
 Quot.sound]
'HMT.Shared.ArticleIII.coordinates_positive' depends on axioms: [propext,
 Classical.choice,
 Lean.ofReduceBool,
 Quot.sound]
'HMT.Shared.ArticleIII.cubic_roots_exist_unique' depends on axioms: [propext,
 Classical.choice,
 Lean.ofReduceBool,
 Quot.sound]
'HMT.Shared.ArticleIII.epsilon' depends on axioms: [propext, Classical.choice, Lean.ofReduceBool, Quot.sound]
'HMT.Shared.ArticleIII.gamma' depends on axioms: [propext, Classical.choice, Lean.ofReduceBool, Quot.sound]
'HMT.Shared.ArticleIII.gamma_at_every_refinement' depends on axioms: [propext,
 Classical.choice,
 Lean.ofReduceBool,
 Quot.sound]
'HMT.Shared.ArticleIII.gamma_from_constitutive_readings' depends on axioms: [propext,
 Classical.choice,
 Lean.ofReduceBool,
 Quot.sound]
'HMT.Shared.ArticleIII.gamma_from_selected_angles' depends on axioms: [propext,
 Classical.choice,
 Lean.ofReduceBool,
 Quot.sound]
'HMT.Shared.ArticleIII.impedance' depends on axioms: [propext, Classical.choice, Lean.ofReduceBool, Quot.sound]
'HMT.Shared.ArticleIII.inverse_readings' depends on axioms: [propext, Classical.choice, Lean.ofReduceBool, Quot.sound]
'HMT.Shared.ArticleIII.inverse_recovers_channels' depends on axioms: [propext,
 Classical.choice,
 Lean.ofReduceBool,
 Quot.sound]
'HMT.Shared.ArticleIII.inverse_recovers_selected_degrees' depends on axioms: [propext,
 Classical.choice,
 Lean.ofReduceBool,
 Quot.sound]
'HMT.Shared.ArticleIII.kinetic_speed_is_constitutive' depends on axioms: [propext,
 Classical.choice,
 Lean.ofReduceBool,
 Quot.sound]
'HMT.Shared.ArticleIII.mu' depends on axioms: [propext, Classical.choice, Lean.ofReduceBool, Quot.sound]
'HMT.Shared.ArticleIII.operator_completion_unique' depends on axioms: [propext,
 Classical.choice,
 Lean.ofReduceBool,
 Quot.sound]
'HMT.Shared.ArticleIII.operator_positive' depends on axioms: [propext, Classical.choice, Lean.ofReduceBool, Quot.sound]
'HMT.Shared.ArticleIII.oriented_exchange' depends on axioms: [propext, Classical.choice, Lean.ofReduceBool, Quot.sound]
'HMT.Shared.ArticleIII.positive_coordinates_exist_unique' depends on axioms: [propext,
 Classical.choice,
 Lean.ofReduceBool,
 Quot.sound]
'HMT.Shared.ArticleIII.response_from_channels' depends on axioms: [propext,
 Classical.choice,
 Lean.ofReduceBool,
 Quot.sound]
'HMT.Shared.ArticleIII.response_order' depends on axioms: [propext, Classical.choice, Lean.ofReduceBool, Quot.sound]
'HMT.Shared.ArticleIII.shared_constitutive_publication' depends on axioms: [propext,
 Classical.choice,
 Lean.ofReduceBool,
 Quot.sound]
'HMT.Shared.ArticleIII.speed' depends on axioms: [propext, Classical.choice, Lean.ofReduceBool, Quot.sound]
'HMT.Shared.ArticleIII.speed_at_every_refinement' depends on axioms: [propext,
 Classical.choice,
 Lean.ofReduceBool,
 Quot.sound]
'HMT.Shared.ArticleIII.vacuum' depends on axioms: [propext, Classical.choice, Lean.ofReduceBool, Quot.sound]
'HMT.Shared.ArticleIIIII.barbero_recovered_from_shared_vacuum' depends on axioms: [propext,
 Classical.choice,
 Lean.ofReduceBool,
 Quot.sound]
'HMT.Shared.ArticleIIIII.same_angular_chamber' depends on axioms: [propext,
 Classical.choice,
 Lean.ofReduceBool,
 Quot.sound]
'HMT.Shared.ArticleIIIII.same_barbero_functional' depends on axioms: [propext,
 Classical.choice,
 Lean.ofReduceBool,
 Quot.sound]
'HMT.Shared.ArticleIIIII.same_oriented_channels' depends on axioms: [propext,
 Classical.choice,
 Lean.ofReduceBool,
 Quot.sound]
