'HMT.IV.LatticeHalfIntegerField.ramifiedExponent' does not depend on any axioms
'HMT.IV.LatticeHalfIntegerField.ramifiedExponent_frequency' depends on axioms: [propext, Classical.choice, Quot.sound]
'HMT.IV.LatticeHalfIntegerField.halfFieldCoefficient' depends on axioms: [propext, Classical.choice, Quot.sound]
'HMT.IV.LatticeHalfIntegerField.halfFieldCoefficient_mode' depends on axioms: [propext, Classical.choice, Quot.sound]
'HMT.IV.LatticeHalfIntegerField.halfFieldCoefficient_even' depends on axioms: [propext, Classical.choice, Quot.sound]
'HMT.IV.LatticeHalfIntegerField.halfFieldCoefficient_bounded_pole' depends on axioms: [propext,
 Classical.choice,
 Quot.sound]
'HMT.IV.LatticeHalfIntegerField.halfHeisenbergField' depends on axioms: [propext, Classical.choice, Quot.sound]
'HMT.IV.LatticeHalfIntegerField.halfHeisenbergField_coefficient' depends on axioms: [propext,
 Classical.choice,
 Quot.sound]
'HMT.IV.LatticeHalfIntegerField.halfHeisenbergField_mode' depends on axioms: [propext, Classical.choice, Quot.sound]
'HMT.IV.LatticeHalfIntegerField.halfHeisenbergField_even_coefficient' depends on axioms: [propext,
 Classical.choice,
 Quot.sound]
'HMT.IV.LatticeHalfIntegerField.halfHeisenbergField_vacuum_annihilation' depends on axioms: [propext,
 Classical.choice,
 Quot.sound]
'HMT.IV.LatticeHalfIntegerField.halfHeisenbergField_vacuum_creation' depends on axioms: [propext,
 Classical.choice,
 Quot.sound]
'HMT.IV.LatticeHalfIntegerField.halfHeisenbergField_mode_relation' depends on axioms: [propext,
 Classical.choice,
 Quot.sound]
