'HMT.IV.LatticeHalfConformalHeisenberg.product_half_commutator' depends on axioms: [propext,
 Classical.choice,
 Quot.sound]
'HMT.IV.LatticeHalfConformalHeisenberg.creation_half_delta' depends on axioms: [propext, Classical.choice, Quot.sound]
'HMT.IV.LatticeHalfConformalHeisenberg.annihilation_half_delta' depends on axioms: [propext,
 Classical.choice,
 Quot.sound]
'HMT.IV.LatticeHalfConformalHeisenberg.halfNormalMode_commutator' depends on axioms: [propext,
 Classical.choice,
 Quot.sound]
'HMT.IV.LatticeHalfConformalHeisenberg.gram_contract_half' depends on axioms: [propext, Classical.choice, Quot.sound]
'HMT.IV.LatticeHalfConformalHeisenberg.gram_contract_half_swapped' depends on axioms: [propext,
 Classical.choice,
 Quot.sound]
'HMT.IV.LatticeHalfConformalHeisenberg.quadraticMode_half_commutator_apply' depends on axioms: [propext,
 Classical.choice,
 Quot.sound]
'HMT.IV.LatticeHalfConformalHeisenberg.quadraticMode_half_commutator' depends on axioms: [propext,
 Classical.choice,
 Quot.sound]
