'HMT.IV.LatticeHalfIntegerHeisenberg.frequency' depends on axioms: [propext, Classical.choice, Quot.sound]
'HMT.IV.LatticeHalfIntegerHeisenberg.opposite' does not depend on any axioms
'HMT.IV.LatticeHalfIntegerHeisenberg.frequency_opposite' depends on axioms: [propext, Classical.choice, Quot.sound]
'HMT.IV.LatticeHalfIntegerHeisenberg.frequency_sum_zero' depends on axioms: [propext, Classical.choice, Quot.sound]
'HMT.IV.LatticeHalfIntegerHeisenberg.frequency_ne_zero' depends on axioms: [propext, Classical.choice, Quot.sound]
'HMT.IV.LatticeHalfIntegerHeisenberg.HalfFock' depends on axioms: [propext, Classical.choice, Quot.sound]
'HMT.IV.LatticeHalfIntegerHeisenberg.annihilationScale' depends on axioms: [propext, Classical.choice, Quot.sound]
'HMT.IV.LatticeHalfIntegerHeisenberg.halfAnnihilate' depends on axioms: [propext, Classical.choice, Quot.sound]
'HMT.IV.LatticeHalfIntegerHeisenberg.annihilationScale_cancel' depends on axioms: [propext,
 Classical.choice,
 Quot.sound]
'HMT.IV.LatticeHalfIntegerHeisenberg.halfAnnihilate_vacuum' depends on axioms: [propext, Classical.choice, Quot.sound]
'HMT.IV.LatticeHalfIntegerHeisenberg.half_mode_ccr_apply' depends on axioms: [propext, Classical.choice, Quot.sound]
'HMT.IV.LatticeHalfIntegerHeisenberg.half_annihilations_commute' depends on axioms: [propext,
 Classical.choice,
 Quot.sound]
'HMT.IV.LatticeHalfIntegerHeisenberg.halfMode' depends on axioms: [propext, Classical.choice, Quot.sound]
'HMT.IV.LatticeHalfIntegerHeisenberg.halfMode_ofNat' depends on axioms: [propext, Classical.choice, Quot.sound]
'HMT.IV.LatticeHalfIntegerHeisenberg.halfMode_negSucc' depends on axioms: [propext, Classical.choice, Quot.sound]
'HMT.IV.LatticeHalfIntegerHeisenberg.half_heisenberg_relation_apply' depends on axioms: [propext,
 Classical.choice,
 Quot.sound]
'HMT.IV.LatticeHalfIntegerHeisenberg.half_heisenberg_relation' depends on axioms: [propext,
 Classical.choice,
 Quot.sound]
'HMT.IV.LatticeHalfIntegerHeisenberg.halfMode_annihilation_bound' depends on axioms: [propext,
 Classical.choice,
 Quot.sound]
