### Compile RegionalSemiopenLimit
'HMT.I.RegionalSemiopenLimit.value_mem' depends on axioms: [propext, Classical.choice, Quot.sound]
'HMT.I.RegionalSemiopenLimit.cylinders_nested' depends on axioms: [propext, Classical.choice, Quot.sound]
'HMT.I.RegionalSemiopenLimit.common_nine_position_selection' depends on axioms: [propext, Classical.choice, Quot.sound]
'HMT.I.RegionalSemiopenLimit.intersection_singleton' depends on axioms: [propext, Classical.choice, Quot.sound]
'HMT.I.RegionalSemiopenLimit.emitted_parent_and_limit' depends on axioms: [propext, Classical.choice, Quot.sound]


### Compile IteratedJointProjection
'HMT.I.IteratedJointProjection.attemptQ_correct' depends on axioms: [propext, Classical.choice, Quot.sound]
'HMT.I.IteratedJointProjection.Q_truncate' depends on axioms: [propext, Classical.choice, Quot.sound]
'HMT.I.IteratedJointProjection.nine_more_preserves_and_extends' depends on axioms: [propext,
 Classical.choice,
 Quot.sound]
'HMT.I.IteratedJointProjection.Q_visible_history' depends on axioms: [propext, Classical.choice, Quot.sound]
'HMT.I.IteratedJointProjection.panel_from_publication' depends on axioms: [propext, Classical.choice, Quot.sound]
'HMT.I.IteratedJointProjection.joint_nine_code_selection' depends on axioms: [propext, Classical.choice, Quot.sound]
'HMT.I.IteratedJointProjection.double_reading_compatible' depends on axioms: [propext, Classical.choice, Quot.sound]


### Compile NonadicJointRenewal
'HMT.I.NonadicJointRenewal.emittedWord_mem' depends on axioms: [propext, Quot.sound]
'HMT.I.NonadicJointRenewal.ninefold_joint_renewal' depends on axioms: [propext, Classical.choice, Quot.sound]
'HMT.I.NonadicJointRenewal.ninefold_full_support' depends on axioms: [propext, Classical.choice, Quot.sound]
'HMT.I.NonadicJointRenewal.renewal_not_point_evaluation' depends on axioms: [propext, Classical.choice, Quot.sound]


### All-declaration transitive-axiom query (stdin only)
'HMT.I.RegionalSemiopenLimit.left' depends on axioms: [propext, Classical.choice, Quot.sound]
'HMT.I.RegionalSemiopenLimit.right' depends on axioms: [propext, Classical.choice, Quot.sound]
'HMT.I.RegionalSemiopenLimit.cylinder' depends on axioms: [propext, Classical.choice, Quot.sound]
'HMT.I.RegionalSemiopenLimit.publication_floor' depends on axioms: [propext, Classical.choice, Quot.sound]
'HMT.I.RegionalSemiopenLimit.value_mem' depends on axioms: [propext, Classical.choice, Quot.sound]
'HMT.I.RegionalSemiopenLimit.positive_width' depends on axioms: [propext, Classical.choice, Quot.sound]
'HMT.I.RegionalSemiopenLimit.next_endpoints_nested' depends on axioms: [propext, Classical.choice, Quot.sound]
'HMT.I.RegionalSemiopenLimit.next_cylinder_subset' depends on axioms: [propext, Classical.choice, Quot.sound]
'HMT.I.RegionalSemiopenLimit.cylinders_nested' depends on axioms: [propext, Classical.choice, Quot.sound]
'HMT.I.RegionalSemiopenLimit.common_nine_position_precision' depends on axioms: [propext, Classical.choice, Quot.sound]
'HMT.I.RegionalSemiopenLimit.common_nine_position_selection' depends on axioms: [propext, Classical.choice, Quot.sound]
'HMT.I.RegionalSemiopenLimit.width_tendsto_zero' depends on axioms: [propext, Classical.choice, Quot.sound]
'HMT.I.RegionalSemiopenLimit.joint_distance_bound' depends on axioms: [propext, Classical.choice, Quot.sound]
'HMT.I.RegionalSemiopenLimit.intersection_singleton' depends on axioms: [propext, Classical.choice, Quot.sound]
'HMT.I.RegionalSemiopenLimit.emitted_parent_and_limit' depends on axioms: [propext, Classical.choice, Quot.sound]
'HMT.I.IteratedJointProjection.word_success' depends on axioms: [propext, Classical.choice, Quot.sound]
'HMT.I.IteratedJointProjection.actualWord' depends on axioms: [propext, Classical.choice, Quot.sound]
'HMT.I.IteratedJointProjection.actualWord_generated' depends on axioms: [propext, Classical.choice, Quot.sound]
'HMT.I.IteratedJointProjection.actualWord_emitted' depends on axioms: [propext, Classical.choice, Quot.sound]
'HMT.I.IteratedJointProjection.initialFrame' does not depend on any axioms
'HMT.I.IteratedJointProjection.gamma' depends on axioms: [propext, Classical.choice, Quot.sound]
'HMT.I.IteratedJointProjection.gamma_eq' depends on axioms: [propext, Classical.choice, Quot.sound]
'HMT.I.IteratedJointProjection.gamma_head' depends on axioms: [propext, Classical.choice, Quot.sound]
'HMT.I.IteratedJointProjection.gamma_tail' depends on axioms: [propext, Classical.choice, Quot.sound]
'HMT.I.IteratedJointProjection.gamma_mem' depends on axioms: [propext, Classical.choice, Quot.sound]
'HMT.I.IteratedJointProjection.recover' depends on axioms: [propext]
'HMT.I.IteratedJointProjection.recover_digit' depends on axioms: [propext, Classical.choice, Quot.sound]
'HMT.I.IteratedJointProjection.actualWord_digit' depends on axioms: [propext, Classical.choice, Quot.sound]
'HMT.I.IteratedJointProjection.recover_actualWord' depends on axioms: [propext, Classical.choice, Quot.sound]
'HMT.I.IteratedJointProjection.panel' depends on axioms: [propext, Classical.choice, Quot.sound]
'HMT.I.IteratedJointProjection.Q' depends on axioms: [propext, Classical.choice, Quot.sound]
'HMT.I.IteratedJointProjection.attemptPanel' depends on axioms: [propext, Classical.choice, Quot.sound]
'HMT.I.IteratedJointProjection.attemptPanel_correct' depends on axioms: [propext, Classical.choice, Quot.sound]
'HMT.I.IteratedJointProjection.attemptQ' depends on axioms: [propext, Classical.choice, Quot.sound]
'HMT.I.IteratedJointProjection.attemptQ_correct' depends on axioms: [propext, Classical.choice, Quot.sound]
'HMT.I.IteratedJointProjection.Q_length' depends on axioms: [propext, Classical.choice, Quot.sound]
'HMT.I.IteratedJointProjection.Q_truncate' depends on axioms: [propext, Classical.choice, Quot.sound]
'HMT.I.IteratedJointProjection.nine_more_preserves_and_extends' depends on axioms: [propext,
 Classical.choice,
 Quot.sound]
'HMT.I.IteratedJointProjection.attemptQ_truncate' depends on axioms: [propext, Classical.choice, Quot.sound]
'HMT.I.IteratedJointProjection.Q_get' depends on axioms: [propext, Classical.choice, Quot.sound]
'HMT.I.IteratedJointProjection.Q_visible_history' depends on axioms: [propext, Classical.choice, Quot.sound]
'HMT.I.IteratedJointProjection.Q_membership' depends on axioms: [propext, Classical.choice, Quot.sound]
'HMT.I.IteratedJointProjection.publicationDigit' depends on axioms: [propext, Classical.choice, Quot.sound]
'HMT.I.IteratedJointProjection.actualWord_from_publication' depends on axioms: [propext, Classical.choice, Quot.sound]
'HMT.I.IteratedJointProjection.panel_from_publication' depends on axioms: [propext, Classical.choice, Quot.sound]
'HMT.I.IteratedJointProjection.recover_from_publication' depends on axioms: [propext, Classical.choice, Quot.sound]
'HMT.I.IteratedJointProjection.joint_nine_code_selection' depends on axioms: [propext, Classical.choice, Quot.sound]
'HMT.I.IteratedJointProjection.double_reading_compatible' depends on axioms: [propext, Classical.choice, Quot.sound]
'HMT.I.NonadicJointRenewal.Fibre' does not depend on any axioms
'HMT.I.NonadicJointRenewal.Observable' depends on axioms: [propext]
'HMT.I.NonadicJointRenewal.PhaseObservable' depends on axioms: [propext]
'HMT.I.NonadicJointRenewal.additiveSignature' depends on axioms: [propext]
'HMT.I.NonadicJointRenewal.multiplicativeSignature' depends on axioms: [propext]
'HMT.I.NonadicJointRenewal.emittedWord' depends on axioms: [propext, Quot.sound]
'HMT.I.NonadicJointRenewal.emittedWord_mem' depends on axioms: [propext, Quot.sound]
'HMT.I.NonadicJointRenewal.emittedWord_covers' depends on axioms: [propext, Quot.sound]
'HMT.I.NonadicJointRenewal.additiveAverage' depends on axioms: [propext, Classical.choice, Quot.sound]
'HMT.I.NonadicJointRenewal.multiplicativeAverage' depends on axioms: [propext, Classical.choice, Quot.sound]
'HMT.I.NonadicJointRenewal.renewal' depends on axioms: [propext, Classical.choice, Quot.sound]
'HMT.I.NonadicJointRenewal.additive_constant' depends on axioms: [propext, Classical.choice, Quot.sound]
'HMT.I.NonadicJointRenewal.multiplicative_constant' depends on axioms: [propext, Classical.choice, Quot.sound]
'HMT.I.NonadicJointRenewal.additive_multiplicative' depends on axioms: [propext, Classical.choice, Quot.sound]
'HMT.I.NonadicJointRenewal.multiplicative_additive' depends on axioms: [propext, Classical.choice, Quot.sound]
'HMT.I.NonadicJointRenewal.additive_renewal' depends on axioms: [propext, Classical.choice, Quot.sound]
'HMT.I.NonadicJointRenewal.multiplicative_renewal' depends on axioms: [propext, Classical.choice, Quot.sound]
'HMT.I.NonadicJointRenewal.phaseOperator' depends on axioms: [propext, Classical.choice, Quot.sound]
'HMT.I.NonadicJointRenewal.nextPhase' depends on axioms: [propext]
'HMT.I.NonadicJointRenewal.transfer' depends on axioms: [propext, Classical.choice, Quot.sound]
'HMT.I.NonadicJointRenewal.iterate' depends on axioms: [propext, Classical.choice, Quot.sound]
'HMT.I.NonadicJointRenewal.ninefold_joint_renewal' depends on axioms: [propext, Classical.choice, Quot.sound]
'HMT.I.NonadicJointRenewal.pointIndicator' depends on axioms: [propext]
'HMT.I.NonadicJointRenewal.renewal_point_weight' depends on axioms: [propext, Classical.choice, Quot.sound]
'HMT.I.NonadicJointRenewal.ninefold_full_support' depends on axioms: [propext, Classical.choice, Quot.sound]
'HMT.I.NonadicJointRenewal.renewal_not_point_evaluation' depends on axioms: [propext, Classical.choice, Quot.sound]


### Fixed-type interface applications


### Negative control: force memory reset
<stdin>:43:2: error: type mismatch
  nine_more_preserves_and_extends n
has type
  (n + 9) % 9 = n % 9 ∧ List.take n (Q (n + 9)) = Q n ∧ Q (n + 9) ≠ Q n : Prop
but is expected to have type
  (n + 9) % 9 = n % 9 ∧ List.take n (Q (n + 9)) = Q n ∧ Q (n + 9) = Q n : Prop

