### Compile FullSupportNeighborOrientations
'HMT.I.FullSupportNeighborOrientations.signWord_mod3' depends on axioms: [propext, Classical.choice, Quot.sound]
'HMT.I.FullSupportNeighborOrientations.both_shifts_mem_kernel' depends on axioms: [propext,
 Classical.choice,
 Quot.sound]
'HMT.I.FullSupportNeighborOrientations.marked_neighbor_invariant' depends on axioms: [propext,
 Classical.choice,
 Quot.sound]
'HMT.I.FullSupportNeighborOrientations.fullSupportNeighborEquiv_order' depends on axioms: [propext,
 Classical.choice,
 Quot.sound]
'HMT.I.FullSupportNeighborOrientations.full_support_marked_symmetry' depends on axioms: [propext,
 Classical.choice,
 Quot.sound]
'HMT.I.FullSupportNeighborOrientations.fullSupportMessages_card' depends on axioms: [propext,
 Classical.choice,
 Quot.sound]
'HMT.I.FullSupportNeighborOrientations.mem_fullSupportWords' depends on axioms: [propext, Classical.choice, Quot.sound]
'HMT.I.FullSupportNeighborOrientations.fullSupportWords_card' depends on axioms: [propext, Classical.choice, Quot.sound]


### All-declaration transitive-axiom query (stdin only)
'HMT.I.FullSupportNeighborOrientations.Word' does not depend on any axioms
'HMT.I.FullSupportNeighborOrientations.FullSupport' depends on axioms: [propext, Quot.sound]
'HMT.I.FullSupportNeighborOrientations.orientation' depends on axioms: [propext, Classical.choice, Quot.sound]
'HMT.I.FullSupportNeighborOrientations.signWord_mod3' depends on axioms: [propext, Classical.choice, Quot.sound]
'HMT.I.FullSupportNeighborOrientations.signWord_mem' depends on axioms: [propext, Classical.choice, Quot.sound]
'HMT.I.FullSupportNeighborOrientations.inverse_signWord_mod3' depends on axioms: [propext, Classical.choice, Quot.sound]
'HMT.I.FullSupportNeighborOrientations.inverse_signWord_mem' depends on axioms: [propext, Classical.choice, Quot.sound]
'HMT.I.FullSupportNeighborOrientations.both_shifts_mem_kernel' depends on axioms: [propext,
 Classical.choice,
 Quot.sound]
'HMT.I.FullSupportNeighborOrientations.inverse_shift_eq' depends on axioms: [propext, Classical.choice, Quot.sound]
'HMT.I.FullSupportNeighborOrientations.marked_neighbor_invariant' depends on axioms: [propext,
 Classical.choice,
 Quot.sound]
'HMT.I.FullSupportNeighborOrientations.fullSupportNeighborEquiv' depends on axioms: [propext,
 Classical.choice,
 Quot.sound]
'HMT.I.FullSupportNeighborOrientations.fullSupportNeighborEquiv_cube' depends on axioms: [propext,
 Classical.choice,
 Quot.sound]
'HMT.I.FullSupportNeighborOrientations.fullSupportNeighborEquiv_order' depends on axioms: [propext,
 Classical.choice,
 Quot.sound]
'HMT.I.FullSupportNeighborOrientations.full_support_marked_symmetry' depends on axioms: [propext,
 Classical.choice,
 Quot.sound]
'HMT.I.FullSupportNeighborOrientations.orientation_injective_on_fullSupport' depends on axioms: [propext,
 Classical.choice,
 Quot.sound]
'HMT.I.FullSupportNeighborOrientations.fullSupportMessages' depends on axioms: [propext, Classical.choice, Quot.sound]
'HMT.I.FullSupportNeighborOrientations.mem_fullSupportMessages' depends on axioms: [propext,
 Classical.choice,
 Quot.sound]
'HMT.I.FullSupportNeighborOrientations.fullSupportMessages_card' depends on axioms: [propext,
 Classical.choice,
 Quot.sound]
'HMT.I.FullSupportNeighborOrientations.fullSupportWords' depends on axioms: [propext, Classical.choice, Quot.sound]
'HMT.I.FullSupportNeighborOrientations.mem_fullSupportWords' depends on axioms: [propext, Classical.choice, Quot.sound]
'HMT.I.FullSupportNeighborOrientations.fullSupportWords_card' depends on axioms: [propext, Classical.choice, Quot.sound]


### Fixed-type interface applications


### Negative control: replace the exact count 24 by 23
<stdin>:5:40: error: type mismatch
  fullSupportWords_card
has type
  fullSupportWords.card = 24 : Prop
but is expected to have type
  fullSupportWords.card = 23 : Prop

