### Compile HistoricalIncidenceEvaluation
'HMT.I.HistoricalIncidenceEvaluation.position_evaluations' depends on axioms: [propext]
'HMT.I.HistoricalIncidenceEvaluation.regional_positions_singleton' depends on axioms: [propext,
 Classical.choice,
 Quot.sound]
'HMT.I.HistoricalIncidenceEvaluation.historical_selection_existsUnique' depends on axioms: [propext,
 Classical.choice,
 Lean.ofReduceBool,
 Quot.sound]


### All-declaration transitive-axiom query (stdin only)
'HMT.I.HistoricalIncidenceEvaluation.read' depends on axioms: [propext]
'HMT.I.HistoricalIncidenceEvaluation.historicalSchedule' depends on axioms: [propext]
'HMT.I.HistoricalIncidenceEvaluation.atPosition' does not depend on any axioms
'HMT.I.HistoricalIncidenceEvaluation.readPosition' depends on axioms: [propext]
'HMT.I.HistoricalIncidenceEvaluation.recover' depends on axioms: [propext]
'HMT.I.HistoricalIncidenceEvaluation.schedule_multiplicities' depends on axioms: [propext]
'HMT.I.HistoricalIncidenceEvaluation.position_evaluations' depends on axioms: [propext]
'HMT.I.HistoricalIncidenceEvaluation.recovered_evaluation' depends on axioms: [propext]
'HMT.I.HistoricalIncidenceEvaluation.regionalRecovered' depends on axioms: [propext, Classical.choice, Quot.sound]
'HMT.I.HistoricalIncidenceEvaluation.regional_positions_singleton' depends on axioms: [propext,
 Classical.choice,
 Quot.sound]
'HMT.I.HistoricalIncidenceEvaluation.regional_recovered_evaluation' depends on axioms: [propext,
 Classical.choice,
 Quot.sound]
'HMT.I.HistoricalIncidenceEvaluation.printed_order_is_transposed' depends on axioms: [propext,
 Classical.choice,
 Quot.sound]
'HMT.I.HistoricalIncidenceEvaluation.regional_recovered_perm' depends on axioms: [propext, Classical.choice, Quot.sound]
'HMT.I.HistoricalIncidenceEvaluation.selectedFromHistoricalIncidences' depends on axioms: [propext,
 Classical.choice,
 Quot.sound]
'HMT.I.HistoricalIncidenceEvaluation.historical_selection_unique' depends on axioms: [propext,
 Classical.choice,
 Lean.ofReduceBool,
 Quot.sound]
'HMT.I.HistoricalIncidenceEvaluation.historical_selection_existsUnique' depends on axioms: [propext,
 Classical.choice,
 Lean.ofReduceBool,
 Quot.sound]


### Fixed-type interface applications


### Negative control: swap the two corrected positions
<stdin>:7:2: error: type mismatch
  regional_recovered_evaluation
has type
  regionalRecovered = [55, 175, 498, 437, 98, 28, 687, 714] : Prop
but is expected to have type
  regionalRecovered = [55, 175, 498, 437, 98, 28, 714, 687] : Prop

