'HMT.IV.LatticeTwistedOscillatorTensor.TensorFock' depends on axioms: [propext, Classical.choice, Quot.sound]
'HMT.IV.LatticeTwistedOscillatorTensor.halfModeTensor' depends on axioms: [propext, Classical.choice, Quot.sound]
'HMT.IV.LatticeTwistedOscillatorTensor.conformalModeTensor' depends on axioms: [propext, Classical.choice, Quot.sound]
'HMT.IV.LatticeTwistedOscillatorTensor.halfModeTensor_tmul' depends on axioms: [propext, Classical.choice, Quot.sound]
'HMT.IV.LatticeTwistedOscillatorTensor.conformalModeTensor_tmul' depends on axioms: [propext,
 Classical.choice,
 Quot.sound]
'HMT.IV.LatticeTwistedOscillatorTensor.half_heisenberg_tensor' depends on axioms: [propext,
 Classical.choice,
 Quot.sound]
'HMT.IV.LatticeTwistedOscillatorTensor.virasoro_tensor' depends on axioms: [propext, Classical.choice, Quot.sound]
'HMT.IV.LatticeTwistedOscillatorTensor.virasoro_tensor_central_charge_twentyFour' depends on axioms: [propext,
 Classical.choice,
 Quot.sound]
'HMT.IV.LatticeTwistedOscillatorTensor.vacuum_tensor_weight' depends on axioms: [propext, Classical.choice, Quot.sound]
'HMT.IV.LatticeTwistedOscillatorTensor.vacuum_tensor_annihilation' depends on axioms: [propext,
 Classical.choice,
 Quot.sound]
'HMT.IV.LatticeTwistedOscillatorTensor.secondFactorOperator' depends on axioms: [propext, Classical.choice, Quot.sound]
'HMT.IV.LatticeTwistedOscillatorTensor.tensor_factors_commute' depends on axioms: [propext,
 Classical.choice,
 Quot.sound]
'HMT.IV.LatticeTwistedOscillatorTensor.halfModeTensor_comm_second' depends on axioms: [propext,
 Classical.choice,
 Quot.sound]
'HMT.IV.LatticeTwistedOscillatorTensor.conformalModeTensor_comm_second' depends on axioms: [propext,
 Classical.choice,
 Quot.sound]
'HMT.IV.LatticeTwistedOscillatorTensor.secondFactorAction' depends on axioms: [propext, Classical.choice, Quot.sound]
'HMT.IV.LatticeTwistedOscillatorTensor.secondFactorAction_comm_half' depends on axioms: [propext,
 Classical.choice,
 Quot.sound]
'HMT.IV.LatticeTwistedOscillatorTensor.secondFactorAction_comm_conformal' depends on axioms: [propext,
 Classical.choice,
 Quot.sound]
