'HMT.IV.LatticeTwistedPositiveStateDescent.positiveDescendedCoefficient' depends on axioms: [propext,
 Classical.choice,
 Quot.sound]
'HMT.IV.LatticeTwistedPositiveStateDescent.positiveDescendedCoefficient_bounded' depends on axioms: [propext,
 Classical.choice,
 Quot.sound]
'HMT.IV.LatticeTwistedPositiveStateDescent.positiveDescendedField' depends on axioms: [propext,
 Classical.choice,
 Quot.sound]
'HMT.IV.LatticeTwistedPositiveStateDescent.positiveDescendedField_coefficient' depends on axioms: [propext,
 Classical.choice,
 Quot.sound]
'HMT.IV.LatticeTwistedPositiveStateDescent.positiveDescendedAssignment' depends on axioms: [propext,
 Classical.choice,
 Quot.sound]
'HMT.IV.LatticeTwistedPositiveStateDescent.positiveDescent_intertwines_inclusion' depends on axioms: [propext,
 Classical.choice,
 Quot.sound]
'HMT.IV.LatticeTwistedPositiveStateDescent.positiveState_odd_coefficients_zero' depends on axioms: [propext,
 Classical.choice,
 Quot.sound]
'HMT.IV.LatticeTwistedPositiveStateDescent.positiveDescent_vacuum_coefficient' depends on axioms: [propext,
 Classical.choice,
 Quot.sound]
'HMT.IV.LatticeTwistedPositiveStateDescent.positiveDescent_evenExponentialState' depends on axioms: [propext,
 Classical.choice,
 Quot.sound]
