'HMT.IV.LatticeTwistedCorrectedStateField.FieldAssignment' depends on axioms: [propext, Classical.choice, Quot.sound]
'HMT.IV.LatticeTwistedCorrectedStateField.stateTerm' depends on axioms: [propext, Classical.choice, Quot.sound]
'HMT.IV.LatticeTwistedCorrectedStateField.stateTerm_zero_of_correction_zero' depends on axioms: [propext,
 Classical.choice,
 Quot.sound]
'HMT.IV.LatticeTwistedCorrectedStateField.stateTerm_finite' depends on axioms: [propext, Classical.choice, Quot.sound]
'HMT.IV.LatticeTwistedCorrectedStateField.correctedCoefficient' depends on axioms: [propext,
 Classical.choice,
 Quot.sound]
'HMT.IV.LatticeTwistedCorrectedStateField.correctedCoefficient_eq_sum' depends on axioms: [propext,
 Classical.choice,
 Quot.sound]
'HMT.IV.LatticeTwistedCorrectedStateField.field_has_bound' depends on axioms: [propext, Classical.choice, Quot.sound]
'HMT.IV.LatticeTwistedCorrectedStateField.correctedCoefficient_bounded' depends on axioms: [propext,
 Classical.choice,
 Quot.sound]
'HMT.IV.LatticeTwistedCorrectedStateField.correctedField' depends on axioms: [propext, Classical.choice, Quot.sound]
'HMT.IV.LatticeTwistedCorrectedStateField.correctedField_coefficient' depends on axioms: [propext,
 Classical.choice,
 Quot.sound]
'HMT.IV.LatticeTwistedCorrectedStateField.correctedAssignment' depends on axioms: [propext,
 Classical.choice,
 Quot.sound]
'HMT.IV.LatticeTwistedCorrectedStateField.correctedAssignment_coefficient' depends on axioms: [propext,
 Classical.choice,
 Quot.sound]
'HMT.IV.LatticeTwistedCorrectedStateField.correctedCoefficient_pure_charge' depends on axioms: [propext,
 Classical.choice,
 Quot.sound]
'HMT.IV.LatticeTwistedCorrectedStateField.correctedAssignment_pure_charge' depends on axioms: [propext,
 Classical.choice,
 Quot.sound]
'HMT.IV.LatticeTwistedCorrectedStateField.correctedAssignment_vacuum' depends on axioms: [propext,
 Classical.choice,
 Quot.sound]
'HMT.IV.LatticeTwistedNormalDerivative.dividedFactor' depends on axioms: [propext, Classical.choice, Quot.sound]
'HMT.IV.LatticeTwistedNormalDerivative.dividedFactor_zero' depends on axioms: [propext, Classical.choice, Quot.sound]
'HMT.IV.LatticeTwistedNormalDerivative.dividedFactor_succ' depends on axioms: [propext, Classical.choice, Quot.sound]
'HMT.IV.LatticeTwistedNormalDerivative.derivativeCoefficient' depends on axioms: [propext, Classical.choice, Quot.sound]
'HMT.IV.LatticeTwistedNormalDerivative.derivativeCoefficient_at_exponent' depends on axioms: [propext,
 Classical.choice,
 Quot.sound]
'HMT.IV.LatticeTwistedNormalDerivative.derivativeCoefficient_succ' depends on axioms: [propext,
 Classical.choice,
 Quot.sound]
'HMT.IV.LatticeTwistedNormalDerivative.derivativeCoefficient_bounded' depends on axioms: [propext,
 Classical.choice,
 Quot.sound]
'HMT.IV.LatticeTwistedNormalDerivative.derivativeField' depends on axioms: [propext, Classical.choice, Quot.sound]
'HMT.IV.LatticeTwistedNormalDerivative.derivativeField_coefficient' depends on axioms: [propext,
 Classical.choice,
 Quot.sound]
'HMT.IV.LatticeTwistedNormalDerivative.creationTerm' depends on axioms: [propext, Classical.choice, Quot.sound]
'HMT.IV.LatticeTwistedNormalDerivative.annihilationTerm' depends on axioms: [propext, Classical.choice, Quot.sound]
'HMT.IV.LatticeTwistedNormalDerivative.creationTerm_eq_derivative' depends on axioms: [propext,
 Classical.choice,
 Quot.sound]
'HMT.IV.LatticeTwistedNormalDerivative.annihilationTerm_eq_derivative' depends on axioms: [propext,
 Classical.choice,
 Quot.sound]
'HMT.IV.LatticeTwistedNormalDerivative.creationTerm_finite' depends on axioms: [propext, Classical.choice, Quot.sound]
'HMT.IV.LatticeTwistedNormalDerivative.annihilationTerm_finite' depends on axioms: [propext,
 Classical.choice,
 Quot.sound]
'HMT.IV.LatticeTwistedNormalDerivative.normalCoefficient' depends on axioms: [propext, Classical.choice, Quot.sound]
'HMT.IV.LatticeTwistedNormalDerivative.normalCoefficient_apply' depends on axioms: [propext,
 Classical.choice,
 Quot.sound]
'HMT.IV.LatticeTwistedNormalDerivative.normalCoefficient_bounded' depends on axioms: [propext,
 Classical.choice,
 Quot.sound]
'HMT.IV.LatticeTwistedNormalDerivative.derivativeNormalField' depends on axioms: [propext, Classical.choice, Quot.sound]
'HMT.IV.LatticeTwistedNormalDerivative.derivativeNormalField_coefficient' depends on axioms: [propext,
 Classical.choice,
 Quot.sound]
'HMT.IV.LatticeTwistedNormalDerivative.normalCoefficient_zero' depends on axioms: [propext,
 Classical.choice,
 Quot.sound]
'HMT.IV.LatticeTwistedRawChargeField.normScalar_eq_pair_zpow' depends on axioms: [propext, Classical.choice, Quot.sound]
'HMT.IV.LatticeTwistedRawChargeField.rawChargeCoefficient' depends on axioms: [propext, Classical.choice, Quot.sound]
'HMT.IV.LatticeTwistedRawChargeField.rawChargeCoefficient_bounded_pole' depends on axioms: [propext,
 Classical.choice,
 Quot.sound]
'HMT.IV.LatticeTwistedRawChargeField.rawChargeField' depends on axioms: [propext, Classical.choice, Quot.sound]
'HMT.IV.LatticeTwistedRawChargeField.rawChargeField_coefficient' depends on axioms: [propext,
 Classical.choice,
 Quot.sound]
'HMT.IV.LatticeTwistedRawChargeField.rawChargeCoefficient_basis' depends on axioms: [propext,
 Classical.choice,
 Quot.sound]
'HMT.IV.LatticeTwistedRawChargeField.rawChargeCoefficient_zero_charge' depends on axioms: [propext,
 Classical.choice,
 Quot.sound]
'HMT.IV.LatticeTwistedRawChargeField.rawChargeField_zero_charge' depends on axioms: [propext,
 Classical.choice,
 Quot.sound]
'HMT.IV.LatticeTwistedRawChargeField.rawChargeCoefficient_ground' depends on axioms: [propext,
 Classical.choice,
 Quot.sound]
'HMT.IV.LatticeTwistedRawChargeField.rawChargeCoefficient_ground_leading' depends on axioms: [propext,
 Classical.choice,
 Quot.sound]
'HMT.IV.LatticeTwistedRawChargeField.rawChargeCoefficient_ground_below' depends on axioms: [propext,
 Classical.choice,
 Quot.sound]
'HMT.IV.LatticeTwistedRawChargeField.norm_shift_parity' depends on axioms: [propext, Classical.choice, Quot.sound]
'HMT.IV.LatticeTwistedRawChargeField.rawChargeCoefficient_neg_charge' depends on axioms: [propext,
 Classical.choice,
 Quot.sound]
'HMT.IV.LatticeTwistedRawChargeField.theta_rawChargeCoefficient' depends on axioms: [propext,
 Classical.choice,
 Quot.sound]
'HMT.IV.LatticeTwistedRawChargeField.symmetrizedCoefficient' depends on axioms: [propext, Classical.choice, Quot.sound]
'HMT.IV.LatticeTwistedRawChargeField.symmetrizedCoefficient_even' depends on axioms: [propext,
 Classical.choice,
 Quot.sound]
'HMT.IV.LatticeTwistedRawChargeField.symmetrizedCoefficient_odd' depends on axioms: [propext,
 Classical.choice,
 Quot.sound]
'HMT.IV.LatticeTwistedRawChargeField.chargeField_inclusion_even_raw' depends on axioms: [propext,
 Classical.choice,
 Quot.sound]
'HMT.IV.LatticeTwistedRawChargeField.chargeField_inclusion_symmetrized' depends on axioms: [propext,
 Classical.choice,
 Quot.sound]
'HMT.IV.LatticeTwistedRawChargeField.rawChargeField_even_intertwines' depends on axioms: [propext,
 Classical.choice,
 Quot.sound]
'HMT.IV.LatticeTwistedRawStateField.rawDescendantField' depends on axioms: [propext, Classical.choice, Quot.sound]
'HMT.IV.LatticeTwistedRawStateField.rawDescendantField_nil' depends on axioms: [propext, Classical.choice, Quot.sound]
'HMT.IV.LatticeTwistedRawStateField.rawDescendantField_cons' depends on axioms: [propext, Classical.choice, Quot.sound]
'HMT.IV.LatticeTwistedRawStateField.rawStateField' depends on axioms: [propext, Classical.choice, Quot.sound]
'HMT.IV.LatticeTwistedRawStateField.rawStateField_basis' depends on axioms: [propext, Classical.choice, Quot.sound]
'HMT.IV.LatticeTwistedRawStateField.rawStateField_pure_charge' depends on axioms: [propext,
 Classical.choice,
 Quot.sound]
'HMT.IV.LatticeTwistedRawStateField.rawStateField_ground_state' depends on axioms: [propext,
 Classical.choice,
 Quot.sound]
'HMT.IV.LatticeTwistedRawStateField.rawStateField_vacuum' depends on axioms: [propext, Classical.choice, Quot.sound]
'HMT.IV.LatticeTwistedRawStateField.rawStateField_vacuum_coefficient' depends on axioms: [propext,
 Classical.choice,
 Quot.sound]
'HMT.IV.LatticeTwistedRawStateField.rawStateField_laurent_bound' depends on axioms: [propext,
 Classical.choice,
 Quot.sound]
'HMT.IV.LatticeTwistedRawStateField.wordForOccupation_single' depends on axioms: [propext, Classical.choice, Quot.sound]
'HMT.IV.LatticeTwistedRawStateField.rawStateField_one_oscillator' depends on axioms: [propext,
 Classical.choice,
 Quot.sound]
'HMT.IV.LatticeTwistedNormalParity.theta_derivativeCoefficient' depends on axioms: [propext,
 Classical.choice,
 Quot.sound]
'HMT.IV.LatticeTwistedNormalParity.derivativeCoefficient_even' depends on axioms: [propext,
 Classical.choice,
 Quot.sound]
'HMT.IV.LatticeTwistedNormalParity.derivativeField_even' depends on axioms: [propext, Classical.choice, Quot.sound]
'HMT.IV.LatticeTwistedNormalParity.theta_creationTerm' depends on axioms: [propext, Classical.choice, Quot.sound]
'HMT.IV.LatticeTwistedNormalParity.theta_annihilationTerm' depends on axioms: [propext, Classical.choice, Quot.sound]
'HMT.IV.LatticeTwistedNormalParity.theta_derivativeNormalField' depends on axioms: [propext,
 Classical.choice,
 Quot.sound]
'HMT.IV.LatticeTwistedNormalParity.theta_derivativeNormalField_comp' depends on axioms: [propext,
 Classical.choice,
 Quot.sound]
'HMT.IV.LatticeTwistedNormalParity.paritySign_odd_translate' depends on axioms: [propext, Classical.choice, Quot.sound]
'HMT.IV.LatticeTwistedNormalParity.negArgument_creationTerm' depends on axioms: [propext, Classical.choice, Quot.sound]
'HMT.IV.LatticeTwistedNormalParity.negArgument_annihilationTerm' depends on axioms: [propext,
 Classical.choice,
 Quot.sound]
'HMT.IV.LatticeTwistedNormalParity.negArgument_derivativeNormalField' depends on axioms: [propext,
 Classical.choice,
 Quot.sound]
'HMT.IV.LatticeTwistedRawStateParity.theta_rawDescendantField' depends on axioms: [propext,
 Classical.choice,
 Quot.sound]
'HMT.IV.LatticeTwistedRawStateParity.theta_carrierBasis_word' depends on axioms: [propext, Classical.choice, Quot.sound]
'HMT.IV.LatticeTwistedRawStateParity.theta_rawStateField_apply' depends on axioms: [propext,
 Classical.choice,
 Quot.sound]
'HMT.IV.LatticeTwistedRawStateParity.theta_rawStateField_intertwines' depends on axioms: [propext,
 Classical.choice,
 Quot.sound]
'HMT.IV.LatticeTwistedStateField.twistedStateField' depends on axioms: [propext, Classical.choice, Quot.sound]
'HMT.IV.LatticeTwistedStateField.twistedStateField_coefficient' depends on axioms: [propext,
 Classical.choice,
 Quot.sound]
'HMT.IV.LatticeTwistedStateField.twistedStateField_pure_charge' depends on axioms: [propext,
 Classical.choice,
 Quot.sound]
'HMT.IV.LatticeTwistedStateField.twistedStateField_vacuum' depends on axioms: [propext, Classical.choice, Quot.sound]
'HMT.IV.LatticeTwistedStateField.twistedStateField_vacuum_coefficient' depends on axioms: [propext,
 Classical.choice,
 Quot.sound]
'HMT.IV.LatticeTwistedStateField.twistedStateField_laurent_bound' depends on axioms: [propext,
 Classical.choice,
 Quot.sound]
'HMT.IV.LatticeTwistedStateField.corrected_terms_apply_finite' depends on axioms: [propext,
 Classical.choice,
 Quot.sound]
'HMT.IV.LatticeTwistedStateField.twistedStateField_coefficient_apply' depends on axioms: [propext,
 Classical.choice,
 Quot.sound]
'HMT.IV.LatticeTwistedStateField.theta_twistedStateField_apply' depends on axioms: [propext,
 Classical.choice,
 Quot.sound]
'HMT.IV.LatticeTwistedStateField.theta_twistedStateField_intertwines' depends on axioms: [propext,
 Classical.choice,
 Quot.sound]
'HMT.IV.LatticeTwistedStateField.twistedCoefficient_mem_positive' depends on axioms: [propext,
 Classical.choice,
 Quot.sound]
'HMT.IV.LatticeTwistedStateField.positiveStateCoefficient' depends on axioms: [propext, Classical.choice, Quot.sound]
'HMT.IV.LatticeTwistedStateField.positiveStateCoefficient_coe' depends on axioms: [propext,
 Classical.choice,
 Quot.sound]
'HMT.IV.LatticeTwistedStateField.positiveStateCoefficient_bounded' depends on axioms: [propext,
 Classical.choice,
 Quot.sound]
'HMT.IV.LatticeTwistedStateField.positiveStateField' depends on axioms: [propext, Classical.choice, Quot.sound]
'HMT.IV.LatticeTwistedStateField.positiveStateField_coefficient' depends on axioms: [propext,
 Classical.choice,
 Quot.sound]
'HMT.IV.LatticeTwistedStateField.positiveStateAssignment' depends on axioms: [propext, Classical.choice, Quot.sound]
'HMT.IV.LatticeTwistedStateField.positiveStateField_intertwines_inclusion' depends on axioms: [propext,
 Classical.choice,
 Quot.sound]
'HMT.IV.LatticeTwistedStateField.positiveStateField_vacuum_coefficient' depends on axioms: [propext,
 Classical.choice,
 Quot.sound]
'HMT.IV.LatticeTwistedNormalArgumentScalar.negArgument_creationTerm_scalar' depends on axioms: [propext,
 Classical.choice,
 Quot.sound]
'HMT.IV.LatticeTwistedNormalArgumentScalar.negArgument_annihilationTerm_scalar' depends on axioms: [propext,
 Classical.choice,
 Quot.sound]
'HMT.IV.LatticeTwistedNormalArgumentScalar.negArgument_derivativeNormalField_scalar' depends on axioms: [propext,
 Classical.choice,
 Quot.sound]
'HMT.IV.LatticeTwistedRawArgument.negArgument_rawDescendantField' depends on axioms: [propext,
 Classical.choice,
 Quot.sound]
'HMT.IV.LatticeTwistedRawArgument.theta_source_rawStateField' depends on axioms: [propext, Classical.choice, Quot.sound]
'HMT.IV.LatticeTwistedRawArgument.rawStateField_even_source_odd_zero' depends on axioms: [propext,
 Classical.choice,
 Quot.sound]
'HMT.IV.LatticeTwistedStateDescent.paritySign_even_translate' depends on axioms: [propext, Classical.choice, Quot.sound]
'HMT.IV.LatticeTwistedStateDescent.theta_source_correctedAssignment' depends on axioms: [propext,
 Classical.choice,
 Quot.sound]
'HMT.IV.LatticeTwistedStateDescent.correctedAssignment_even_source_odd_zero' depends on axioms: [propext,
 Classical.choice,
 Quot.sound]
'HMT.IV.LatticeTwistedStateDescent.descendedCoefficient' depends on axioms: [propext, Classical.choice, Quot.sound]
'HMT.IV.LatticeTwistedStateDescent.descendedCoefficient_bounded' depends on axioms: [propext,
 Classical.choice,
 Quot.sound]
'HMT.IV.LatticeTwistedStateDescent.descendedField' depends on axioms: [propext, Classical.choice, Quot.sound]
'HMT.IV.LatticeTwistedStateDescent.descendedField_coefficient' depends on axioms: [propext,
 Classical.choice,
 Quot.sound]
'HMT.IV.LatticeTwistedStateDescent.descendedField_odd_discarded_zero' depends on axioms: [propext,
 Classical.choice,
 Quot.sound]
'HMT.IV.LatticeTwistedStateDescent.descendedAssignment' depends on axioms: [propext, Classical.choice, Quot.sound]
'HMT.IV.LatticeTwistedStateDescent.descendedAssignment_vacuum_coefficient' depends on axioms: [propext,
 Classical.choice,
 Quot.sound]
'HMT.IV.LatticeTwistedPositiveStateDescent.positiveDescendedCoefficient' depends on axioms: [propext,
 Classical.choice,
 Quot.sound]
'HMT.IV.LatticeTwistedPositiveStateDescent.positiveDescendedCoefficient_bounded' depends on axioms: [propext,
 Classical.choice,
 Quot.sound]
'HMT.IV.LatticeTwistedPositiveStateDescent.positiveDescendedField' depends on axioms: [propext,
 Classical.choice,
 Quot.sound]
'HMT.IV.LatticeTwistedPositiveStateDescent.positiveDescendedField_coefficient' depends on axioms: [propext,
 Classical.choice,
 Quot.sound]
'HMT.IV.LatticeTwistedPositiveStateDescent.positiveDescendedAssignment' depends on axioms: [propext,
 Classical.choice,
 Quot.sound]
'HMT.IV.LatticeTwistedPositiveStateDescent.positiveDescent_intertwines_inclusion' depends on axioms: [propext,
 Classical.choice,
 Quot.sound]
'HMT.IV.LatticeTwistedPositiveStateDescent.positiveState_odd_coefficients_zero' depends on axioms: [propext,
 Classical.choice,
 Quot.sound]
'HMT.IV.LatticeTwistedPositiveStateDescent.positiveDescent_vacuum_coefficient' depends on axioms: [propext,
 Classical.choice,
 Quot.sound]
'HMT.IV.LatticeTwistedPositiveStateDescent.positiveDescent_evenExponentialState' depends on axioms: [propext,
 Classical.choice,
 Quot.sound]
'HMT.IV.LatticeTwistedNormalTerms.creator' depends on axioms: [propext, Classical.choice, Quot.sound]
'HMT.IV.LatticeTwistedNormalTerms.annihilator' depends on axioms: [propext, Classical.choice, Quot.sound]
'HMT.IV.LatticeTwistedNormalTerms.creators_commute' depends on axioms: [propext, Classical.choice, Quot.sound]
'HMT.IV.LatticeTwistedNormalTerms.annihilators_commute' depends on axioms: [propext, Classical.choice, Quot.sound]
'HMT.IV.LatticeTwistedNormalTerms.annihilators_bounded' depends on axioms: [propext, Classical.choice, Quot.sound]
'HMT.IV.LatticeTwistedNormalTerms.creationTerm_apply' depends on axioms: [propext, Classical.choice, Quot.sound]
'HMT.IV.LatticeTwistedNormalTerms.annihilationTerm_apply' depends on axioms: [propext, Classical.choice, Quot.sound]
'HMT.IV.LatticeTwistedNormalTerms.cc' depends on axioms: [propext, Classical.choice, Quot.sound]
'HMT.IV.LatticeTwistedNormalTerms.ca' depends on axioms: [propext, Classical.choice, Quot.sound]
'HMT.IV.LatticeTwistedNormalTerms.ac' depends on axioms: [propext, Classical.choice, Quot.sound]
'HMT.IV.LatticeTwistedNormalTerms.aa' depends on axioms: [propext, Classical.choice, Quot.sound]
'HMT.IV.LatticeTwistedNormalTerms.cc_swap' depends on axioms: [propext, Classical.choice, Quot.sound]
'HMT.IV.LatticeTwistedNormalTerms.ca_swap' depends on axioms: [propext, Classical.choice, Quot.sound]
'HMT.IV.LatticeTwistedNormalTerms.ac_swap' depends on axioms: [propext, Classical.choice, Quot.sound]
'HMT.IV.LatticeTwistedNormalTerms.aa_swap' depends on axioms: [propext, Classical.choice, Quot.sound]
'HMT.IV.LatticeTwistedNormalBounds.cc_rectangle' depends on axioms: [propext, Classical.choice, Quot.sound]
'HMT.IV.LatticeTwistedNormalBounds.ca_rectangle' depends on axioms: [propext, Classical.choice, Quot.sound]
'HMT.IV.LatticeTwistedNormalBounds.ac_rectangle' depends on axioms: [propext, Classical.choice, Quot.sound]
'HMT.IV.LatticeTwistedNormalBounds.aa_rectangle' depends on axioms: [propext, Classical.choice, Quot.sound]
'HMT.IV.LatticeTwistedNormalCommutation.creationTerm_normalField' depends on axioms: [propext,
 Classical.choice,
 Quot.sound]
'HMT.IV.LatticeTwistedNormalCommutation.annihilationTerm_normalField' depends on axioms: [propext,
 Classical.choice,
 Quot.sound]
'HMT.IV.LatticeTwistedNormalCommutation.normalCoefficient_four_terms' depends on axioms: [propext,
 Classical.choice,
 Quot.sound]
'HMT.IV.LatticeTwistedNormalCommutation.normalCoefficient_commute' depends on axioms: [propext,
 Classical.choice,
 Quot.sound]
'HMT.IV.LatticeTwistedNormalCommutation.derivativeNormalField_commute' depends on axioms: [propext,
 Classical.choice,
 Quot.sound]
'HMT.IV.LatticeTwistedNormalLinear.normalCoefficient_add' depends on axioms: [propext, Classical.choice, Quot.sound]
'HMT.IV.LatticeTwistedNormalLinear.normalCoefficient_smul' depends on axioms: [propext, Classical.choice, Quot.sound]
'HMT.IV.LatticeTwistedNormalLinear.derivativeNormalField_add' depends on axioms: [propext, Classical.choice, Quot.sound]
'HMT.IV.LatticeTwistedNormalLinear.derivativeNormalField_smul' depends on axioms: [propext,
 Classical.choice,
 Quot.sound]
'HMT.IV.LatticeTwistedNormalLinear.derivativeNormalFieldLinear' depends on axioms: [propext,
 Classical.choice,
 Quot.sound]
'HMT.IV.LatticeTwistedNormalLinear.derivativeNormalField_zero' depends on axioms: [propext,
 Classical.choice,
 Quot.sound]
'HMT.IV.LatticeTwistedWordCoherence.rawDescendantField_perm' depends on axioms: [propext, Classical.choice, Quot.sound]
'HMT.IV.LatticeTwistedWordCoherence.rawStateField_stateForWord' depends on axioms: [propext,
 Classical.choice,
 Quot.sound]
'HMT.IV.LatticeTwistedWordCoherence.rawDescendantField_eq_of_occupation' depends on axioms: [propext,
 Classical.choice,
 Quot.sound]
'HMT.IV.LatticeTwistedWordCoherence.rawStateField_create_intertwines' depends on axioms: [propext,
 Classical.choice,
 Quot.sound]
'HMT.IV.LatticeTwistedWordCoherence.rawStateField_create' depends on axioms: [propext, Classical.choice, Quot.sound]
'HMT.IV.LatticeTwistedNormalVacuum.creationTerm_zero_charge' depends on axioms: [propext, Classical.choice, Quot.sound]
'HMT.IV.LatticeTwistedNormalVacuum.annihilationTerm_zero_charge' depends on axioms: [propext,
 Classical.choice,
 Quot.sound]
'HMT.IV.LatticeTwistedNormalVacuum.normalCoefficient_zero_charge_at_mode' depends on axioms: [propext,
 Classical.choice,
 Quot.sound]
'HMT.IV.LatticeTwistedNormalVacuum.normalCoefficient_zero_charge' depends on axioms: [propext,
 Classical.choice,
 Quot.sound]
'HMT.IV.LatticeTwistedNormalVacuum.derivativeNormalField_zero_charge' depends on axioms: [propext,
 Classical.choice,
 Quot.sound]
'HMT.IV.LatticeTwistedNormalConformalBridge.creationTerm_eq_tensor' depends on axioms: [propext,
 Classical.choice,
 Quot.sound]
'HMT.IV.LatticeTwistedNormalConformalBridge.annihilationTerm_eq_tensor' depends on axioms: [propext,
 Classical.choice,
 Quot.sound]
'HMT.IV.LatticeTwistedNormalConformalBridge.normalCoefficient_eq_halfNormalMode_tensor' depends on axioms: [propext,
 Classical.choice,
 Quot.sound]
'HMT.IV.LatticeTwistedNormalConformalBridge.normalField_coefficient_eq_halfNormalMode_tensor' depends on axioms: [propext,
 Classical.choice,
 Quot.sound]
'HMT.IV.LatticeTwistedNormalConformalBridge.gram_contracted_normalCoefficient_eq_quadraticMode_tensor' depends on axioms: [propext,
 Classical.choice,
 Quot.sound]
'HMT.IV.LatticeTwistedRawConformal.derivativeField_zero' depends on axioms: [propext, Classical.choice, Quot.sound]
'HMT.IV.LatticeTwistedRawConformal.derivativeNormalField_zero_order' depends on axioms: [propext,
 Classical.choice,
 Quot.sound]
'HMT.IV.LatticeTwistedRawConformal.rawStateField_conformalState' depends on axioms: [propext,
 Classical.choice,
 Quot.sound]
'HMT.IV.LatticeTwistedRawConformal.rawStateField_conformalState_coefficient' depends on axioms: [propext,
 Classical.choice,
 Quot.sound]
'HMT.IV.LatticeTwistedStateConformal.twistedStateField_conformalState_correction' depends on axioms: [propext,
 Classical.choice,
 Quot.sound]
'HMT.IV.LatticeTwistedStateConformal.twistedStateField_conformalState_coefficient' depends on axioms: [propext,
 Classical.choice,
 Quot.sound]
'HMT.IV.LatticeTwistedCorrectionInverse.expCoeff_fin_zero' depends on axioms: [propext, Classical.choice, Quot.sound]
'HMT.IV.LatticeTwistedCorrectionInverse.correctionSeries_constant' depends on axioms: [propext,
 Classical.choice,
 Quot.sound]
'HMT.IV.LatticeTwistedCorrectionInverse.correctionExponential' depends on axioms: [propext,
 Classical.choice,
 Quot.sound]
'HMT.IV.LatticeTwistedCorrectionInverse.inverseCorrectionCoefficient' depends on axioms: [propext,
 Classical.choice,
 Quot.sound]
'HMT.IV.LatticeTwistedCorrectionInverse.inverseCorrectionExponential' depends on axioms: [propext,
 Classical.choice,
 Quot.sound]
'HMT.IV.LatticeTwistedCorrectionInverse.correctionExponential_coefficient' depends on axioms: [propext,
 Classical.choice,
 Quot.sound]
'HMT.IV.LatticeTwistedCorrectionInverse.inverseCorrectionExponential_coefficient' depends on axioms: [propext,
 Classical.choice,
 Quot.sound]
'HMT.IV.LatticeTwistedCorrectionInverse.correctionExponential_mul_inverse' depends on axioms: [propext,
 Classical.choice,
 Quot.sound]
'HMT.IV.LatticeTwistedCorrectionInverse.inverseCorrectionExponential_mul' depends on axioms: [propext,
 Classical.choice,
 Quot.sound]
'HMT.IV.LatticeTwistedCorrectionInverse.correction_inverse_convolution' depends on axioms: [propext,
 Classical.choice,
 Quot.sound]
'HMT.IV.LatticeTwistedCorrectionInverse.inverse_correction_convolution' depends on axioms: [propext,
 Classical.choice,
 Quot.sound]
'HMT.IV.LatticeTwistedCorrectionInverse.correctionUnit' depends on axioms: [propext, Classical.choice, Quot.sound]
'HMT.IV.LatticeTwistedCorrectionInverse.inverseCorrectionCoefficient_zero' depends on axioms: [propext,
 Classical.choice,
 Quot.sound]
'HMT.IV.LatticeTwistedCorrectionInverse.negativeCorrectionPower_lowersEnergy' depends on axioms: [propext,
 Classical.choice,
 Quot.sound]
'HMT.IV.LatticeTwistedCorrectionInverse.inverseCorrection_lowersEnergy' depends on axioms: [propext,
 Classical.choice,
 Quot.sound]
'HMT.IV.LatticeTwistedCorrectionInverse.inverseCorrection_basis_cutoff' depends on axioms: [propext,
 Classical.choice,
 Quot.sound]
'HMT.IV.LatticeTwistedCorrectionInverse.inverseCorrection_polynomial_on_state' depends on axioms: [propext,
 Classical.choice,
 Quot.sound]
'HMT.IV.LatticeTwistedCorrectionInverse.negativeCorrectionPower_parity' depends on axioms: [propext,
 Classical.choice,
 Quot.sound]
'HMT.IV.LatticeTwistedCorrectionInverse.inverseCorrection_parity' depends on axioms: [propext,
 Classical.choice,
 Quot.sound]
'HMT.IV.LatticeTwistedCorrectionInverse.inverseCorrection_mem_parity' depends on axioms: [propext,
 Classical.choice,
 Quot.sound]
'HMT.IV.LatticeTwistedCorrectionInverse.evenInverseCorrectionCoefficient' depends on axioms: [propext,
 Classical.choice,
 Quot.sound]
'HMT.IV.LatticeTwistedCorrectionInverse.evenInverseCorrection_coefficient' depends on axioms: [propext,
 Classical.choice,
 Quot.sound]
'HMT.IV.LatticeTwistedCorrectionInverse.evenInverseCorrection_polynomial_on_state' depends on axioms: [propext,
 Classical.choice,
 Quot.sound]
