'HMT.IV.LatticeTwistedRawStateField.rawDescendantField' depends on axioms: [propext, Classical.choice, Quot.sound]
'HMT.IV.LatticeTwistedRawStateField.rawDescendantField_nil' depends on axioms: [propext, Classical.choice, Quot.sound]
'HMT.IV.LatticeTwistedRawStateField.rawDescendantField_cons' depends on axioms: [propext, Classical.choice, Quot.sound]
'HMT.IV.LatticeTwistedRawStateField.rawStateField' depends on axioms: [propext, Classical.choice, Quot.sound]
'HMT.IV.LatticeTwistedRawStateField.rawStateField_basis' depends on axioms: [propext, Classical.choice, Quot.sound]
'HMT.IV.LatticeTwistedRawStateField.rawStateField_pure_charge' depends on axioms: [propext,
 Classical.choice,
 Quot.sound]
'HMT.IV.LatticeTwistedRawStateField.rawStateField_ground_state' depends on axioms: [propext,
 Classical.choice,
 Quot.sound]
'HMT.IV.LatticeTwistedRawStateField.rawStateField_vacuum' depends on axioms: [propext, Classical.choice, Quot.sound]
'HMT.IV.LatticeTwistedRawStateField.rawStateField_vacuum_coefficient' depends on axioms: [propext,
 Classical.choice,
 Quot.sound]
'HMT.IV.LatticeTwistedRawStateField.rawStateField_laurent_bound' depends on axioms: [propext,
 Classical.choice,
 Quot.sound]
'HMT.IV.LatticeTwistedRawStateField.wordForOccupation_single' depends on axioms: [propext, Classical.choice, Quot.sound]
'HMT.IV.LatticeTwistedRawStateField.rawStateField_one_oscillator' depends on axioms: [propext,
 Classical.choice,
 Quot.sound]
