'HMT.IV.LatticeTwistedStateDescent.paritySign_even_translate' depends on axioms: [propext, Classical.choice, Quot.sound]
'HMT.IV.LatticeTwistedStateDescent.theta_source_correctedAssignment' depends on axioms: [propext,
 Classical.choice,
 Quot.sound]
'HMT.IV.LatticeTwistedStateDescent.correctedAssignment_even_source_odd_zero' depends on axioms: [propext,
 Classical.choice,
 Quot.sound]
'HMT.IV.LatticeTwistedStateDescent.descendedCoefficient' depends on axioms: [propext, Classical.choice, Quot.sound]
'HMT.IV.LatticeTwistedStateDescent.descendedCoefficient_bounded' depends on axioms: [propext,
 Classical.choice,
 Quot.sound]
'HMT.IV.LatticeTwistedStateDescent.descendedField' depends on axioms: [propext, Classical.choice, Quot.sound]
'HMT.IV.LatticeTwistedStateDescent.descendedField_coefficient' depends on axioms: [propext,
 Classical.choice,
 Quot.sound]
'HMT.IV.LatticeTwistedStateDescent.descendedField_odd_discarded_zero' depends on axioms: [propext,
 Classical.choice,
 Quot.sound]
'HMT.IV.LatticeTwistedStateDescent.descendedAssignment' depends on axioms: [propext, Classical.choice, Quot.sound]
'HMT.IV.LatticeTwistedStateDescent.descendedAssignment_vacuum_coefficient' depends on axioms: [propext,
 Classical.choice,
 Quot.sound]
