'HMT.IV.LatticeTwistedNormalDerivative.dividedFactor' depends on axioms: [propext, Classical.choice, Quot.sound]
'HMT.IV.LatticeTwistedNormalDerivative.dividedFactor_zero' depends on axioms: [propext, Classical.choice, Quot.sound]
'HMT.IV.LatticeTwistedNormalDerivative.dividedFactor_succ' depends on axioms: [propext, Classical.choice, Quot.sound]
'HMT.IV.LatticeTwistedNormalDerivative.derivativeCoefficient' depends on axioms: [propext, Classical.choice, Quot.sound]
'HMT.IV.LatticeTwistedNormalDerivative.derivativeCoefficient_at_exponent' depends on axioms: [propext,
 Classical.choice,
 Quot.sound]
'HMT.IV.LatticeTwistedNormalDerivative.derivativeCoefficient_succ' depends on axioms: [propext,
 Classical.choice,
 Quot.sound]
'HMT.IV.LatticeTwistedNormalDerivative.derivativeCoefficient_bounded' depends on axioms: [propext,
 Classical.choice,
 Quot.sound]
'HMT.IV.LatticeTwistedNormalDerivative.derivativeField' depends on axioms: [propext, Classical.choice, Quot.sound]
'HMT.IV.LatticeTwistedNormalDerivative.derivativeField_coefficient' depends on axioms: [propext,
 Classical.choice,
 Quot.sound]
'HMT.IV.LatticeTwistedNormalDerivative.creationTerm' depends on axioms: [propext, Classical.choice, Quot.sound]
'HMT.IV.LatticeTwistedNormalDerivative.annihilationTerm' depends on axioms: [propext, Classical.choice, Quot.sound]
'HMT.IV.LatticeTwistedNormalDerivative.creationTerm_eq_derivative' depends on axioms: [propext,
 Classical.choice,
 Quot.sound]
'HMT.IV.LatticeTwistedNormalDerivative.annihilationTerm_eq_derivative' depends on axioms: [propext,
 Classical.choice,
 Quot.sound]
'HMT.IV.LatticeTwistedNormalDerivative.creationTerm_finite' depends on axioms: [propext, Classical.choice, Quot.sound]
'HMT.IV.LatticeTwistedNormalDerivative.annihilationTerm_finite' depends on axioms: [propext,
 Classical.choice,
 Quot.sound]
'HMT.IV.LatticeTwistedNormalDerivative.normalCoefficient' depends on axioms: [propext, Classical.choice, Quot.sound]
'HMT.IV.LatticeTwistedNormalDerivative.normalCoefficient_apply' depends on axioms: [propext,
 Classical.choice,
 Quot.sound]
'HMT.IV.LatticeTwistedNormalDerivative.normalCoefficient_bounded' depends on axioms: [propext,
 Classical.choice,
 Quot.sound]
'HMT.IV.LatticeTwistedNormalDerivative.derivativeNormalField' depends on axioms: [propext, Classical.choice, Quot.sound]
'HMT.IV.LatticeTwistedNormalDerivative.derivativeNormalField_coefficient' depends on axioms: [propext,
 Classical.choice,
 Quot.sound]
'HMT.IV.LatticeTwistedNormalDerivative.normalCoefficient_zero' depends on axioms: [propext,
 Classical.choice,
 Quot.sound]
