### Compile ChargeChartCompatibility
Try this: ring_nf
'HMT.I.ChargeChartCompatibility.digit6_encodeSix' depends on axioms: [propext, Classical.choice, Quot.sound]
'HMT.I.ChargeChartCompatibility.transform6_eq_encodeSix' depends on axioms: [propext, Classical.choice, Quot.sound]
'HMT.I.ChargeChartCompatibility.wordCharge_transform6_totalImage' depends on axioms: [propext,
 Classical.choice,
 Quot.sound]
'HMT.I.ChargeChartCompatibility.dualChargeWord_eq_wordCharge_transform6' depends on axioms: [propext,
 Classical.choice,
 Quot.sound]
'HMT.I.ChargeChartCompatibility.readWithDualCharge_terminal' depends on axioms: [propext, Classical.choice, Quot.sound]
'HMT.I.ChargeChartCompatibility.readPosition_terminal' depends on axioms: [propext, Classical.choice, Quot.sound]


### All-declaration transitive-axiom query (stdin only)
'HMT.I.ChargeChartCompatibility.digit6_encodeSix' depends on axioms: [propext, Classical.choice, Quot.sound]
'HMT.I.ChargeChartCompatibility.wordCharge_encodeSix' depends on axioms: [propext, Classical.choice, Quot.sound]
'HMT.I.ChargeChartCompatibility.terminalImageDigits' depends on axioms: [propext, Classical.choice, Quot.sound]
'HMT.I.ChargeChartCompatibility.transform6_eq_encodeSix' depends on axioms: [propext, Classical.choice, Quot.sound]
'HMT.I.ChargeChartCompatibility.wordCharge_transform6_totalImage' depends on axioms: [propext,
 Classical.choice,
 Quot.sound]
'HMT.I.ChargeChartCompatibility.dualChargeWord_eq_wordCharge_transform6' depends on axioms: [propext,
 Classical.choice,
 Quot.sound]
'HMT.I.ChargeChartCompatibility.dualChargeWord_function_eq' depends on axioms: [propext, Classical.choice, Quot.sound]
'HMT.I.ChargeChartCompatibility.readWithDualCharge' depends on axioms: [propext]
'HMT.I.ChargeChartCompatibility.readWithDualCharge_regional' depends on axioms: [propext]
'HMT.I.ChargeChartCompatibility.readWithDualCharge_terminal' depends on axioms: [propext, Classical.choice, Quot.sound]
'HMT.I.ChargeChartCompatibility.readPosition_terminal' depends on axioms: [propext, Classical.choice, Quot.sound]


### Fixed-type interface applications


### Negative control: drop the terminal matrix transformation
<stdin>:7:2: error: type mismatch
  dualChargeWord_eq_wordCharge_transform6 word
has type
  RegionalW24.dualChargeWord word = wordCharge (transform6 word) : Prop
but is expected to have type
  RegionalW24.dualChargeWord word = wordCharge word : Prop

