'HMT.IV.LatticeHalfConformalModes.creationHalfTerm' depends on axioms: [propext, Classical.choice, Quot.sound]
'HMT.IV.LatticeHalfConformalModes.annihilationHalfTerm' depends on axioms: [propext, Classical.choice, Quot.sound]
'HMT.IV.LatticeHalfConformalModes.creationHalfTerm_finite' depends on axioms: [propext, Classical.choice, Quot.sound]
'HMT.IV.LatticeHalfConformalModes.annihilationHalfTerm_finite' depends on axioms: [propext,
 Classical.choice,
 Quot.sound]
'HMT.IV.LatticeHalfConformalModes.halfNormalMode' depends on axioms: [propext, Classical.choice, Quot.sound]
'HMT.IV.LatticeHalfConformalModes.halfNormalMode_apply' depends on axioms: [propext, Classical.choice, Quot.sound]
'HMT.IV.LatticeHalfConformalModes.quadraticMode' depends on axioms: [propext, Classical.choice, Quot.sound]
'HMT.IV.LatticeHalfConformalModes.quadraticMode_apply' depends on axioms: [propext, Classical.choice, Quot.sound]
'HMT.IV.LatticeHalfConformalModes.halfMode_nonnegative_vacuum' depends on axioms: [propext,
 Classical.choice,
 Quot.sound]
'HMT.IV.LatticeHalfConformalModes.halfNormalMode_nonnegative_vacuum' depends on axioms: [propext,
 Classical.choice,
 Quot.sound]
'HMT.IV.LatticeHalfConformalModes.quadraticMode_nonnegative_vacuum' depends on axioms: [propext,
 Classical.choice,
 Quot.sound]
'HMT.IV.LatticeHalfConformalModes.halfNormalMode_neg_one_vacuum' depends on axioms: [propext,
 Classical.choice,
 Quot.sound]
'HMT.IV.LatticeHalfConformalModes.quadraticMode_neg_one_vacuum' depends on axioms: [propext,
 Classical.choice,
 Quot.sound]
