'HMT.IV.LatticeHalfConformalCentralVacuum.halfNormalMode_neg_two_vacuum' depends on axioms: [propext,
 Classical.choice,
 Quot.sound]
'HMT.IV.LatticeHalfConformalCentralVacuum.quadraticMode_neg_two_vacuum' depends on axioms: [propext,
 Classical.choice,
 Quot.sound]
'HMT.IV.LatticeHalfConformalCentralVacuum.quadraticMode_two_single' depends on axioms: [propext,
 Classical.choice,
 Quot.sound]
'HMT.IV.LatticeHalfConformalCentralVacuum.quadraticMode_two_pair' depends on axioms: [propext,
 Classical.choice,
 Quot.sound]
'HMT.IV.LatticeHalfConformalCentralVacuum.quadraticMode_two_pair_zero_one' depends on axioms: [propext,
 Classical.choice,
 Quot.sound]
'HMT.IV.LatticeHalfConformalCentralVacuum.quadraticMode_two_pair_one_zero' depends on axioms: [propext,
 Classical.choice,
 Quot.sound]
'HMT.IV.LatticeHalfConformalCentralVacuum.quadratic_commutator_two_neg_two_vacuum' depends on axioms: [propext,
 Classical.choice,
 Quot.sound]
'HMT.IV.LatticeHalfConformalCentralVacuum.shifted_two_vacuum_defect' depends on axioms: [propext,
 Classical.choice,
 Quot.sound]
'HMT.IV.LatticeHalfConformalCentralVacuum.forced_shift_central_vacuum' depends on axioms: [propext,
 Classical.choice,
 Quot.sound]
