'HMT.Shared.FoundationRegression.app_trit_at_every_visit' depends on axioms: [propext, Classical.choice, Quot.sound]
'HMT.Shared.FoundationRegression.unique_regional_seeds' depends on axioms: [propext, Quot.sound]
'HMT.Shared.FoundationRegression.lifts_reconstruct_records' does not depend on any axioms
'HMT.Shared.FoundationRegression.lifts_are_unique' depends on axioms: [propext, Quot.sound]
'HMT.Shared.FoundationRegression.lift_histories_truncate' depends on axioms: [propext]
'HMT.Shared.FoundationRegression.recorded_history_is_retained' depends on axioms: [propext, Quot.sound]
'HMT.Shared.FoundationRegression.nonadic_phase_and_memory' depends on axioms: [propext]
'HMT.Shared.FoundationRegression.recorded_nonadic_return_is_not_reset' depends on axioms: [propext, Quot.sound]
'HMT.Shared.FoundationRegression.joint_publication_at_any_scale' depends on axioms: [propext,
 Classical.choice,
 Quot.sound]
'HMT.Shared.FoundationRegression.publication_at_every_depth' depends on axioms: [propext, Classical.choice, Quot.sound]
'HMT.Shared.FoundationRegression.publication_retains_all_prefixes' depends on axioms: [propext,
 Classical.choice,
 Quot.sound]
'HMT.Shared.FoundationRegression.pi_e_phi_recognition_at_every_depth' depends on axioms: [propext,
 Classical.choice,
 Quot.sound]
'HMT.Shared.FoundationRegression.shared_register_is_selected' depends on axioms: [propext, Classical.choice, Quot.sound]
'HMT.Shared.FoundationRegression.alpha_uses_selected_register' depends on axioms: [propext,
 Classical.choice,
 Quot.sound]
'HMT.Shared.FoundationRegression.high_support_uses_selected_register' depends on axioms: [propext,
 Classical.choice,
 Quot.sound]
'HMT.Shared.FoundationRegression.precarry_uses_selected_register' depends on axioms: [propext,
 Classical.choice,
 Quot.sound]
'HMT.Shared.FoundationRegression.alpha_at_every_depth' depends on axioms: [propext,
 Classical.choice,
 Lean.ofReduceBool,
 Quot.sound]
'HMT.Shared.FoundationRegression.shared_action_electron_contract' depends on axioms: [propext,
 Classical.choice,
 Lean.ofReduceBool,
 Quot.sound]
'HMT.Shared.FoundationRegression.shared_incidence_lattice_contract' depends on axioms: [propext,
 Classical.choice,
 Lean.ofReduceBool,
 Quot.sound]
