'HMT.III.Constitutive.AngularChamber.ext_pair' depends on axioms: [propext, Classical.choice, Quot.sound]
'HMT.III.Constitutive.AngularChamber.channels_contractivity' depends on axioms: [propext, Classical.choice, Quot.sound]
'HMT.III.Constitutive.AngularChamber.angularX_channels' depends on axioms: [propext, Classical.choice, Quot.sound]
'HMT.III.Constitutive.AngularChamber.angularY_channels' depends on axioms: [propext, Classical.choice, Quot.sound]
'HMT.III.Constitutive.AngularChamber.channels_angular_recovery' depends on axioms: [propext,
 Classical.choice,
 Quot.sound]
'HMT.III.Constitutive.AngularChamber.recover_plus' depends on axioms: [propext, Classical.choice, Quot.sound]
'HMT.III.Constitutive.AngularChamber.recover_minus' depends on axioms: [propext, Classical.choice, Quot.sound]
'HMT.III.Constitutive.OrientedChannels.ext_pair' depends on axioms: [propext, Classical.choice, Quot.sound]
'HMT.III.Constitutive.OrientedChannels.channels_chamber' depends on axioms: [propext, Classical.choice, Quot.sound]
'HMT.III.Constitutive.OrientedChannels.labelled_responses_determine_channels' depends on axioms: [propext,
 Classical.choice,
 Quot.sound]
'HMT.III.Constitutive.OrientedChannels.labelled_responses_determine_angles' depends on axioms: [propext,
 Classical.choice,
 Quot.sound]
'HMT.III.Constitutive.AngularChamber.chamber_channels' depends on axioms: [propext, Classical.choice, Quot.sound]
'HMT.III.Constitutive.AngularChamber.labelled_responses_determine_pair' depends on axioms: [propext,
 Classical.choice,
 Quot.sound]
'HMT.III.Constitutive.AngularChamber.labelled_responses_injective' depends on axioms: [propext,
 Classical.choice,
 Quot.sound]
'HMT.III.Constitutive.AngularChamber.normalized_readings_injective' depends on axioms: [propext,
 Classical.choice,
 Quot.sound]
'HMT.III.Constitutive.angularChannelsEquiv' depends on axioms: [propext, Classical.choice, Quot.sound]
