'HMT.I.ConcreteNativeFourPlusOne.incidenceChart' depends on axioms: [propext,
 Classical.choice,
 Lean.ofReduceBool,
 Quot.sound]
'HMT.I.ConcreteNativeFourPlusOne.native_four_plus_one_concrete' depends on axioms: [propext,
 Classical.choice,
 Lean.ofReduceBool,
 Quot.sound]
'HMT.I.ConcreteNativeFourPlusOne.selected_register_four_plus_one' depends on axioms: [propext,
 Classical.choice,
 Lean.ofReduceBool,
 Quot.sound]
'HMT.I.ConcreteNativeFourPlusOne.selected_negative_support_has_unique_octad' depends on axioms: [propext,
 Classical.choice,
 Lean.ofReduceBool,
 Quot.sound]
'HMT.I.ConcreteNativeFourPlusOne.selected_tetrad_image' depends on axioms: [propext,
 Classical.choice,
 Lean.ofReduceBool,
 Quot.sound]
