'HMT.IV.LatticeCoxeterFieldCovariance.fockAction_creationState' depends on axioms: [propext,
 Classical.choice,
 Quot.sound]
'HMT.IV.LatticeCoxeterFieldCovariance.fockAction_chargeAnnihilation' depends on axioms: [propext,
 Classical.choice,
 Quot.sound]
'HMT.IV.LatticeCoxeterFieldCovariance.fockAction_creationMode' depends on axioms: [propext,
 Classical.choice,
 Quot.sound]
'HMT.IV.LatticeCoxeterFieldCovariance.fockAction_annihilationCoefficient' depends on axioms: [propext,
 Classical.choice,
 Quot.sound]
'HMT.IV.LatticeCoxeterFieldCovariance.carrierEquiv_fieldCutoff' depends on axioms: [propext,
 Classical.choice,
 Quot.sound]
'HMT.IV.LatticeCoxeterFieldCovariance.carrierEquiv_fieldCoefficient_pure' depends on axioms: [propext,
 Classical.choice,
 Quot.sound]
'HMT.IV.LatticeCoxeterFieldCovariance.carrierEquiv_fieldCoefficient' depends on axioms: [propext,
 Classical.choice,
 Quot.sound]
'HMT.IV.LatticeCoxeterFieldCovariance.carrierEquiv_conjugates_field' depends on axioms: [propext,
 Classical.choice,
 Quot.sound]
