'HMT.IV.SelectedRadiusTDuality.radius_pos' depends on axioms: [propext, Classical.choice, Lean.ofReduceBool, Quot.sound]
'HMT.IV.SelectedRadiusTDuality.radius_sq' depends on axioms: [propext, Classical.choice, Lean.ofReduceBool, Quot.sound]
'HMT.IV.SelectedRadiusTDuality.radius_fourth' depends on axioms: [propext,
 Classical.choice,
 Lean.ofReduceBool,
 Quot.sound]
'HMT.IV.SelectedRadiusTDuality.radius_lt_one' depends on axioms: [propext,
 Classical.choice,
 Lean.ofReduceBool,
 Quot.sound]
'HMT.IV.SelectedRadiusTDuality.alpha_from_selected_register' depends on axioms: [propext, Classical.choice, Quot.sound]
'HMT.IV.SelectedRadiusTDuality.radius_degree_formula' depends on axioms: [propext,
 Classical.choice,
 Lean.ofReduceBool,
 Quot.sound]
'HMT.IV.SelectedRadiusTDuality.radius_selected_formula' depends on axioms: [propext,
 Classical.choice,
 Lean.ofReduceBool,
 Quot.sound]
'HMT.IV.SelectedRadiusTDuality.selected_energy_duality' depends on axioms: [propext,
 Classical.choice,
 Lean.ofReduceBool,
 Quot.sound]
'HMT.IV.SelectedRadiusTDuality.selected_domain_transport' depends on axioms: [propext,
 Classical.choice,
 Lean.ofReduceBool,
 Quot.sound]
'HMT.IV.SelectedRadiusTDuality.selected_form_transport' depends on axioms: [propext,
 Classical.choice,
 Lean.ofReduceBool,
 Quot.sound]
'HMT.IV.SelectedRadiusTDuality.selected_hamiltonian_intertwining' depends on axioms: [propext,
 Classical.choice,
 Lean.ofReduceBool,
 Quot.sound]
'HMT.IV.SelectedRadiusTDuality.selected_hamiltonian_selfAdjoint' depends on axioms: [propext,
 Classical.choice,
 Lean.ofReduceBool,
 Quot.sound]
'HMT.IV.SelectedRadiusTDuality.reciprocal_hamiltonian_selfAdjoint' depends on axioms: [propext,
 Classical.choice,
 Lean.ofReduceBool,
 Quot.sound]
'HMT.IV.SelectedRadiusTDuality.selected_APP_spin_returns' depends on axioms: [propext, Classical.choice, Quot.sound]
