'HMT.IV.LatticeConformalCentralCoefficient.nonnegative_mode_create' depends on axioms: [propext,
 Classical.choice,
 Quot.sound]
'HMT.IV.LatticeConformalCentralCoefficient.nonnegative_mode_one_creator' depends on axioms: [propext,
 Classical.choice,
 Quot.sound]
'HMT.IV.LatticeConformalCentralCoefficient.nonnegative_mode_two_creators' depends on axioms: [propext,
 Classical.choice,
 Quot.sound]
'HMT.IV.LatticeConformalCentralCoefficient.gram_contract_vectors' depends on axioms: [propext,
 Classical.choice,
 Quot.sound]
'HMT.IV.LatticeConformalCentralCoefficient.gram_contract_vectors_right' depends on axioms: [propext,
 Classical.choice,
 Quot.sound]
'HMT.IV.LatticeConformalCentralCoefficient.nonnegative_mode_conformalState' depends on axioms: [propext,
 Classical.choice,
 Quot.sound]
'HMT.IV.LatticeConformalCentralCoefficient.creationTerm_central_state' depends on axioms: [propext,
 Classical.choice,
 Quot.sound]
'HMT.IV.LatticeConformalCentralCoefficient.annihilationTerm_central_state' depends on axioms: [propext,
 Classical.choice,
 Quot.sound]
'HMT.IV.LatticeConformalCentralCoefficient.normal_central_state' depends on axioms: [propext,
 Classical.choice,
 Quot.sound]
'HMT.IV.LatticeConformalCentralCoefficient.conformalMode_two_state' depends on axioms: [propext,
 Classical.choice,
 Quot.sound]
