'HMT.IV.LatticeConformalTranslation.creation_translation_mode' depends on axioms: [propext,
 Classical.choice,
 Quot.sound]
'HMT.IV.LatticeConformalTranslation.annihilation_translation_mode' depends on axioms: [propext,
 Classical.choice,
 Quot.sound]
'HMT.IV.LatticeConformalTranslation.normal_translation_cutoff' depends on axioms: [propext,
 Classical.choice,
 Quot.sound]
'HMT.IV.LatticeConformalTranslation.gram_symmetrized' depends on axioms: [propext, Classical.choice, Quot.sound]
'HMT.IV.LatticeConformalTranslation.conformal_translation_cutoff' depends on axioms: [propext,
 Classical.choice,
 Quot.sound]
'HMT.IV.LatticeConformalTranslation.charge_term_creator_commute' depends on axioms: [propext,
 Classical.choice,
 Quot.sound]
'HMT.IV.LatticeConformalTranslation.shift_term_creator_commutator' depends on axioms: [propext,
 Classical.choice,
 Quot.sound]
'HMT.IV.LatticeConformalTranslation.conformal_translation_creator' depends on axioms: [propext,
 Classical.choice,
 Quot.sound]
'HMT.IV.LatticeConformalTranslation.conformal_translation_ground' depends on axioms: [propext,
 Classical.choice,
 Quot.sound]
'HMT.IV.LatticeConformalTranslation.conformalMode_neg_one_eq_translation' depends on axioms: [propext,
 Classical.choice,
 Quot.sound]
