'HMT.IV.LatticeConformalHeisenberg.creationTerm_heisenberg' depends on axioms: [propext, Classical.choice, Quot.sound]
'HMT.IV.LatticeConformalHeisenberg.annihilationTerm_heisenberg' depends on axioms: [propext,
 Classical.choice,
 Quot.sound]
'HMT.IV.LatticeConformalHeisenberg.product_commutator' depends on axioms: [propext, Classical.choice, Quot.sound]
'HMT.IV.LatticeConformalHeisenberg.finsum_integer_delta' depends on axioms: [propext, Classical.choice, Quot.sound]
'HMT.IV.LatticeConformalHeisenberg.integer_delta_finite' depends on axioms: [propext, Classical.choice, Quot.sound]
'HMT.IV.LatticeConformalHeisenberg.creation_commutator_delta' depends on axioms: [propext, Classical.choice, Quot.sound]
'HMT.IV.LatticeConformalHeisenberg.annihilation_commutator_delta' depends on axioms: [propext,
 Classical.choice,
 Quot.sound]
'HMT.IV.LatticeConformalHeisenberg.finsum_commutator' depends on axioms: [propext, Classical.choice, Quot.sound]
'HMT.IV.LatticeConformalHeisenberg.normalCoefficient_heisenberg_commutator' depends on axioms: [propext,
 Classical.choice,
 Quot.sound]
'HMT.IV.LatticeConformalHeisenberg.gram_contract_modes' depends on axioms: [propext, Classical.choice, Quot.sound]
'HMT.IV.LatticeConformalHeisenberg.gram_contract_modes_swapped' depends on axioms: [propext,
 Classical.choice,
 Quot.sound]
'HMT.IV.LatticeConformalHeisenberg.conformalMode_heisenberg_commutator_apply' depends on axioms: [propext,
 Classical.choice,
 Quot.sound]
'HMT.IV.LatticeConformalHeisenberg.conformalMode_heisenberg_commutator' depends on axioms: [propext,
 Classical.choice,
 Quot.sound]
