### Compile CalibratedPaleyTransport
'HMT.I.CalibratedPaleyTransport.gamma_left_inverse' depends on axioms: [propext, Classical.choice, Quot.sound]
'HMT.I.CalibratedPaleyTransport.gamma_injective' depends on axioms: [propext, Classical.choice, Quot.sound]
'HMT.I.CalibratedPaleyTransport.rowChange_inverse' depends on axioms: [propext, Classical.choice, Quot.sound]
'HMT.I.CalibratedPaleyTransport.rowChange_injective' depends on axioms: [propext, Classical.choice, Quot.sound]
'HMT.I.CalibratedPaleyTransport.pairedChange_inverse' depends on axioms: [propext, Classical.choice, Quot.sound]
'HMT.I.CalibratedPaleyTransport.pairedChange_injective' depends on axioms: [propext, Classical.choice, Quot.sound]
'HMT.I.CalibratedPaleyTransport.conjugate_mul' depends on axioms: [propext, Classical.choice, Quot.sound]
'HMT.I.CalibratedPaleyTransport.conjugate_neg_one' depends on axioms: [propext, Classical.choice, Quot.sound]
'HMT.I.CalibratedPaleyTransport.conjugate_square' depends on axioms: [propext, Classical.choice, Quot.sound]
'HMT.I.CalibratedPaleyTransport.gamma_covariant' depends on axioms: [propext, Classical.choice, Quot.sound]
'HMT.I.CalibratedPaleyTransport.calibrated_gamma_injective' depends on axioms: [propext, Classical.choice, Quot.sound]
'HMT.I.CalibratedPaleyTransport.generated_pair' depends on axioms: [propext, Classical.choice, Quot.sound]
'HMT.I.CalibratedPaleyTransport.generated_pair_covariant' depends on axioms: [propext, Classical.choice, Quot.sound]
'HMT.I.CalibratedPaleyTransport.generated_square_preserved' depends on axioms: [propext, Classical.choice, Quot.sound]
'HMT.I.CalibratedPaleyTransport.generated_word_recovered' depends on axioms: [propext, Classical.choice, Quot.sound]


### Compile PrefixFrameProjection


### All-declaration transitive-axiom query (stdin only)
'HMT.I.CalibratedPaleyTransport.Mat' does not depend on any axioms
'HMT.I.CalibratedPaleyTransport.Frame' depends on axioms: [propext, Classical.choice, Quot.sound]
'HMT.I.CalibratedPaleyTransport.Word' does not depend on any axioms
'HMT.I.CalibratedPaleyTransport.gamma' depends on axioms: [propext, Classical.choice, Quot.sound]
'HMT.I.CalibratedPaleyTransport.conjugate' depends on axioms: [propext, Classical.choice, Quot.sound]
'HMT.I.CalibratedPaleyTransport.rowChange' depends on axioms: [propext, Classical.choice, Quot.sound]
'HMT.I.CalibratedPaleyTransport.pairedChange' depends on axioms: [propext, Classical.choice, Quot.sound]
'HMT.I.CalibratedPaleyTransport.gamma_fst' depends on axioms: [propext, Classical.choice, Quot.sound]
'HMT.I.CalibratedPaleyTransport.gamma_snd' depends on axioms: [propext, Classical.choice, Quot.sound]
'HMT.I.CalibratedPaleyTransport.gamma_left_inverse' depends on axioms: [propext, Classical.choice, Quot.sound]
'HMT.I.CalibratedPaleyTransport.gamma_injective' depends on axioms: [propext, Classical.choice, Quot.sound]
'HMT.I.CalibratedPaleyTransport.rowChange_inverse' depends on axioms: [propext, Classical.choice, Quot.sound]
'HMT.I.CalibratedPaleyTransport.rowChange_injective' depends on axioms: [propext, Classical.choice, Quot.sound]
'HMT.I.CalibratedPaleyTransport.pairedChange_inverse' depends on axioms: [propext, Classical.choice, Quot.sound]
'HMT.I.CalibratedPaleyTransport.pairedChange_injective' depends on axioms: [propext, Classical.choice, Quot.sound]
'HMT.I.CalibratedPaleyTransport.conjugate_mul' depends on axioms: [propext, Classical.choice, Quot.sound]
'HMT.I.CalibratedPaleyTransport.conjugate_neg_one' depends on axioms: [propext, Classical.choice, Quot.sound]
'HMT.I.CalibratedPaleyTransport.conjugate_square' depends on axioms: [propext, Classical.choice, Quot.sound]
'HMT.I.CalibratedPaleyTransport.gamma_covariant' depends on axioms: [propext, Classical.choice, Quot.sound]
'HMT.I.CalibratedPaleyTransport.calibrated_gamma_injective' depends on axioms: [propext, Classical.choice, Quot.sound]
'HMT.I.CalibratedPaleyTransport.generated_pair' depends on axioms: [propext, Classical.choice, Quot.sound]
'HMT.I.CalibratedPaleyTransport.generated_pair_covariant' depends on axioms: [propext, Classical.choice, Quot.sound]
'HMT.I.CalibratedPaleyTransport.generated_square_preserved' depends on axioms: [propext, Classical.choice, Quot.sound]
'HMT.I.CalibratedPaleyTransport.generated_word_recovered' depends on axioms: [propext, Classical.choice, Quot.sound]
'HMT.I.PrefixFrameProjection.Event' does not depend on any axioms
'HMT.I.PrefixFrameProjection.History' does not depend on any axioms
'HMT.I.PrefixFrameProjection.Transport' depends on axioms: [propext, Classical.choice, Quot.sound]
'HMT.I.PrefixFrameProjection.historyPrefix' does not depend on any axioms
'HMT.I.PrefixFrameProjection.frameAt' depends on axioms: [propext, Classical.choice, Quot.sound]
'HMT.I.PrefixFrameProjection.prefix_eq_of_agreement' depends on axioms: [propext, Quot.sound]
'HMT.I.PrefixFrameProjection.frame_depends_only_on_prefix' depends on axioms: [propext, Classical.choice, Quot.sound]
'HMT.I.PrefixFrameProjection.transportedOperator' depends on axioms: [propext, Classical.choice, Quot.sound]
'HMT.I.PrefixFrameProjection.transported_square' depends on axioms: [propext, Classical.choice, Quot.sound]
'HMT.I.PrefixFrameProjection.Entry' depends on axioms: [propext, Classical.choice, Quot.sound]
'HMT.I.PrefixFrameProjection.entry' depends on axioms: [propext, Classical.choice, Quot.sound]
'HMT.I.PrefixFrameProjection.readWords' depends on axioms: [propext, Classical.choice, Quot.sound]
'HMT.I.PrefixFrameProjection.read_entry' depends on axioms: [propext, Classical.choice, Quot.sound]
'HMT.I.PrefixFrameProjection.entry_depends_only_on_prefix' depends on axioms: [propext, Classical.choice, Quot.sound]
'HMT.I.PrefixFrameProjection.Q' depends on axioms: [propext, Classical.choice, Quot.sound]
'HMT.I.PrefixFrameProjection.Q_length' depends on axioms: [propext, Classical.choice, Quot.sound]
'HMT.I.PrefixFrameProjection.Q_truncate' depends on axioms: [propext, Classical.choice, Quot.sound]
'HMT.I.PrefixFrameProjection.Q_depends_only_on_prefix' depends on axioms: [propext, Classical.choice, Quot.sound]
'HMT.I.PrefixFrameProjection.projective_naturality' depends on axioms: [propext, Classical.choice, Quot.sound]
'HMT.I.PrefixFrameProjection.Q_visible_prefix' depends on axioms: [propext, Classical.choice, Quot.sound]
'HMT.I.PrefixFrameProjection.Qinf' depends on axioms: [propext, Classical.choice, Quot.sound]
'HMT.I.PrefixFrameProjection.Qinf_compatible' depends on axioms: [propext, Classical.choice, Quot.sound]
'HMT.I.PrefixFrameProjection.Qinf_unique' depends on axioms: [propext, Classical.choice, Quot.sound]
'HMT.I.PrefixFrameProjection.Qinf_visible_faithful' depends on axioms: [propext, Classical.choice, Quot.sound]
'HMT.I.PrefixFrameProjection.nine_preserves_and_extends' depends on axioms: [propext, Classical.choice, Quot.sound]
'HMT.I.PrefixFrameProjection.emittedHistory' depends on axioms: [propext, Classical.choice, Quot.sound]
'HMT.I.PrefixFrameProjection.identity_frames' depends on axioms: [propext, Classical.choice, Quot.sound]
'HMT.I.PrefixFrameProjection.labelFixedFrame' depends on axioms: [propext, Classical.choice, Quot.sound]
'HMT.I.PrefixFrameProjection.fixed_frame_extends_previous' depends on axioms: [propext, Classical.choice, Quot.sound]
'HMT.I.PrefixFrameProjection.enriched_double_reading' depends on axioms: [propext, Classical.choice, Quot.sound]
'HMT.I.PrefixFrameProjection.transported_double_reading' depends on axioms: [propext, Classical.choice, Quot.sound]


### Fixed-type interface applications


### Negative control: force memory reset
<stdin>:27:2: error: type mismatch
  nine_preserves_and_extends emit g f0 x n
has type
  (n + 9) % 9 = n % 9 ∧
    List.take n (Q emit g f0 x (n + 9)) = Q emit g f0 x n ∧ Q emit g f0 x (n + 9) ≠ Q emit g f0 x n : Prop
but is expected to have type
  (n + 9) % 9 = n % 9 ∧
    List.take n (Q emit g f0 x (n + 9)) = Q emit g f0 x n ∧ Q emit g f0 x (n + 9) = Q emit g f0 x n : Prop

