### Compile ProducedFrameProjection


### All-declaration transitive-axiom query (stdin only)
'HMT.I.ProducedFrameProjection.produce_success' depends on axioms: [propext, Classical.choice, Quot.sound]
'HMT.I.ProducedFrameProjection.actualOutput' depends on axioms: [propext, Classical.choice, Quot.sound]
'HMT.I.ProducedFrameProjection.actualOutput_generated' depends on axioms: [propext, Classical.choice, Quot.sound]
'HMT.I.ProducedFrameProjection.actualOutput_produced' depends on axioms: [propext, Classical.choice, Quot.sound]
'HMT.I.ProducedFrameProjection.emit' depends on axioms: [propext, Classical.choice, Quot.sound]
'HMT.I.ProducedFrameProjection.producedHistory' depends on axioms: [propext, Classical.choice, Quot.sound]
'HMT.I.ProducedFrameProjection.produced_emission' depends on axioms: [propext, Classical.choice, Quot.sound]
'HMT.I.ProducedFrameProjection.produced_signature' depends on axioms: [propext, Classical.choice, Quot.sound]
'HMT.I.ProducedFrameProjection.produced_prefixes' depends on axioms: [propext, Classical.choice, Quot.sound]
'HMT.I.ProducedFrameProjection.produced_column_carry' depends on axioms: [propext, Classical.choice, Quot.sound]
'HMT.I.ProducedFrameProjection.produced_witt_charge' depends on axioms: [propext, Classical.choice, Quot.sound]
'HMT.I.ProducedFrameProjection.produced_double_reading' depends on axioms: [propext, Classical.choice, Quot.sound]
'HMT.I.ProducedFrameProjection.same_produced_state' depends on axioms: [propext, Classical.choice, Quot.sound]


### Fixed-type interface applications


### Negative control: force memory reset
<stdin>:60:2: error: type mismatch
  nine_preserves_and_extends emit g f0 x n
has type
  (n + 9) % 9 = n % 9 ∧
    List.take n (HMT.I.PrefixFrameProjection.Q emit g f0 x (n + 9)) = HMT.I.PrefixFrameProjection.Q emit g f0 x n ∧
      HMT.I.PrefixFrameProjection.Q emit g f0 x (n + 9) ≠ HMT.I.PrefixFrameProjection.Q emit g f0 x n : Prop
but is expected to have type
  (n + 9) % 9 = n % 9 ∧
    List.take n (HMT.I.PrefixFrameProjection.Q emit g f0 x (n + 9)) = HMT.I.PrefixFrameProjection.Q emit g f0 x n ∧
      HMT.I.PrefixFrameProjection.Q emit g f0 x (n + 9) = HMT.I.PrefixFrameProjection.Q emit g f0 x n : Prop

