'HMT.I.SelectedElectron.composition_correct_reader' depends on axioms: [propext, Classical.choice, Quot.sound]
'HMT.I.SelectedElectron.composition_formula_from_APP' depends on axioms: [propext, Classical.choice, Quot.sound]
'HMT.I.SelectedElectron.composition_formula_from_regional_character' depends on axioms: [propext,
 Classical.choice,
 Quot.sound]
'HMT.I.SelectedElectron.composition_positive' depends on axioms: [propext,
 Classical.choice,
 Lean.ofReduceBool,
 Quot.sound]
'HMT.I.SelectedElectron.composition_unit_independent' depends on axioms: [propext, Classical.choice, Quot.sound]
'HMT.I.SelectedElectron.reference_mass_positive' depends on axioms: [propext,
 Classical.choice,
 Lean.ofReduceBool,
 Quot.sound]
'HMT.I.SelectedElectron.mass_operator_positive' depends on axioms: [propext,
 Classical.choice,
 Lean.ofReduceBool,
 Quot.sound]
'HMT.I.SelectedElectron.mass_operator_basis' depends on axioms: [propext,
 Classical.choice,
 Lean.ofReduceBool,
 Quot.sound]
'HMT.I.SelectedElectron.mass_operator_basis_from_APP' depends on axioms: [propext,
 Classical.choice,
 Lean.ofReduceBool,
 Quot.sound]
'HMT.I.SelectedElectron.electronic_publication' depends on axioms: [propext,
 Classical.choice,
 Lean.ofReduceBool,
 Quot.sound]
