'HMT.IV.LatticeTwistedChargeNormalization.normScalar' depends on axioms: [propext, Classical.choice, Quot.sound]
'HMT.IV.LatticeTwistedChargeNormalization.normScalar_ne_zero' depends on axioms: [propext, Classical.choice, Quot.sound]
'HMT.IV.LatticeTwistedChargeNormalization.normScalar_neg' depends on axioms: [propext, Classical.choice, Quot.sound]
'HMT.IV.LatticeTwistedChargeNormalization.normScalar_zero' depends on axioms: [propext, Classical.choice, Quot.sound]
'HMT.IV.LatticeTwistedChargeNormalization.chargeCoefficient' depends on axioms: [propext, Classical.choice, Quot.sound]
'HMT.IV.LatticeTwistedChargeNormalization.chargeCoefficient_bounded_pole' depends on axioms: [propext,
 Classical.choice,
 Quot.sound]
'HMT.IV.LatticeTwistedChargeNormalization.chargeField' depends on axioms: [propext, Classical.choice, Quot.sound]
'HMT.IV.LatticeTwistedChargeNormalization.chargeField_coefficient' depends on axioms: [propext,
 Classical.choice,
 Quot.sound]
'HMT.IV.LatticeTwistedChargeNormalization.chargeCoefficient_conformal_commutator' depends on axioms: [propext,
 Classical.choice,
 Quot.sound]
'HMT.IV.LatticeTwistedChargeNormalization.chargeCoefficient_weight_shift' depends on axioms: [propext,
 Classical.choice,
 Quot.sound]
'HMT.IV.LatticeTwistedChargeNormalization.chargeField_weight_shift' depends on axioms: [propext,
 Classical.choice,
 Quot.sound]
'HMT.IV.LatticeTwistedChargeNormalization.chargeField_mode_weight_shift' depends on axioms: [propext,
 Classical.choice,
 Quot.sound]
'HMT.IV.LatticeTwistedChargeNormalization.annihilationPotential_zero_charge' depends on axioms: [propext,
 Classical.choice,
 Quot.sound]
'HMT.IV.LatticeTwistedChargeNormalization.annihilationCoefficient_zero_charge' depends on axioms: [propext,
 Classical.choice,
 Quot.sound]
'HMT.IV.LatticeTwistedChargeNormalization.creationMode_zero_charge' depends on axioms: [propext,
 Classical.choice,
 Quot.sound]
'HMT.IV.LatticeTwistedChargeNormalization.basisKernel_zero_charge' depends on axioms: [propext,
 Classical.choice,
 Quot.sound]
'HMT.IV.LatticeTwistedChargeNormalization.kernel_zero_charge' depends on axioms: [propext, Classical.choice, Quot.sound]
'HMT.IV.LatticeTwistedChargeNormalization.positiveCoefficient_zero_charge' depends on axioms: [propext,
 Classical.choice,
 Quot.sound]
'HMT.IV.LatticeTwistedChargeNormalization.chargeField_zero_charge' depends on axioms: [propext,
 Classical.choice,
 Quot.sound]
