'HMT.II.SelectedAreaInformation.gamma_pos' depends on axioms: [propext, Classical.choice, Lean.ofReduceBool, Quot.sound]
'HMT.II.SelectedAreaInformation.gamma_from_speed_impedance' depends on axioms: [propext,
 Classical.choice,
 Lean.ofReduceBool,
 Quot.sound]
'HMT.II.SelectedAreaInformation.gamma_nonadic_trace' depends on axioms: [propext,
 Classical.choice,
 Lean.ofReduceBool,
 Quot.sound]
'HMT.II.SelectedAreaInformation.selected_area_information' depends on axioms: [propext,
 Classical.choice,
 Lean.ofReduceBool,
 Quot.sound]
'HMT.II.SelectedAreaInformation.thetaClock_from_degrees' depends on axioms: [propext,
 Classical.choice,
 Lean.ofReduceBool,
 Quot.sound]
'HMT.II.SelectedAreaInformation.selected_generated_area_information' depends on axioms: [propext,
 Classical.choice,
 Lean.ofReduceBool,
 Quot.sound]
