'HMT.I.APPSpinBridge.phaseVector_trit' depends on axioms: [propext, Classical.choice, Quot.sound]
'HMT.I.APPSpinBridge.gram_phaseVector' depends on axioms: [propext, Classical.choice, Quot.sound]
'HMT.I.APPSpinBridge.first_inner' depends on axioms: [propext, Classical.choice, Quot.sound]
'HMT.I.APPSpinBridge.first_second_inner' depends on axioms: [propext, Classical.choice, Quot.sound]
'HMT.I.APPSpinBridge.second_inner' depends on axioms: [propext, Classical.choice, Quot.sound]
'HMT.I.APPSpinBridge.sigma_first' depends on axioms: [propext, Classical.choice, Quot.sound]
'HMT.I.APPSpinBridge.sigma_second' depends on axioms: [propext, Classical.choice, Quot.sound]
'HMT.I.APPSpinBridge.pi_first' depends on axioms: [propext, Classical.choice, Quot.sound]
'HMT.I.APPSpinBridge.pi_second' depends on axioms: [propext, Classical.choice, Quot.sound]
'HMT.I.APPSpinBridge.planeLinear_inner' depends on axioms: [propext, Classical.choice, Quot.sound]
'HMT.I.APPSpinBridge.planeEmbedding' depends on axioms: [propext, Classical.choice, Quot.sound]
'HMT.I.APPSpinBridge.sigma_intertwining' depends on axioms: [propext, Classical.choice, Quot.sound]
'HMT.I.APPSpinBridge.pi_intertwining' depends on axioms: [propext, Classical.choice, Quot.sound]
'HMT.I.APPSpinBridge.commutator_intertwining' depends on axioms: [propext, Classical.choice, Quot.sound]
'HMT.I.APPSpinBridge.S_intertwining' depends on axioms: [propext, Classical.choice, Quot.sound]
'HMT.I.APPSpinBridge.J_intertwining' depends on axioms: [propext, Classical.choice, Quot.sound]
'HMT.I.APPSpinBridge.uniformPlane_norm' depends on axioms: [propext, Classical.choice, Quot.sound]
'HMT.I.APPSpinBridge.uniform_sigma_intertwining' depends on axioms: [propext, Classical.choice, Quot.sound]
'HMT.I.APPSpinBridge.uniform_pi_intertwining' depends on axioms: [propext, Classical.choice, Quot.sound]
'HMT.I.APPSpinBridge.sigma_invariant' depends on axioms: [propext, Classical.choice, Quot.sound]
'HMT.I.APPSpinBridge.pi_invariant' depends on axioms: [propext, Classical.choice, Quot.sound]
'HMT.I.APPSpinBridge.actual_APP_local_block' depends on axioms: [propext, Classical.choice, Quot.sound]
