'HMT.III.Constitutive.TwoSheetProjectors.transport_pow' depends on axioms: [propext, Classical.choice, Quot.sound]
'HMT.III.Constitutive.TwoSheetProjectors.denominator_inverse_right' depends on axioms: [propext,
 Classical.choice,
 Quot.sound]
'HMT.III.Constitutive.TwoSheetProjectors.denominator_inverse_left' depends on axioms: [propext,
 Classical.choice,
 Quot.sound]
'HMT.III.Constitutive.TwoSheetProjectors.denominatorUnit' depends on axioms: [propext, Classical.choice, Quot.sound]
'HMT.III.Constitutive.TwoSheetProjectors.vacuum_decomposition' depends on axioms: [propext,
 Classical.choice,
 Quot.sound]
'HMT.III.Constitutive.TwoSheetProjectors.completion_inverse_right' depends on axioms: [propext,
 Classical.choice,
 Quot.sound]
'HMT.III.Constitutive.TwoSheetProjectors.completion_inverse_left' depends on axioms: [propext,
 Classical.choice,
 Quot.sound]
'HMT.III.Constitutive.TwoSheetProjectors.completion_equation' depends on axioms: [propext, Classical.choice, Quot.sound]
'HMT.III.Constitutive.TwoSheetProjectors.completion_formula' depends on axioms: [propext, Classical.choice, Quot.sound]
'HMT.III.Constitutive.TwoSheetProjectors.completion_exists_unique' depends on axioms: [propext,
 Classical.choice,
 Quot.sound]
