'HMT.IV.LatticeEvenRestrictedDual.vanishesAbove' depends on axioms: [propext, Classical.choice, Quot.sound]
'HMT.IV.LatticeEvenRestrictedDual.representativeBelow' depends on axioms: [propext, Classical.choice, Quot.sound]
'HMT.IV.LatticeEvenRestrictedDual.homogeneousRepresentative_pair_same' depends on axioms: [propext,
 Classical.choice,
 Quot.sound]
'HMT.IV.LatticeEvenRestrictedDual.representativeBelow_pair_weight' depends on axioms: [propext,
 Classical.choice,
 Quot.sound]
'HMT.IV.LatticeEvenRestrictedDual.representativeBelow_pair' depends on axioms: [propext, Classical.choice, Quot.sound]
'HMT.IV.LatticeEvenRestrictedDual.representative_unique' depends on axioms: [propext, Classical.choice, Quot.sound]
'HMT.IV.LatticeEvenRestrictedDual.representativeBelow_independent' depends on axioms: [propext,
 Classical.choice,
 Quot.sound]
'HMT.IV.LatticeEvenRestrictedDual.vanishesAbove_mono' depends on axioms: [propext, Classical.choice, Quot.sound]
'HMT.IV.LatticeEvenRestrictedDual.boundedDual' depends on axioms: [propext, Classical.choice, Quot.sound]
'HMT.IV.LatticeEvenRestrictedDual.reconstruct' depends on axioms: [propext, Classical.choice, Quot.sound]
'HMT.IV.LatticeEvenRestrictedDual.reconstruct_pair' depends on axioms: [propext, Classical.choice, Quot.sound]
'HMT.IV.LatticeEvenRestrictedDual.reconstruction' depends on axioms: [propext, Classical.choice, Quot.sound]
'HMT.IV.LatticeEvenRestrictedDual.reconstruction_injective' depends on axioms: [propext, Classical.choice, Quot.sound]
'HMT.IV.LatticeEvenRestrictedDual.pairing_has_bounded_weight_support' depends on axioms: [propext,
 Classical.choice,
 Quot.sound]
'HMT.IV.LatticeEvenRestrictedDual.pairingEmbedding' depends on axioms: [propext, Classical.choice, Quot.sound]
'HMT.IV.LatticeEvenRestrictedDual.reconstruction_pairingEmbedding' depends on axioms: [propext,
 Classical.choice,
 Quot.sound]
'HMT.IV.LatticeEvenRestrictedDual.pairingEmbedding_reconstruction' depends on axioms: [propext,
 Classical.choice,
 Quot.sound]
'HMT.IV.LatticeEvenRestrictedDual.restrictedDualEquivalence' depends on axioms: [propext, Classical.choice, Quot.sound]
