'HMT.I.ConcreteWittChart.position_injective' depends on axioms: [propext, Classical.choice, Quot.sound]
'HMT.I.ConcreteWittChart.positions_image' depends on axioms: [propext, Classical.choice, Lean.ofReduceBool, Quot.sound]
'HMT.I.ConcreteWittChart.allHexads_card' depends on axioms: [propext, Classical.choice, Lean.ofReduceBool, Quot.sound]
'HMT.I.ConcreteWittChart.marked_tetrad_image' depends on axioms: [propext,
 Classical.choice,
 Lean.ofReduceBool,
 Quot.sound]
'HMT.I.ConcreteWittChart.finite_lift_certificate' depends on axioms: [propext,
 Classical.choice,
 Lean.ofReduceBool,
 Quot.sound]
'HMT.I.ConcreteWittChart.source_hexads_preserved' depends on axioms: [propext,
 Classical.choice,
 Lean.ofReduceBool,
 Quot.sound]
'HMT.I.ConcreteWittChart.residualHexads_card' depends on axioms: [propext,
 Classical.choice,
 Lean.ofReduceBool,
 Quot.sound]
'HMT.I.ConcreteWittChart.complete_hexad_transport' depends on axioms: [propext,
 Classical.choice,
 Lean.ofReduceBool,
 Quot.sound]
'HMT.I.ConcreteWittChart.chart_covers_every_residual_hexad' depends on axioms: [propext,
 Classical.choice,
 Lean.ofReduceBool,
 Quot.sound]
