'HMT.Shared.ArticleIII.CatalanPell.selected_arguments_mem' depends on axioms: [propext,
 Classical.choice,
 Lean.ofReduceBool,
 Quot.sound]
'HMT.Shared.ArticleIII.CatalanPell.selected_response_arguments' depends on axioms: [propext,
 Classical.choice,
 Lean.ofReduceBool,
 Quot.sound]
'HMT.Shared.ArticleIII.CatalanPell.selected_moment_integrals' depends on axioms: [propext,
 Classical.choice,
 Lean.ofReduceBool,
 Quot.sound]
'HMT.Shared.ArticleIII.CatalanPell.selected_second_euler_coefficients' depends on axioms: [propext,
 Classical.choice,
 Lean.ofReduceBool,
 Quot.sound]
'HMT.Shared.ArticleIII.CatalanPell.selected_response_from_moment' depends on axioms: [propext,
 Classical.choice,
 Lean.ofReduceBool,
 Quot.sound]
'HMT.Shared.ArticleIII.CatalanPell.selected_response_from_resolvent' depends on axioms: [propext,
 Classical.choice,
 Lean.ofReduceBool,
 Quot.sound]
'HMT.Shared.ArticleIII.CatalanPell.selected_series_from_character' depends on axioms: [propext,
 Classical.choice,
 Lean.ofReduceBool,
 Quot.sound]
'HMT.Shared.ArticleIII.CatalanPell.pell_complete_in_constructed_pi' depends on axioms: [propext,
 Classical.choice,
 Quot.sound]
'HMT.Shared.ArticleIII.CatalanPell.pell_integral_evaluation' depends on axioms: [propext, Classical.choice, Quot.sound]
'HMT.Shared.ArticleIII.CatalanPell.shared_catalan_pell_publication' depends on axioms: [propext,
 Classical.choice,
 Lean.ofReduceBool,
 Quot.sound]
