'HMT.II.CKMFromSharedBase.coordinate_sources' depends on axioms: [propext, Classical.choice, Quot.sound]
'HMT.II.CKMFromSharedBase.angular_input_bounds' depends on axioms: [propext,
 Classical.choice,
 Lean.ofReduceBool,
 Quot.sound]
'HMT.II.CKMFromSharedBase.coordinate_recovery' depends on axioms: [propext, Classical.choice, Quot.sound]
'HMT.II.CKMFromSharedBase.phase_check' depends on axioms: [propext, Classical.choice, Quot.sound]
'HMT.II.CKMFromSharedBase.unitary' depends on axioms: [propext, Classical.choice, Quot.sound]
'HMT.II.CKMFromSharedBase.jarlskog_positive' depends on axioms: [propext,
 Classical.choice,
 Lean.ofReduceBool,
 Quot.sound]
'HMT.II.CKMFromSharedBase.no_real_rephasing' depends on axioms: [propext,
 Classical.choice,
 Lean.ofReduceBool,
 Quot.sound]
'HMT.II.CKMFromSharedBase.mass_transport' depends on axioms: [propext, Classical.choice, Quot.sound]
'HMT.II.CKMFromSharedBase.commutator_determinant' depends on axioms: [propext, Classical.choice, Quot.sound]
'HMT.II.CKMFromSharedBase.commutator_nonzero' depends on axioms: [propext,
 Classical.choice,
 Lean.ofReduceBool,
 Quot.sound]
'HMT.II.CKMFromSharedBase.principal_ckm_publication' depends on axioms: [propext,
 Classical.choice,
 Lean.ofReduceBool,
 Quot.sound]
