'HMT.Shared.ArticleIII.alpha_uses_shared_register' depends on axioms: [propext, Classical.choice, Quot.sound]
'HMT.Shared.ArticleIII.angles_from_selected_constants' depends on axioms: [propext,
 Classical.choice,
 Lean.ofReduceBool,
 Quot.sound]
'HMT.Shared.ArticleIII.angle_order' depends on axioms: [propext, Classical.choice, Lean.ofReduceBool, Quot.sound]
'HMT.Shared.ArticleIII.channels_from_selected_constants' depends on axioms: [propext,
 Classical.choice,
 Lean.ofReduceBool,
 Quot.sound]
'HMT.Shared.ArticleIII.response_order' depends on axioms: [propext, Classical.choice, Lean.ofReduceBool, Quot.sound]
'HMT.Shared.ArticleIII.response_from_channels' depends on axioms: [propext,
 Classical.choice,
 Lean.ofReduceBool,
 Quot.sound]
'HMT.Shared.ArticleIII.coordinates_from_response' depends on axioms: [propext,
 Classical.choice,
 Lean.ofReduceBool,
 Quot.sound]
'HMT.Shared.ArticleIII.coordinates_positive' depends on axioms: [propext,
 Classical.choice,
 Lean.ofReduceBool,
 Quot.sound]
'HMT.Shared.ArticleIII.constitutive_identities' depends on axioms: [propext,
 Classical.choice,
 Lean.ofReduceBool,
 Quot.sound]
'HMT.Shared.ArticleIII.positive_coordinates_exist_unique' depends on axioms: [propext,
 Classical.choice,
 Lean.ofReduceBool,
 Quot.sound]
'HMT.Shared.ArticleIII.operator_positive' depends on axioms: [propext, Classical.choice, Lean.ofReduceBool, Quot.sound]
'HMT.Shared.ArticleIII.operator_completion_unique' depends on axioms: [propext,
 Classical.choice,
 Lean.ofReduceBool,
 Quot.sound]
'HMT.Shared.ArticleIII.inverse_readings' depends on axioms: [propext, Classical.choice, Lean.ofReduceBool, Quot.sound]
'HMT.Shared.ArticleIII.cubic_roots_exist_unique' depends on axioms: [propext,
 Classical.choice,
 Lean.ofReduceBool,
 Quot.sound]
'HMT.Shared.ArticleIII.inverse_recovers_channels' depends on axioms: [propext,
 Classical.choice,
 Lean.ofReduceBool,
 Quot.sound]
'HMT.Shared.ArticleIII.inverse_recovers_selected_degrees' depends on axioms: [propext,
 Classical.choice,
 Lean.ofReduceBool,
 Quot.sound]
'HMT.Shared.ArticleIII.speed_at_every_refinement' depends on axioms: [propext,
 Classical.choice,
 Lean.ofReduceBool,
 Quot.sound]
'HMT.Shared.ArticleIII.kinetic_speed_is_constitutive' depends on axioms: [propext,
 Classical.choice,
 Lean.ofReduceBool,
 Quot.sound]
'HMT.Shared.ArticleIII.oriented_exchange' depends on axioms: [propext, Classical.choice, Lean.ofReduceBool, Quot.sound]
'HMT.Shared.ArticleIII.constitutive_recovers_action_shape' depends on axioms: [propext,
 Classical.choice,
 Lean.ofReduceBool,
 Quot.sound]
'HMT.Shared.ArticleIII.constructed_pi_recognition' depends on axioms: [propext, Classical.choice, Quot.sound]
'HMT.Shared.ArticleIII.gamma_from_selected_angles' depends on axioms: [propext,
 Classical.choice,
 Lean.ofReduceBool,
 Quot.sound]
'HMT.Shared.ArticleIII.gamma_from_constitutive_readings' depends on axioms: [propext,
 Classical.choice,
 Lean.ofReduceBool,
 Quot.sound]
'HMT.Shared.ArticleIII.gamma_at_every_refinement' depends on axioms: [propext,
 Classical.choice,
 Lean.ofReduceBool,
 Quot.sound]
'HMT.Shared.ArticleIII.shared_constitutive_publication' depends on axioms: [propext,
 Classical.choice,
 Lean.ofReduceBool,
 Quot.sound]
