'HMT.II.FromSharedBase.degree_chamber' depends on axioms: [propext, Classical.choice, Lean.ofReduceBool, Quot.sound]
'HMT.II.FromSharedBase.radian_chamber' depends on axioms: [propext, Classical.choice, Lean.ofReduceBool, Quot.sound]
'HMT.II.FromSharedBase.channel_source_formula' depends on axioms: [propext,
 Classical.choice,
 Lean.ofReduceBool,
 Quot.sound]
'HMT.II.FromSharedBase.degree_recovery' depends on axioms: [propext, Classical.choice, Lean.ofReduceBool, Quot.sound]
'HMT.II.FromSharedBase.barbero_degree_formula' depends on axioms: [propext,
 Classical.choice,
 Lean.ofReduceBool,
 Quot.sound]
'HMT.II.FromSharedBase.barbero_from_constitutive_response' depends on axioms: [propext,
 Classical.choice,
 Lean.ofReduceBool,
 Quot.sound]
'HMT.II.FromSharedBase.barbero_oriented_trace' depends on axioms: [propext,
 Classical.choice,
 Lean.ofReduceBool,
 Quot.sound]
'HMT.II.FromSharedBase.barbero_reversed_orientation' depends on axioms: [propext,
 Classical.choice,
 Lean.ofReduceBool,
 Quot.sound]
'HMT.II.FromSharedBase.action_angle_covariance' depends on axioms: [propext, Classical.choice, Quot.sound]
'HMT.II.FromSharedBase.principal_angular_barbero_publication' depends on axioms: [propext,
 Classical.choice,
 Lean.ofReduceBool,
 Quot.sound]
