'HMT.IV.LatticeTwistedPairProduct.contragredientCoefficient_bounded' depends on axioms: [propext,
 Classical.choice,
 Quot.sound]
'HMT.IV.LatticeTwistedPairProduct.boundedCoefficient' depends on axioms: [propext, Classical.choice, Quot.sound]
'HMT.IV.LatticeTwistedPairProduct.pairCoefficient' depends on axioms: [propext, Classical.choice, Quot.sound]
'HMT.IV.LatticeTwistedPairProduct.pairCoefficient_pair' depends on axioms: [propext, Classical.choice, Quot.sound]
'HMT.IV.LatticeTwistedPairProduct.pairCoefficient_unique' depends on axioms: [propext, Classical.choice, Quot.sound]
'HMT.IV.LatticeTwistedPairProduct.contragredientCoefficient_homogeneous_lower' depends on axioms: [propext,
 Classical.choice,
 Quot.sound]
'HMT.IV.LatticeTwistedPairProduct.contragredientCoefficient_lower' depends on axioms: [propext,
 Classical.choice,
 Quot.sound]
'HMT.IV.LatticeTwistedPairProduct.pairCoefficient_lower' depends on axioms: [propext, Classical.choice, Quot.sound]
'HMT.IV.LatticeTwistedPairProduct.twistedPairFieldAt' depends on axioms: [propext, Classical.choice, Quot.sound]
'HMT.IV.LatticeTwistedPairProduct.twistedPairField' depends on axioms: [propext, Classical.choice, Quot.sound]
'HMT.IV.LatticeTwistedPairProduct.twistedPairField_coefficient' depends on axioms: [propext,
 Classical.choice,
 Quot.sound]
'HMT.IV.LatticeTwistedPairProduct.twistedPairField_pair' depends on axioms: [propext, Classical.choice, Quot.sound]
'HMT.IV.LatticeOrbifoldFullStateFields.stateField' depends on axioms: [propext, Classical.choice, Quot.sound]
'HMT.IV.LatticeOrbifoldFullStateFields.stateField_coefficient' depends on axioms: [propext,
 Classical.choice,
 Quot.sound]
'HMT.IV.LatticeOrbifoldFullStateFields.stateField_vacuum' depends on axioms: [propext, Classical.choice, Quot.sound]
'HMT.IV.LatticeOrbifoldFullStateFields.stateField_creation' depends on axioms: [propext, Classical.choice, Quot.sound]
'HMT.IV.LatticeOrbifoldFullStateFields.stateField_negative_vacuum' depends on axioms: [propext,
 Classical.choice,
 Quot.sound]
'HMT.IV.LatticeOrbifoldFullStateFields.stateField_injective' depends on axioms: [propext, Classical.choice, Quot.sound]
'HMT.IV.LatticeOrbifoldFullStateFields.stateField_twisted_even' depends on axioms: [propext,
 Classical.choice,
 Quot.sound]
'HMT.IV.LatticeOrbifoldFullStateFields.stateField_twisted_twisted' depends on axioms: [propext,
 Classical.choice,
 Quot.sound]
'HMT.IV.LatticeOrbifoldFullStateFields.stateField_conformal_coefficient' depends on axioms: [propext,
 Classical.choice,
 Quot.sound]
'HMT.IV.LatticeOrbifoldFullStateFields.stateField_conformal_virasoro' depends on axioms: [propext,
 Classical.choice,
 Quot.sound]
