'HMT.I.SelectedStateField.selected_field_creates' depends on axioms: [propext,
 Classical.choice,
 Lean.ofReduceBool,
 Quot.sound]
'HMT.I.SelectedStateField.selected_field_injective' depends on axioms: [propext,
 Classical.choice,
 Lean.ofReduceBool,
 Quot.sound]
'HMT.I.SelectedStateField.selected_ground_field' depends on axioms: [propext,
 Classical.choice,
 Lean.ofReduceBool,
 Quot.sound]
'HMT.I.SelectedStateField.selected_vacuum_field' depends on axioms: [propext,
 Classical.choice,
 Lean.ofReduceBool,
 Quot.sound]
'HMT.I.SelectedStateField.selected_field_truncation' depends on axioms: [propext,
 Classical.choice,
 Lean.ofReduceBool,
 Quot.sound]
'HMT.I.SelectedStateField.selected_state_fields_and_generator_localities' depends on axioms: [propext,
 Classical.choice,
 Lean.ofReduceBool,
 Quot.sound]
