'FiniteWeyl.clock_phase_advance' depends on axioms: [propext, Classical.choice, Quot.sound]
'FiniteWeyl.app_sum_publication' depends on axioms: [propext, Quot.sound]
'FiniteWeyl.app_product_publication' depends on axioms: [propext, Quot.sound]
'FiniteWeyl.plaquette_curvatures' depends on axioms: [propext, Quot.sound]
'FiniteWeyl.trit_elliptic_realization' depends on axioms: [propext, Classical.choice, Quot.sound]
'FiniteWeyl.phase_recognition' depends on axioms: [propext, Classical.choice, Quot.sound]
'FiniteWeyl.phase_zero' depends on axioms: [propext, Classical.choice, Quot.sound]
'FiniteWeyl.phase_add' depends on axioms: [propext, Classical.choice, Quot.sound]
'FiniteWeyl.phase_injective' depends on axioms: [propext, Classical.choice, Quot.sound]
'FiniteWeyl.phase_norm' depends on axioms: [propext, Classical.choice, Quot.sound]
'FiniteWeyl.phase_ne_zero' depends on axioms: [propext, Classical.choice, Quot.sound]
'FiniteWeyl.phase_neg_mul' depends on axioms: [propext, Classical.choice, Quot.sound]
'FiniteWeyl.phase_pow_nine' depends on axioms: [propext, Classical.choice, Quot.sound]
'FiniteWeyl.phase_as_power' depends on axioms: [propext, Classical.choice, Quot.sound]
'FiniteWeyl.translate_add' depends on axioms: [propext, Classical.choice, Quot.sound]
'FiniteWeyl.modulate_add' depends on axioms: [propext, Classical.choice, Quot.sound]
'FiniteWeyl.translate_zero' depends on axioms: [propext, Classical.choice, Quot.sound]
'FiniteWeyl.modulate_zero' depends on axioms: [propext, Classical.choice, Quot.sound]
'FiniteWeyl.translate_inverse' depends on axioms: [propext, Classical.choice, Quot.sound]
'FiniteWeyl.modulate_inverse' depends on axioms: [propext, Classical.choice, Quot.sound]
'FiniteWeyl.weyl_relation' depends on axioms: [propext, Classical.choice, Quot.sound]
'FiniteWeyl.ZX_eq_omega_XZ' depends on axioms: [propext, Classical.choice, Quot.sound]
'FiniteWeyl.translate_iterate' depends on axioms: [propext, Classical.choice, Quot.sound]
'FiniteWeyl.modulate_iterate' depends on axioms: [propext, Classical.choice, Quot.sound]
'FiniteWeyl.X_nine' depends on axioms: [propext, Classical.choice, Quot.sound]
'FiniteWeyl.Z_nine' depends on axioms: [propext, Classical.choice, Quot.sound]
'FiniteWeyl.area_alternating' depends on axioms: [propext, Quot.sound]
'FiniteWeyl.area_basis' depends on axioms: [propext, Quot.sound]
'FiniteWeyl.cocycle_identity' depends on axioms: [propext, Quot.sound]
'FiniteWeyl.antisymmetric_cocycle' depends on axioms: [propext, Quot.sound]
'FiniteWeyl.heisenberg_card' depends on axioms: [propext, Classical.choice, Quot.sound]
'FiniteWeyl.projection_product' depends on axioms: [propext, Quot.sound]
'FiniteWeyl.central_product' depends on axioms: [propext, Quot.sound]
'FiniteWeyl.central_commutes' depends on axioms: [propext, Quot.sound]
'FiniteWeyl.projection_kernel' depends on axioms: [propext, Quot.sound]
'FiniteWeyl.projection_surjective' depends on axioms: [propext, Quot.sound]
'FiniteWeyl.central_injective' depends on axioms: [propext, Quot.sound]
'FiniteWeyl.center_iff' depends on axioms: [propext, Quot.sound]
'FiniteWeyl.commutator_formula' depends on axioms: [propext, Quot.sound]
'FiniteWeyl.action_ordered' depends on axioms: [propext, Classical.choice, Quot.sound]
'FiniteWeyl.action_one' depends on axioms: [propext, Classical.choice, Quot.sound]
'FiniteWeyl.action_product' depends on axioms: [propext, Classical.choice, Quot.sound]
'FiniteWeyl.action_inverse' depends on axioms: [propext, Classical.choice, Quot.sound]
'FiniteWeyl.action_central' depends on axioms: [propext, Classical.choice, Quot.sound]
'FiniteWeyl.action_commutator' depends on axioms: [propext, Classical.choice, Quot.sound]
'FiniteWeyl.action_kernel' depends on axioms: [propext, Classical.choice, Quot.sound]
'FiniteWeyl.action_faithful' depends on axioms: [propext, Classical.choice, Quot.sound]
'FiniteWeyl.delta_orthonormal' depends on axioms: [propext, Classical.choice, Quot.sound]
'FiniteWeyl.phase_star_mul' depends on axioms: [propext, Classical.choice, Quot.sound]
'FiniteWeyl.translate_inner' depends on axioms: [propext, Classical.choice, Quot.sound]
'FiniteWeyl.modulate_inner' depends on axioms: [propext, Classical.choice, Quot.sound]
'FiniteWeyl.action_add' depends on axioms: [propext, Classical.choice, Quot.sound]
'FiniteWeyl.action_smul' depends on axioms: [propext, Classical.choice, Quot.sound]
'FiniteWeyl.action_inner' depends on axioms: [propext, Classical.choice, Quot.sound]
'FiniteWeyl.Duality.transform_involutive' depends on axioms: [propext, Classical.choice, Quot.sound]
'FiniteWeyl.Duality.energyAt_swap_inv' depends on axioms: [propext, Classical.choice, Quot.sound]
'FiniteWeyl.Duality.energy_transform' depends on axioms: [propext, Classical.choice, Quot.sound]
'FiniteWeyl.Duality.energy_nonneg' depends on axioms: [propext, Classical.choice, Quot.sound]
'FiniteWeyl.Duality.transform_eq_self_iff' depends on axioms: [propext, Classical.choice, Quot.sound]
'FiniteWeyl.Duality.swapFunction_involutive' depends on axioms: [propext, Classical.choice, Quot.sound]
'FiniteWeyl.Duality.pointwise_conjugation' depends on axioms: [propext, Classical.choice, Quot.sound]
