'HMT.IV.LatticeCreationExponential.chargeCreation_apply' depends on axioms: [propext, Classical.choice, Quot.sound]
'HMT.IV.LatticeCreationExponential.creationPotential_coefficient_succ' depends on axioms: [propext,
 Classical.choice,
 Quot.sound]
'HMT.IV.LatticeCreationExponential.creationPotential_substitutable' depends on axioms: [propext,
 Classical.choice,
 Quot.sound]
'HMT.IV.LatticeCreationExponential.creationExponential_coefficient' depends on axioms: [propext,
 Classical.choice,
 Quot.sound]
'HMT.IV.LatticeCreationExponential.creationExponential_coefficient_partition' depends on axioms: [propext,
 Classical.choice,
 Quot.sound]
'HMT.IV.LatticeCreationExponential.creationExponential_constant' depends on axioms: [propext,
 Classical.choice,
 Quot.sound]
'HMT.IV.LatticeCreationExponential.creationExponential_first' depends on axioms: [propext, Classical.choice, Quot.sound]
'HMT.IV.LatticeCreationExponential.creationExponential_zero_charge' depends on axioms: [propext,
 Classical.choice,
 Quot.sound]
'HMT.IV.LatticeCreationExponential.creationExponentialMode_vacuum' depends on axioms: [propext,
 Classical.choice,
 Quot.sound]
'HMT.IV.LatticeCreationExponential.creationExponentialMode_zero' depends on axioms: [propext,
 Classical.choice,
 Quot.sound]
'HMT.IV.LatticeCreationExponential.creationExponentialMode_first' depends on axioms: [propext,
 Classical.choice,
 Quot.sound]
