'HMT.IV.LatticeAnnihilationExponential.chargeAnnihilation_apply' depends on axioms: [propext,
 Classical.choice,
 Quot.sound]
'HMT.IV.LatticeAnnihilationExponential.chargeAnnihilation_vacuum' depends on axioms: [propext,
 Classical.choice,
 Quot.sound]
'HMT.IV.LatticeAnnihilationExponential.annihilationPotential_coefficient_succ' depends on axioms: [propext,
 Classical.choice,
 Quot.sound]
'HMT.IV.LatticeAnnihilationExponential.potential_power_coefficient_zero' depends on axioms: [propext,
 Classical.choice,
 Quot.sound]
'HMT.IV.LatticeAnnihilationExponential.positive_power_coefficient_vacuum' depends on axioms: [propext,
 Classical.choice,
 Quot.sound]
'HMT.IV.LatticeAnnihilationExponential.exponentialCoefficient_cutoff' depends on axioms: [propext,
 Classical.choice,
 Quot.sound]
'HMT.IV.LatticeAnnihilationExponential.annihilationExponential_constant' depends on axioms: [propext,
 Classical.choice,
 Quot.sound]
'HMT.IV.LatticeAnnihilationExponential.annihilationExponential_first' depends on axioms: [propext,
 Classical.choice,
 Quot.sound]
'HMT.IV.LatticeAnnihilationExponential.annihilationExponential_positive_vacuum' depends on axioms: [propext,
 Classical.choice,
 Quot.sound]
'HMT.IV.LatticeAnnihilationExponential.annihilationExponential_vacuum' depends on axioms: [propext,
 Classical.choice,
 Quot.sound]
