'HMT.IV.LatticeExponentialCommutator.derivative_power_coefficient' depends on axioms: [propext,
 Classical.choice,
 Quot.sound]
'HMT.IV.LatticeExponentialCommutator.chargedDerivation_creationState' depends on axioms: [propext,
 Classical.choice,
 Quot.sound]
'HMT.IV.LatticeExponentialCommutator.derivative_creationPotential' depends on axioms: [propext,
 Classical.choice,
 Quot.sound]
'HMT.IV.LatticeExponentialCommutator.derivative_creationPower_coefficient' depends on axioms: [propext,
 Classical.choice,
 Quot.sound]
'HMT.IV.LatticeExponentialCommutator.annihilation_creationExponential_coefficient' depends on axioms: [propext,
 Classical.choice,
 Quot.sound]
'HMT.IV.LatticeExponentialCommutator.mixed_exponential_commutator' depends on axioms: [propext,
 Classical.choice,
 Quot.sound]
'HMT.IV.LatticeExponentialCommutator.coordinatePair_eq_integerPair' depends on axioms: [propext,
 Classical.choice,
 Quot.sound]
'HMT.IV.LatticeExponentialCommutator.mixed_exponential_commutator_pairing' depends on axioms: [propext,
 Classical.choice,
 Quot.sound]
