'HMT.IV.LatticeCoxeterHeisenbergCovariance.fockAction_chargeCreation' depends on axioms: [propext,
 Classical.choice,
 Quot.sound]
'HMT.IV.LatticeCoxeterHeisenbergCovariance.carrier_chargeCreation' depends on axioms: [propext,
 Classical.choice,
 Quot.sound]
'HMT.IV.LatticeCoxeterHeisenbergCovariance.carrier_chargeAnnihilation' depends on axioms: [propext,
 Classical.choice,
 Quot.sound]
'HMT.IV.LatticeCoxeterHeisenbergCovariance.chargedHmode_basis' depends on axioms: [propext,
 Classical.choice,
 Quot.sound]
'HMT.IV.LatticeCoxeterHeisenbergCovariance.carrier_chargedHmode' depends on axioms: [propext,
 Classical.choice,
 Quot.sound]
'HMT.IV.LatticeCoxeterHeisenbergCovariance.carrier_hmode' depends on axioms: [propext, Classical.choice, Quot.sound]
'HMT.IV.LatticeCoxeterHeisenbergCovariance.carrier_chargedHmode_operator' depends on axioms: [propext,
 Classical.choice,
 Quot.sound]
'HMT.IV.LatticeCoxeterHeisenbergCovariance.carrier_conjugates_chargedHmode' depends on axioms: [propext,
 Classical.choice,
 Quot.sound]
'HMT.IV.LatticeCoxeterHeisenbergCovariance.generator_covariance' depends on axioms: [propext,
 Classical.choice,
 Quot.sound]
