'HMT.N30.movedRow_source_formula' depends on axioms: [propext, Classical.choice, Quot.sound]
'HMT.N30.movedColumn_source_formula' depends on axioms: [propext, Classical.choice, Quot.sound]
'HMT.N30.rawRead_positive' depends on axioms: [propext]
'HMT.N30.rawRead_source_formula' depends on axioms: [propext, Quot.sound]
'HMT.N30.step_before' depends on axioms: [propext]
'HMT.N30.step_direction' depends on axioms: [propext]
'HMT.N30.step_phase' depends on axioms: [propext]
'HMT.N30.step_raw_positive' depends on axioms: [propext]
'HMT.N30.step_reconstruct' depends on axioms: [propext]
'HMT.N30.step_digit_range' depends on axioms: [propext]
'HMT.N30.step_trit_range' depends on axioms: [propext]
'HMT.N30.step_sheet_rule' depends on axioms: [propext]
'HMT.N30.step_turn_binary' depends on axioms: [propext]
'HMT.N30.step_sheetChange_binary' depends on axioms: [propext]
'HMT.N30.impact_turn_source' depends on axioms: [propext]
'HMT.N30.impact_sheetChange_source' depends on axioms: [propext]
'HMT.N30.finish_append' depends on axioms: [propext]
'HMT.N30.walk_append' depends on axioms: [propext]
'HMT.N30.walk_length' depends on axioms: [propext]
'HMT.N30.walk_recovers_word' depends on axioms: [propext]
'HMT.N30.rewind_walk' depends on axioms: [propext, Quot.sound]
'HMT.N30.rewind_append' depends on axioms: [propext, Quot.sound]
'HMT.N30.rewind_rejects_raw_tampering' depends on axioms: [propext, Quot.sound]
'HMT.N30.finish_phase' depends on axioms: [propext, Quot.sound]
'HMT.N30.phase_return' depends on axioms: [propext, Quot.sound]
'HMT.N30.transport_append' depends on axioms: [propext]
'HMT.N30.transport_memory_length' depends on axioms: [propext]
'HMT.N30.nonempty_transport_not_reset' depends on axioms: [propext, Quot.sound]
'HMT.N30.State.code_injective' depends on axioms: [propext]
'HMT.N30.Edge.code_injective' depends on axioms: [propext]
'HMT.N30.visit_preserves_previous_sheet' depends on axioms: [propext]
'HMT.N30.visit_preserves_memory' depends on axioms: [propext]
'HMT.N30.toVisit_edge_injective' depends on axioms: [propext]
'HMT.N30.previous_sheet_changes_the_reading' depends on axioms: [propext]
'HMT.N30.step_visit_raw' depends on axioms: [propext]
'HMT.N30.step_visit_residue' depends on axioms: [propext]
'HMT.N30.step_visit_quotient' depends on axioms: [propext]
'HMT.N30.step_visit_reconstruct' depends on axioms: [propext]
