'HMT.I.SelectedVOAInput.selected_oscillator_rank' depends on axioms: [propext,
 Classical.choice,
 Lean.ofReduceBool,
 Quot.sound]
'HMT.I.SelectedVOAInput.app_weight_matches_selected_radial' depends on axioms: [propext,
 Classical.choice,
 Lean.ofReduceBool,
 Quot.sound]
'HMT.I.SelectedVOAInput.app_fock_selected_radial_compatibility' depends on axioms: [propext,
 Classical.choice,
 Lean.ofReduceBool,
 Quot.sound]
'HMT.I.SelectedVOAInput.selected_algebraic_vertex_input' depends on axioms: [propext,
 Classical.choice,
 Lean.ofReduceBool,
 Quot.sound]
'HMT.I.SelectedVOAInput.shared_action_electron_vertex_input' depends on axioms: [propext,
 Classical.choice,
 Lean.ofReduceBool,
 Quot.sound]
