'HMT.IV.LatticeTwistedNormalProduct.field_has_bound' depends on axioms: [propext, Classical.choice, Quot.sound]
'HMT.IV.LatticeTwistedNormalProduct.nonnegative_modes_bounded' depends on axioms: [propext,
 Classical.choice,
 Quot.sound]
'HMT.IV.LatticeTwistedNormalProduct.creationTerm' depends on axioms: [propext, Classical.choice, Quot.sound]
'HMT.IV.LatticeTwistedNormalProduct.annihilationTerm' depends on axioms: [propext, Classical.choice, Quot.sound]
'HMT.IV.LatticeTwistedNormalProduct.creationTerm_eq_field_coefficient' depends on axioms: [propext,
 Classical.choice,
 Quot.sound]
'HMT.IV.LatticeTwistedNormalProduct.annihilationTerm_eq_field_coefficient' depends on axioms: [propext,
 Classical.choice,
 Quot.sound]
'HMT.IV.LatticeTwistedNormalProduct.creationTerm_finite' depends on axioms: [propext, Classical.choice, Quot.sound]
'HMT.IV.LatticeTwistedNormalProduct.annihilationTerm_finite' depends on axioms: [propext, Classical.choice, Quot.sound]
'HMT.IV.LatticeTwistedNormalProduct.normalCoefficient' depends on axioms: [propext, Classical.choice, Quot.sound]
'HMT.IV.LatticeTwistedNormalProduct.normalCoefficient_apply' depends on axioms: [propext, Classical.choice, Quot.sound]
'HMT.IV.LatticeTwistedNormalProduct.normalCoefficient_bounded' depends on axioms: [propext,
 Classical.choice,
 Quot.sound]
'HMT.IV.LatticeTwistedNormalProduct.normalField' depends on axioms: [propext, Classical.choice, Quot.sound]
'HMT.IV.LatticeTwistedNormalProduct.normalField_coefficient' depends on axioms: [propext, Classical.choice, Quot.sound]
