'HMT.IV.LatticeTwistedCorrection.correctionScalar' depends on axioms: [propext, Classical.choice, Quot.sound]
'HMT.IV.LatticeTwistedCorrection.correctionScalar_symm' depends on axioms: [propext, Classical.choice, Quot.sound]
'HMT.IV.LatticeTwistedCorrection.correctionScalar_zero_zero' depends on axioms: [propext, Classical.choice, Quot.sound]
'HMT.IV.LatticeTwistedCorrection.correctionCoefficient' depends on axioms: [propext, Classical.choice, Quot.sound]
'HMT.IV.LatticeTwistedCorrection.correctionSeries' depends on axioms: [propext, Classical.choice, Quot.sound]
'HMT.IV.LatticeTwistedCorrection.correctionSeries_coefficient' depends on axioms: [propext,
 Classical.choice,
 Quot.sound]
'HMT.IV.LatticeTwistedCorrection.correctionCoefficient_zero' depends on axioms: [propext, Classical.choice, Quot.sound]
'HMT.IV.LatticeTwistedCorrection.LowersEnergy' depends on axioms: [propext, Classical.choice, Quot.sound]
'HMT.IV.LatticeTwistedCorrection.lowersEnergy_zero' depends on axioms: [propext, Classical.choice, Quot.sound]
'HMT.IV.LatticeTwistedCorrection.lowersEnergy_one' depends on axioms: [propext, Classical.choice, Quot.sound]
'HMT.IV.LatticeTwistedCorrection.lowersEnergy_smul' depends on axioms: [propext, Classical.choice, Quot.sound]
'HMT.IV.LatticeTwistedCorrection.lowersEnergy_sum' depends on axioms: [propext, Classical.choice, Quot.sound]
'HMT.IV.LatticeTwistedCorrection.lowersEnergy_mul' depends on axioms: [propext, Classical.choice, Quot.sound]
'HMT.IV.LatticeTwistedCorrection.nonnegativeMode_lowersEnergy' depends on axioms: [propext,
 Classical.choice,
 Quot.sound]
'HMT.IV.LatticeTwistedCorrection.correctionCoefficient_lowersEnergy' depends on axioms: [propext,
 Classical.choice,
 Quot.sound]
'HMT.IV.LatticeTwistedCorrection.correctionPower_lowersEnergy' depends on axioms: [propext,
 Classical.choice,
 Quot.sound]
'HMT.IV.LatticeTwistedCorrection.correctionPower_vanishes_below_order' depends on axioms: [propext,
 Classical.choice,
 Quot.sound]
'HMT.IV.LatticeTwistedCorrection.correctionExponentialCoefficient' depends on axioms: [propext,
 Classical.choice,
 Quot.sound]
'HMT.IV.LatticeTwistedCorrection.correctionExponential_lowersEnergy' depends on axioms: [propext,
 Classical.choice,
 Quot.sound]
'HMT.IV.LatticeTwistedCorrection.correctionExponential_zero' depends on axioms: [propext, Classical.choice, Quot.sound]
'HMT.IV.LatticeTwistedCorrection.negative_energy_eigenvector_zero' depends on axioms: [propext,
 Classical.choice,
 Quot.sound]
'HMT.IV.LatticeTwistedCorrection.correctionExponential_basis_cutoff' depends on axioms: [propext,
 Classical.choice,
 Quot.sound]
'HMT.IV.LatticeTwistedCorrection.correctionExponential_polynomial_on_state' depends on axioms: [propext,
 Classical.choice,
 Quot.sound]
