'HMT.I.ElectronOrientationBridge.orientationSwap_involutive' depends on axioms: [propext, Classical.choice, Quot.sound]
'HMT.I.ElectronOrientationBridge.orientationSwap_preserves_positive' depends on axioms: [propext,
 Classical.choice,
 Quot.sound]
'HMT.I.ElectronOrientationBridge.regionalReader_positive' depends on axioms: [propext, Classical.choice, Quot.sound]
'HMT.I.ElectronOrientationBridge.orientation_identity' depends on axioms: [propext, Classical.choice, Quot.sound]
'HMT.I.ElectronOrientationBridge.character_hasSum' depends on axioms: [propext, Classical.choice, Quot.sound]
'HMT.I.ElectronOrientationBridge.character_recognition' depends on axioms: [propext, Classical.choice, Quot.sound]
'HMT.I.ElectronOrientationBridge.character_unit' depends on axioms: [propext, Classical.choice, Quot.sound]
'HMT.I.ElectronOrientationBridge.character_semigroup' depends on axioms: [propext, Classical.choice, Quot.sound]
'HMT.I.ElectronOrientationBridge.character_positive' depends on axioms: [propext, Classical.choice, Quot.sound]
'HMT.I.ElectronOrientationBridge.regionalPair_positive' depends on axioms: [propext, Classical.choice, Quot.sound]
'HMT.I.ElectronOrientationBridge.marked_return_reading' depends on axioms: [propext, Classical.choice, Quot.sound]
'HMT.I.ElectronOrientationBridge.electronic_orientation' depends on axioms: [propext, Classical.choice, Quot.sound]
'HMT.I.ElectronOrientationBridge.electronic_orientation_from_marked_return' depends on axioms: [propext,
 Classical.choice,
 Quot.sound]
'HMT.I.ElectronOrientationBridge.electronic_reading_positive' depends on axioms: [propext, Classical.choice, Quot.sound]
'HMT.I.ElectronOrientationBridge.electronic_character_recognition' depends on axioms: [propext,
 Classical.choice,
 Quot.sound]
'HMT.I.ElectronOrientationBridge.electronic_character_from_marked_return' depends on axioms: [propext,
 Classical.choice,
 Quot.sound]
'HMT.I.ElectronOrientationBridge.electronic_character_positive' depends on axioms: [propext,
 Classical.choice,
 Quot.sound]
