'HMT.IV.LatticeTwistedNormalEnergy.conformal_halfMode' depends on axioms: [propext, Classical.choice, Quot.sound]
'HMT.IV.LatticeTwistedNormalEnergy.conformal_halfMode_apply' depends on axioms: [propext, Classical.choice, Quot.sound]
'HMT.IV.LatticeTwistedNormalEnergy.creationTerm_energy' depends on axioms: [propext, Classical.choice, Quot.sound]
'HMT.IV.LatticeTwistedNormalEnergy.annihilationTerm_energy' depends on axioms: [propext, Classical.choice, Quot.sound]
'HMT.IV.LatticeTwistedNormalEnergy.derivativeNormalField_energy' depends on axioms: [propext,
 Classical.choice,
 Quot.sound]
'HMT.IV.LatticeTwistedRawEnergy.rawChargeField_energy' depends on axioms: [propext, Classical.choice, Quot.sound]
'HMT.IV.LatticeTwistedRawEnergy.rawDescendantField_energy' depends on axioms: [propext, Classical.choice, Quot.sound]
'HMT.IV.LatticeTwistedRawEnergy.rawStateField_energy_apply' depends on axioms: [propext, Classical.choice, Quot.sound]
'HMT.IV.LatticeTwistedRawEnergy.rawStateField_energy' depends on axioms: [propext, Classical.choice, Quot.sound]
'HMT.IV.LatticeTwistedCorrectedEnergy.energyCommutator' depends on axioms: [propext, Classical.choice, Quot.sound]
'HMT.IV.LatticeTwistedCorrectedEnergy.EnergyCovariant' depends on axioms: [propext, Classical.choice, Quot.sound]
'HMT.IV.LatticeTwistedCorrectedEnergy.stateTerm_energy' depends on axioms: [propext, Classical.choice, Quot.sound]
'HMT.IV.LatticeTwistedCorrectedEnergy.correctedAssignment_energy' depends on axioms: [propext,
 Classical.choice,
 Quot.sound]
'HMT.IV.SkewFieldEnergy.raising_power_weight' depends on axioms: [propext, Classical.choice, Quot.sound]
'HMT.IV.SkewFieldEnergy.skewTerm_weight' depends on axioms: [propext, Classical.choice, Quot.sound]
'HMT.IV.SkewFieldEnergy.skewAssignment_weight' depends on axioms: [propext, Classical.choice, Quot.sound]
'HMT.IV.LatticeTwistedPairingEnergy.tensorPairing_energy' depends on axioms: [propext, Classical.choice, Quot.sound]
'HMT.IV.LatticeTwistedPairingEnergy.positivePairing_energy' depends on axioms: [propext, Classical.choice, Quot.sound]
'HMT.IV.LatticeTwistedPairingEnergy.positivePairing_off_eigen' depends on axioms: [propext,
 Classical.choice,
 Quot.sound]
'HMT.IV.LatticeTwistedFullEnergy.twistedStateField_energy' depends on axioms: [propext, Classical.choice, Quot.sound]
'HMT.IV.LatticeTwistedFullEnergy.positiveDescended_energy' depends on axioms: [propext, Classical.choice, Quot.sound]
'HMT.IV.LatticeTwistedFullEnergy.positiveDescended_weight' depends on axioms: [propext, Classical.choice, Quot.sound]
'HMT.IV.LatticeTwistedFullEnergy.translation_raises' depends on axioms: [propext, Classical.choice, Quot.sound]
'HMT.IV.LatticeTwistedFullEnergy.twistedEvenField_weight' depends on axioms: [propext, Classical.choice, Quot.sound]
'HMT.IV.LatticeContragredientWeightSupport.inversionCoefficient_weight' depends on axioms: [propext,
 Classical.choice,
 Quot.sound]
'HMT.IV.LatticeContragredientWeightSupport.homogeneousCoefficient_off_weight' depends on axioms: [propext,
 Classical.choice,
 Quot.sound]
'HMT.IV.LatticeContragredientWeightSupport.contragredientCoefficient_off_weight' depends on axioms: [propext,
 Classical.choice,
 Quot.sound]
