'HMT.Formal.ScalarFactorBinomial.exponential_coefficient_choose' depends on axioms: [propext,
 Classical.choice,
 Quot.sound]
'HMT.Formal.ScalarFactorBinomial.exponential_coefficient_add_choose' depends on axioms: [propext,
 Classical.choice,
 Quot.sound]
'HMT.Formal.FormalExpCoefficientBridge.expPartial' depends on axioms: [propext, Classical.choice, Quot.sound]
'HMT.Formal.FormalExpCoefficientBridge.coeff_pow_zero_of_lt' depends on axioms: [propext, Classical.choice, Quot.sound]
'HMT.Formal.FormalExpCoefficientBridge.coeff_exp_succ_mul' depends on axioms: [propext, Classical.choice, Quot.sound]
'HMT.Formal.FormalExpCoefficientBridge.derivative_exp_term' depends on axioms: [propext, Classical.choice, Quot.sound]
'HMT.Formal.FormalExpCoefficientBridge.derivative_expPartial_succ' depends on axioms: [propext,
 Classical.choice,
 Quot.sound]
'HMT.Formal.FormalExpCoefficientBridge.coeff_expPartial_stable' depends on axioms: [propext,
 Classical.choice,
 Quot.sound]
'HMT.Formal.FormalExpCoefficientBridge.coeff_formalExp_eq_expPartial' depends on axioms: [propext,
 Classical.choice,
 Quot.sound]
'HMT.Formal.FormalExpCoefficientBridge.coeff_formalExp_eq_sum' depends on axioms: [propext,
 Classical.choice,
 Quot.sound]
'HMT.Formal.FiniteAntidiagonalSum.sum_antidiagonals_eq_sum_square' depends on axioms: [propext,
 Classical.choice,
 Quot.sound]
'HMT.Formal.FiniteExponentialProduct.expCoeff_fin' depends on axioms: [propext, Classical.choice, Quot.sound]
'HMT.Formal.FiniteExponentialProduct.expPartial' depends on axioms: [propext, Classical.choice, Quot.sound]
'HMT.Formal.FiniteExponentialProduct.pow_order_lower' depends on axioms: [propext, Classical.choice, Quot.sound]
'HMT.Formal.FiniteExponentialProduct.coeff_pow_zero_of_lt' depends on axioms: [propext, Classical.choice, Quot.sound]
'HMT.Formal.FiniteExponentialProduct.coeff_pow_mul_zero_of_lt' depends on axioms: [propext,
 Classical.choice,
 Quot.sound]
'HMT.Formal.FiniteExponentialProduct.coeff_expPartial_self' depends on axioms: [propext, Classical.choice, Quot.sound]
'HMT.Formal.FiniteExponentialProduct.coeff_expPartial' depends on axioms: [propext, Classical.choice, Quot.sound]
'HMT.Formal.FiniteExponentialProduct.expCoeff_fin_add_triangular' depends on axioms: [propext,
 Classical.choice,
 Quot.sound]
'HMT.Formal.FiniteExponentialProduct.coeff_expPartial_mul' depends on axioms: [propext, Classical.choice, Quot.sound]
'HMT.Formal.FiniteExponentialProduct.expCoeff_fin_add' depends on axioms: [propext, Classical.choice, Quot.sound]
'HMT.Formal.FiniteExponentialProduct.expCoeff_fin_add_eq_coeff_mul' depends on axioms: [propext,
 Classical.choice,
 Quot.sound]
'HMT.IV.LatticeHalfNormalOrderClosed.BiSeries' depends on axioms: [propext, Classical.choice, Quot.sound]
'HMT.IV.LatticeHalfNormalOrderClosed.creationSeries' depends on axioms: [propext, Classical.choice, Quot.sound]
'HMT.IV.LatticeHalfNormalOrderClosed.creationConstant' depends on axioms: [propext, Classical.choice, Quot.sound]
'HMT.IV.LatticeHalfNormalOrderClosed.liftedPotential' depends on axioms: [propext, Classical.choice, Quot.sound]
'HMT.IV.LatticeHalfNormalOrderClosed.scalarDiagonal' depends on axioms: [propext, Classical.choice, Quot.sound]
'HMT.IV.LatticeHalfNormalOrderClosed.diagonal' depends on axioms: [propext, Classical.choice, Quot.sound]
'HMT.IV.LatticeHalfNormalOrderClosed.coeff_diagonal' depends on axioms: [propext, Classical.choice, Quot.sound]
'HMT.IV.LatticeHalfNormalOrderClosed.commute_of_coeff_commute' depends on axioms: [propext,
 Classical.choice,
 Quot.sound]
'HMT.IV.LatticeHalfNormalOrderClosed.commute_diagonal' depends on axioms: [propext, Classical.choice, Quot.sound]
'HMT.IV.LatticeHalfNormalOrderClosed.liftedPotential_constant' depends on axioms: [propext,
 Classical.choice,
 Quot.sound]
'HMT.IV.LatticeHalfNormalOrderClosed.diagonal_contraction_constant' depends on axioms: [propext,
 Classical.choice,
 Quot.sound]
'HMT.IV.LatticeHalfNormalOrderClosed.potential_intertwining' depends on axioms: [propext, Classical.choice, Quot.sound]
'HMT.IV.LatticeHalfNormalOrderClosed.power_intertwining' depends on axioms: [propext, Classical.choice, Quot.sound]
'HMT.IV.LatticeHalfNormalOrderClosed.C_smul' depends on axioms: [propext, Classical.choice, Quot.sound]
'HMT.IV.LatticeHalfNormalOrderClosed.coeff_liftedPotential_pow' depends on axioms: [propext,
 Classical.choice,
 Quot.sound]
'HMT.IV.LatticeHalfNormalOrderClosed.sum_exp_liftedPotential' depends on axioms: [propext, Classical.choice, Quot.sound]
'HMT.IV.LatticeHalfNormalOrderClosed.sum_exp_diagonal' depends on axioms: [propext, Classical.choice, Quot.sound]
'HMT.IV.LatticeHalfNormalOrderClosed.factorial_intertwining' depends on axioms: [propext, Classical.choice, Quot.sound]
'HMT.IV.LatticeHalfNormalOrderClosed.sum_exp_diagonal_factor' depends on axioms: [propext, Classical.choice, Quot.sound]
'HMT.IV.LatticeHalfNormalOrderClosed.coeff_creation_diagonal_convolution' depends on axioms: [propext,
 Classical.choice,
 Quot.sound]
'HMT.IV.LatticeHalfNormalOrderClosed.exponential_sum_factorization' depends on axioms: [propext,
 Classical.choice,
 Quot.sound]
'HMT.IV.LatticeHalfNormalOrderClosed.exponentialCoefficient_normal_order' depends on axioms: [propext,
 Classical.choice,
 Quot.sound]
'HMT.IV.LatticeHalfNormalOrderClosed.normalExponential_closed' depends on axioms: [propext,
 Classical.choice,
 Quot.sound]
'HMT.IV.LatticeHalfNormalOrderClosed.exponentialCoefficient_normal_order_apply' depends on axioms: [propext,
 Classical.choice,
 Quot.sound]
'HMT.IV.LatticeHalfNormalOrderClosed.exponentialCoefficient_rational_normal_order' depends on axioms: [propext,
 Classical.choice,
 Quot.sound]
'HMT.IV.LatticeTwistedEvenChargeStates.positiveCoefficient_neg_charge' depends on axioms: [propext,
 Classical.choice,
 Quot.sound]
'HMT.IV.LatticeTwistedEvenChargeStates.chargeField_neg' depends on axioms: [propext, Classical.choice, Quot.sound]
'HMT.IV.LatticeTwistedEvenChargeStates.latticeEmbedding' depends on axioms: [propext, Classical.choice, Quot.sound]
'HMT.IV.LatticeTwistedEvenChargeStates.latticeProjection' depends on axioms: [propext, Classical.choice, Quot.sound]
'HMT.IV.LatticeTwistedEvenChargeStates.latticeProjection_embedding' depends on axioms: [propext,
 Classical.choice,
 Quot.sound]
'HMT.IV.LatticeTwistedEvenChargeStates.latticeEmbedding_injective' depends on axioms: [propext,
 Classical.choice,
 Quot.sound]
'HMT.IV.LatticeTwistedEvenChargeStates.exponentialState' depends on axioms: [propext, Classical.choice, Quot.sound]
'HMT.IV.LatticeTwistedEvenChargeStates.exponentialState_eq_carrierBasis' depends on axioms: [propext,
 Classical.choice,
 Quot.sound]
'HMT.IV.LatticeTwistedEvenChargeStates.theta_exponentialState' depends on axioms: [propext,
 Classical.choice,
 Quot.sound]
'HMT.IV.LatticeTwistedEvenChargeStates.exponentialState_zero' depends on axioms: [propext, Classical.choice, Quot.sound]
'HMT.IV.LatticeTwistedEvenChargeStates.evenExponentialState' depends on axioms: [propext, Classical.choice, Quot.sound]
'HMT.IV.LatticeTwistedEvenChargeStates.evenExponentialState_coe' depends on axioms: [propext,
 Classical.choice,
 Quot.sound]
'HMT.IV.LatticeTwistedEvenChargeStates.evenExponentialState_neg' depends on axioms: [propext,
 Classical.choice,
 Quot.sound]
'HMT.IV.LatticeTwistedEvenChargeStates.evenExponentialState_zero' depends on axioms: [propext,
 Classical.choice,
 Quot.sound]
'HMT.IV.LatticeTwistedEvenChargeStates.evenExponentialStates' depends on axioms: [propext, Classical.choice, Quot.sound]
'HMT.IV.LatticeTwistedEvenChargeStates.exponentialGenerator' depends on axioms: [propext, Classical.choice, Quot.sound]
'HMT.IV.LatticeTwistedEvenChargeStates.evenExponentialInclusion' depends on axioms: [propext,
 Classical.choice,
 Quot.sound]
'HMT.IV.LatticeTwistedEvenChargeStates.evenExponentialInclusion_injective' depends on axioms: [propext,
 Classical.choice,
 Quot.sound]
'HMT.IV.LatticeTwistedEvenChargeStates.evenExponentialInclusion_generator' depends on axioms: [propext,
 Classical.choice,
 Quot.sound]
'HMT.IV.LatticeTwistedEvenChargeStates.latticeFieldLinear' depends on axioms: [propext, Classical.choice, Quot.sound]
'HMT.IV.LatticeTwistedEvenChargeStates.latticeFieldLinear_basis' depends on axioms: [propext,
 Classical.choice,
 Quot.sound]
'HMT.IV.LatticeTwistedEvenChargeStates.latticeFieldLinear_theta' depends on axioms: [propext,
 Classical.choice,
 Quot.sound]
'HMT.IV.LatticeTwistedEvenChargeStates.evenExponentialField' depends on axioms: [propext, Classical.choice, Quot.sound]
'HMT.IV.LatticeTwistedEvenChargeStates.evenExponentialField_generator' depends on axioms: [propext,
 Classical.choice,
 Quot.sound]
'HMT.IV.LatticeTwistedEvenChargeStates.evenExponentialField_inversion' depends on axioms: [propext,
 Classical.choice,
 Quot.sound]
'HMT.IV.LatticeTwistedEvenChargeStates.evenVacuum_mem_exponentialStates' depends on axioms: [propext,
 Classical.choice,
 Quot.sound]
'HMT.IV.LatticeTwistedEvenChargeStates.exponentialVacuum' depends on axioms: [propext, Classical.choice, Quot.sound]
'HMT.IV.LatticeTwistedEvenChargeStates.exponentialVacuum_eq_generator' depends on axioms: [propext,
 Classical.choice,
 Quot.sound]
'HMT.IV.LatticeTwistedEvenChargeStates.evenExponentialField_vacuum' depends on axioms: [propext,
 Classical.choice,
 Quot.sound]
'HMT.IV.LatticeTwistedEvenChargeStates.evenExponentialField_vacuum_coefficient' depends on axioms: [propext,
 Classical.choice,
 Quot.sound]
'HMT.IV.LatticeTwistedCorrection.correctionScalar' depends on axioms: [propext, Classical.choice, Quot.sound]
'HMT.IV.LatticeTwistedCorrection.correctionScalar_symm' depends on axioms: [propext, Classical.choice, Quot.sound]
'HMT.IV.LatticeTwistedCorrection.correctionScalar_zero_zero' depends on axioms: [propext, Classical.choice, Quot.sound]
'HMT.IV.LatticeTwistedCorrection.correctionCoefficient' depends on axioms: [propext, Classical.choice, Quot.sound]
'HMT.IV.LatticeTwistedCorrection.correctionSeries' depends on axioms: [propext, Classical.choice, Quot.sound]
'HMT.IV.LatticeTwistedCorrection.correctionSeries_coefficient' depends on axioms: [propext,
 Classical.choice,
 Quot.sound]
'HMT.IV.LatticeTwistedCorrection.correctionCoefficient_zero' depends on axioms: [propext, Classical.choice, Quot.sound]
'HMT.IV.LatticeTwistedCorrection.LowersEnergy' depends on axioms: [propext, Classical.choice, Quot.sound]
'HMT.IV.LatticeTwistedCorrection.lowersEnergy_zero' depends on axioms: [propext, Classical.choice, Quot.sound]
'HMT.IV.LatticeTwistedCorrection.lowersEnergy_one' depends on axioms: [propext, Classical.choice, Quot.sound]
'HMT.IV.LatticeTwistedCorrection.lowersEnergy_smul' depends on axioms: [propext, Classical.choice, Quot.sound]
'HMT.IV.LatticeTwistedCorrection.lowersEnergy_sum' depends on axioms: [propext, Classical.choice, Quot.sound]
'HMT.IV.LatticeTwistedCorrection.lowersEnergy_mul' depends on axioms: [propext, Classical.choice, Quot.sound]
'HMT.IV.LatticeTwistedCorrection.nonnegativeMode_lowersEnergy' depends on axioms: [propext,
 Classical.choice,
 Quot.sound]
'HMT.IV.LatticeTwistedCorrection.correctionCoefficient_lowersEnergy' depends on axioms: [propext,
 Classical.choice,
 Quot.sound]
'HMT.IV.LatticeTwistedCorrection.correctionPower_lowersEnergy' depends on axioms: [propext,
 Classical.choice,
 Quot.sound]
'HMT.IV.LatticeTwistedCorrection.correctionPower_vanishes_below_order' depends on axioms: [propext,
 Classical.choice,
 Quot.sound]
'HMT.IV.LatticeTwistedCorrection.correctionExponentialCoefficient' depends on axioms: [propext,
 Classical.choice,
 Quot.sound]
'HMT.IV.LatticeTwistedCorrection.correctionExponential_lowersEnergy' depends on axioms: [propext,
 Classical.choice,
 Quot.sound]
'HMT.IV.LatticeTwistedCorrection.correctionExponential_zero' depends on axioms: [propext, Classical.choice, Quot.sound]
'HMT.IV.LatticeTwistedCorrection.negative_energy_eigenvector_zero' depends on axioms: [propext,
 Classical.choice,
 Quot.sound]
'HMT.IV.LatticeTwistedCorrection.correctionExponential_basis_cutoff' depends on axioms: [propext,
 Classical.choice,
 Quot.sound]
'HMT.IV.LatticeTwistedCorrection.correctionExponential_polynomial_on_state' depends on axioms: [propext,
 Classical.choice,
 Quot.sound]
'HMT.IV.TwistedCorrectionScalarKernel.Uni' depends on axioms: [propext, Classical.choice, Quot.sound]
'HMT.IV.TwistedCorrectionScalarKernel.Bi' depends on axioms: [propext, Classical.choice, Quot.sound]
'HMT.IV.TwistedCorrectionScalarKernel.bicoeff' depends on axioms: [propext, Classical.choice, Quot.sound]
'HMT.IV.TwistedCorrectionScalarKernel.xEmbed' depends on axioms: [propext, Classical.choice, Quot.sound]
'HMT.IV.TwistedCorrectionScalarKernel.yEmbed' depends on axioms: [propext, Classical.choice, Quot.sound]
'HMT.IV.TwistedCorrectionScalarKernel.euler' depends on axioms: [propext, Classical.choice, Quot.sound]
'HMT.IV.TwistedCorrectionScalarKernel.euler_coefficient' depends on axioms: [propext, Classical.choice, Quot.sound]
'HMT.IV.TwistedCorrectionScalarKernel.kernel' depends on axioms: [propext, Classical.choice, Quot.sound]
'HMT.IV.TwistedCorrectionScalarKernel.kernel_coefficient' depends on axioms: [propext, Classical.choice, Quot.sound]
'HMT.IV.TwistedCorrectionScalarKernel.kernel_constant' depends on axioms: [propext, Classical.choice, Quot.sound]
'HMT.IV.TwistedCorrectionScalarKernel.inverseRoot' depends on axioms: [propext, Classical.choice, Quot.sound]
'HMT.IV.TwistedCorrectionScalarKernel.root' depends on axioms: [propext, Classical.choice, Quot.sound]
'HMT.IV.TwistedCorrectionScalarKernel.inverseRoot_coefficient' depends on axioms: [propext,
 Classical.choice,
 Quot.sound]
'HMT.IV.TwistedCorrectionScalarKernel.root_coefficient' depends on axioms: [propext, Classical.choice, Quot.sound]
'HMT.IV.TwistedCorrectionScalarKernel.separated_coefficient' depends on axioms: [propext, Classical.choice, Quot.sound]
'HMT.IV.TwistedCorrectionScalarKernel.euler_kernel' depends on axioms: [propext, Classical.choice, Quot.sound]
'HMT.IV.TwistedCorrectionScalarKernel.euler_ext' depends on axioms: [propext, Classical.choice, Quot.sound]
'HMT.IV.TwistedCorrectionScalarKernel.kernel_euler_unique' depends on axioms: [propext, Classical.choice, Quot.sound]
'HMT.IV.TwistedCorrectionScalarKernel.binomial_zero' depends on axioms: [propext, Classical.choice, Quot.sound]
'HMT.IV.TwistedCorrectionScalarKernel.binomial_one' depends on axioms: [propext, Classical.choice, Quot.sound]
'HMT.IV.TwistedCorrectionScalarKernel.root_inverse' depends on axioms: [propext, Classical.choice, Quot.sound]
'HMT.IV.TwistedCorrectionScalarKernel.root_square' depends on axioms: [propext, Classical.choice, Quot.sound]
'HMT.IV.TwistedCorrectionScalarKernel.twice_root_derivative' depends on axioms: [propext, Classical.choice, Quot.sound]
'HMT.IV.TwistedCorrectionScalarKernel.uniEuler' depends on axioms: [propext, Classical.choice, Quot.sound]
'HMT.IV.TwistedCorrectionScalarKernel.uniEuler_coefficient' depends on axioms: [propext, Classical.choice, Quot.sound]
'HMT.IV.TwistedCorrectionScalarKernel.twice_uniEuler_root' depends on axioms: [propext, Classical.choice, Quot.sound]
'HMT.IV.TwistedCorrectionScalarKernel.euler_add' depends on axioms: [propext, Classical.choice, Quot.sound]
'HMT.IV.TwistedCorrectionScalarKernel.euler_smul' depends on axioms: [propext, Classical.choice, Quot.sound]
'HMT.IV.TwistedCorrectionScalarKernel.euler_xEmbed' depends on axioms: [propext, Classical.choice, Quot.sound]
'HMT.IV.TwistedCorrectionScalarKernel.euler_yEmbed' depends on axioms: [propext, Classical.choice, Quot.sound]
'HMT.IV.TwistedCorrectionScalarKernel.xEmbed_smul' depends on axioms: [propext, Classical.choice, Quot.sound]
'HMT.IV.TwistedCorrectionScalarKernel.yEmbed_smul' depends on axioms: [propext, Classical.choice, Quot.sound]
'HMT.IV.TwistedCorrectionScalarKernel.rootAverage' depends on axioms: [propext, Classical.choice, Quot.sound]
'HMT.IV.TwistedCorrectionScalarKernel.rootAverage_constant' depends on axioms: [propext, Classical.choice, Quot.sound]
'HMT.IV.TwistedCorrectionScalarKernel.rootAverage_ne_zero' depends on axioms: [propext, Classical.choice, Quot.sound]
'HMT.IV.TwistedCorrectionScalarKernel.four_euler_rootAverage' depends on axioms: [propext, Classical.choice, Quot.sound]
'HMT.IV.TwistedCorrectionScalarKernel.kernel_logarithmic_identity' depends on axioms: [propext,
 Classical.choice,
 Quot.sound]
'HMT.IV.TwistedCorrectionScalarKernel.kernel_logarithmic_unique' depends on axioms: [propext,
 Classical.choice,
 Quot.sound]
'HMT.IV.LatticeTwistedCorrectionPreservation.nonnegative_modes_commute' depends on axioms: [propext,
 Classical.choice,
 Quot.sound]
'HMT.IV.LatticeTwistedCorrectionPreservation.positive_mode_pure_charge' depends on axioms: [propext,
 Classical.choice,
 Quot.sound]
'HMT.IV.LatticeTwistedCorrectionPreservation.mode_pair_pure_charge' depends on axioms: [propext,
 Classical.choice,
 Quot.sound]
'HMT.IV.LatticeTwistedCorrectionPreservation.correctionCoefficient_pure_charge' depends on axioms: [propext,
 Classical.choice,
 Quot.sound]
'HMT.IV.LatticeTwistedCorrectionPreservation.correctionPositivePower_pure_charge' depends on axioms: [propext,
 Classical.choice,
 Quot.sound]
'HMT.IV.LatticeTwistedCorrectionPreservation.correctionExponential_pure_charge' depends on axioms: [propext,
 Classical.choice,
 Quot.sound]
'HMT.IV.LatticeTwistedCorrectionPreservation.correctionCoefficient_parity' depends on axioms: [propext,
 Classical.choice,
 Quot.sound]
'HMT.IV.LatticeTwistedCorrectionPreservation.correctionPower_parity' depends on axioms: [propext,
 Classical.choice,
 Quot.sound]
'HMT.IV.LatticeTwistedCorrectionPreservation.correctionExponential_parity' depends on axioms: [propext,
 Classical.choice,
 Quot.sound]
'HMT.IV.LatticeTwistedCorrectionPreservation.correctionExponential_mem_parity' depends on axioms: [propext,
 Classical.choice,
 Quot.sound]
'HMT.IV.LatticeTwistedCorrectionPreservation.evenCorrectionCoefficient' depends on axioms: [propext,
 Classical.choice,
 Quot.sound]
'HMT.IV.LatticeTwistedCorrectionPreservation.evenCorrection_coefficient' depends on axioms: [propext,
 Classical.choice,
 Quot.sound]
'HMT.IV.LatticeTwistedCorrectionPreservation.evenCorrection_polynomial_on_state' depends on axioms: [propext,
 Classical.choice,
 Quot.sound]
'HMT.IV.LatticeTwistedCorrectionConformal.correctionScalar_one_one' depends on axioms: [propext,
 Classical.choice,
 Quot.sound]
'HMT.IV.LatticeTwistedCorrectionConformal.mode_pair_conformalState' depends on axioms: [propext,
 Classical.choice,
 Quot.sound]
'HMT.IV.LatticeTwistedCorrectionConformal.gram_trace_vacuum' depends on axioms: [propext, Classical.choice, Quot.sound]
'HMT.IV.LatticeTwistedCorrectionConformal.correctionCoefficient_conformalState' depends on axioms: [propext,
 Classical.choice,
 Quot.sound]
'HMT.IV.LatticeTwistedCorrectionConformal.correctionCoefficient_vacuum' depends on axioms: [propext,
 Classical.choice,
 Quot.sound]
'HMT.IV.LatticeTwistedCorrectionConformal.correctionPower_ge_two_conformalState' depends on axioms: [propext,
 Classical.choice,
 Quot.sound]
'HMT.IV.LatticeTwistedCorrectionConformal.correctionExponential_conformalState' depends on axioms: [propext,
 Classical.choice,
 Quot.sound]
'HMT.IV.LatticeTwistedNormalProduct.field_has_bound' depends on axioms: [propext, Classical.choice, Quot.sound]
'HMT.IV.LatticeTwistedNormalProduct.nonnegative_modes_bounded' depends on axioms: [propext,
 Classical.choice,
 Quot.sound]
'HMT.IV.LatticeTwistedNormalProduct.creationTerm' depends on axioms: [propext, Classical.choice, Quot.sound]
'HMT.IV.LatticeTwistedNormalProduct.annihilationTerm' depends on axioms: [propext, Classical.choice, Quot.sound]
'HMT.IV.LatticeTwistedNormalProduct.creationTerm_eq_field_coefficient' depends on axioms: [propext,
 Classical.choice,
 Quot.sound]
'HMT.IV.LatticeTwistedNormalProduct.annihilationTerm_eq_field_coefficient' depends on axioms: [propext,
 Classical.choice,
 Quot.sound]
'HMT.IV.LatticeTwistedNormalProduct.creationTerm_finite' depends on axioms: [propext, Classical.choice, Quot.sound]
'HMT.IV.LatticeTwistedNormalProduct.annihilationTerm_finite' depends on axioms: [propext, Classical.choice, Quot.sound]
'HMT.IV.LatticeTwistedNormalProduct.normalCoefficient' depends on axioms: [propext, Classical.choice, Quot.sound]
'HMT.IV.LatticeTwistedNormalProduct.normalCoefficient_apply' depends on axioms: [propext, Classical.choice, Quot.sound]
'HMT.IV.LatticeTwistedNormalProduct.normalCoefficient_bounded' depends on axioms: [propext,
 Classical.choice,
 Quot.sound]
'HMT.IV.LatticeTwistedNormalProduct.normalField' depends on axioms: [propext, Classical.choice, Quot.sound]
'HMT.IV.LatticeTwistedNormalProduct.normalField_coefficient' depends on axioms: [propext, Classical.choice, Quot.sound]
