'HMT.III.SelectedPublication.same_selected_register' depends on axioms: [propext, Classical.choice, Quot.sound]
'HMT.III.SelectedPublication.positive_unique_operator' depends on axioms: [propext,
 Classical.choice,
 Lean.ofReduceBool,
 Quot.sound]
'HMT.III.SelectedPublication.constitutive_ellipse_recovery' depends on axioms: [propext,
 Classical.choice,
 Lean.ofReduceBool,
 Quot.sound]
'HMT.III.SelectedPublication.electromagnetic_coupling' depends on axioms: [propext,
 Classical.choice,
 Lean.ofReduceBool,
 Quot.sound]
'HMT.III.SelectedPublication.action_return_detectable' depends on axioms: [propext,
 Classical.choice,
 Lean.ofReduceBool,
 Quot.sound]
'HMT.III.SelectedPublication.selected_action_constitutive_electric_chain' depends on axioms: [propext,
 Classical.choice,
 Lean.ofReduceBool,
 Quot.sound]
