'HMT.IV.LatticeTwistedCorrectionPreservation.nonnegative_modes_commute' depends on axioms: [propext,
 Classical.choice,
 Quot.sound]
'HMT.IV.LatticeTwistedCorrectionPreservation.positive_mode_pure_charge' depends on axioms: [propext,
 Classical.choice,
 Quot.sound]
'HMT.IV.LatticeTwistedCorrectionPreservation.mode_pair_pure_charge' depends on axioms: [propext,
 Classical.choice,
 Quot.sound]
'HMT.IV.LatticeTwistedCorrectionPreservation.correctionCoefficient_pure_charge' depends on axioms: [propext,
 Classical.choice,
 Quot.sound]
'HMT.IV.LatticeTwistedCorrectionPreservation.correctionPositivePower_pure_charge' depends on axioms: [propext,
 Classical.choice,
 Quot.sound]
'HMT.IV.LatticeTwistedCorrectionPreservation.correctionExponential_pure_charge' depends on axioms: [propext,
 Classical.choice,
 Quot.sound]
'HMT.IV.LatticeTwistedCorrectionPreservation.correctionCoefficient_parity' depends on axioms: [propext,
 Classical.choice,
 Quot.sound]
'HMT.IV.LatticeTwistedCorrectionPreservation.correctionPower_parity' depends on axioms: [propext,
 Classical.choice,
 Quot.sound]
'HMT.IV.LatticeTwistedCorrectionPreservation.correctionExponential_parity' depends on axioms: [propext,
 Classical.choice,
 Quot.sound]
'HMT.IV.LatticeTwistedCorrectionPreservation.correctionExponential_mem_parity' depends on axioms: [propext,
 Classical.choice,
 Quot.sound]
'HMT.IV.LatticeTwistedCorrectionPreservation.evenCorrectionCoefficient' depends on axioms: [propext,
 Classical.choice,
 Quot.sound]
'HMT.IV.LatticeTwistedCorrectionPreservation.evenCorrection_coefficient' depends on axioms: [propext,
 Classical.choice,
 Quot.sound]
'HMT.IV.LatticeTwistedCorrectionPreservation.evenCorrection_polynomial_on_state' depends on axioms: [propext,
 Classical.choice,
 Quot.sound]
