'HMT.IV.LatticeTwistedEvenChargeStates.positiveCoefficient_neg_charge' depends on axioms: [propext,
 Classical.choice,
 Quot.sound]
'HMT.IV.LatticeTwistedEvenChargeStates.chargeField_neg' depends on axioms: [propext, Classical.choice, Quot.sound]
'HMT.IV.LatticeTwistedEvenChargeStates.latticeEmbedding' depends on axioms: [propext, Classical.choice, Quot.sound]
'HMT.IV.LatticeTwistedEvenChargeStates.latticeProjection' depends on axioms: [propext, Classical.choice, Quot.sound]
'HMT.IV.LatticeTwistedEvenChargeStates.latticeProjection_embedding' depends on axioms: [propext,
 Classical.choice,
 Quot.sound]
'HMT.IV.LatticeTwistedEvenChargeStates.latticeEmbedding_injective' depends on axioms: [propext,
 Classical.choice,
 Quot.sound]
'HMT.IV.LatticeTwistedEvenChargeStates.exponentialState' depends on axioms: [propext, Classical.choice, Quot.sound]
'HMT.IV.LatticeTwistedEvenChargeStates.exponentialState_eq_carrierBasis' depends on axioms: [propext,
 Classical.choice,
 Quot.sound]
'HMT.IV.LatticeTwistedEvenChargeStates.theta_exponentialState' depends on axioms: [propext,
 Classical.choice,
 Quot.sound]
'HMT.IV.LatticeTwistedEvenChargeStates.exponentialState_zero' depends on axioms: [propext, Classical.choice, Quot.sound]
'HMT.IV.LatticeTwistedEvenChargeStates.evenExponentialState' depends on axioms: [propext, Classical.choice, Quot.sound]
'HMT.IV.LatticeTwistedEvenChargeStates.evenExponentialState_coe' depends on axioms: [propext,
 Classical.choice,
 Quot.sound]
'HMT.IV.LatticeTwistedEvenChargeStates.evenExponentialState_neg' depends on axioms: [propext,
 Classical.choice,
 Quot.sound]
'HMT.IV.LatticeTwistedEvenChargeStates.evenExponentialState_zero' depends on axioms: [propext,
 Classical.choice,
 Quot.sound]
'HMT.IV.LatticeTwistedEvenChargeStates.evenExponentialStates' depends on axioms: [propext, Classical.choice, Quot.sound]
'HMT.IV.LatticeTwistedEvenChargeStates.exponentialGenerator' depends on axioms: [propext, Classical.choice, Quot.sound]
'HMT.IV.LatticeTwistedEvenChargeStates.evenExponentialInclusion' depends on axioms: [propext,
 Classical.choice,
 Quot.sound]
'HMT.IV.LatticeTwistedEvenChargeStates.evenExponentialInclusion_injective' depends on axioms: [propext,
 Classical.choice,
 Quot.sound]
'HMT.IV.LatticeTwistedEvenChargeStates.evenExponentialInclusion_generator' depends on axioms: [propext,
 Classical.choice,
 Quot.sound]
'HMT.IV.LatticeTwistedEvenChargeStates.latticeFieldLinear' depends on axioms: [propext, Classical.choice, Quot.sound]
'HMT.IV.LatticeTwistedEvenChargeStates.latticeFieldLinear_basis' depends on axioms: [propext,
 Classical.choice,
 Quot.sound]
'HMT.IV.LatticeTwistedEvenChargeStates.latticeFieldLinear_theta' depends on axioms: [propext,
 Classical.choice,
 Quot.sound]
'HMT.IV.LatticeTwistedEvenChargeStates.evenExponentialField' depends on axioms: [propext, Classical.choice, Quot.sound]
'HMT.IV.LatticeTwistedEvenChargeStates.evenExponentialField_generator' depends on axioms: [propext,
 Classical.choice,
 Quot.sound]
'HMT.IV.LatticeTwistedEvenChargeStates.evenExponentialField_inversion' depends on axioms: [propext,
 Classical.choice,
 Quot.sound]
'HMT.IV.LatticeTwistedEvenChargeStates.evenVacuum_mem_exponentialStates' depends on axioms: [propext,
 Classical.choice,
 Quot.sound]
'HMT.IV.LatticeTwistedEvenChargeStates.exponentialVacuum' depends on axioms: [propext, Classical.choice, Quot.sound]
'HMT.IV.LatticeTwistedEvenChargeStates.exponentialVacuum_eq_generator' depends on axioms: [propext,
 Classical.choice,
 Quot.sound]
'HMT.IV.LatticeTwistedEvenChargeStates.evenExponentialField_vacuum' depends on axioms: [propext,
 Classical.choice,
 Quot.sound]
'HMT.IV.LatticeTwistedEvenChargeStates.evenExponentialField_vacuum_coefficient' depends on axioms: [propext,
 Classical.choice,
 Quot.sound]
