'HMT.IV.HeisenbergDerivativeModes.derivativeCoefficient_factorial' depends on axioms: [propext,
 Classical.choice,
 Quot.sound]
'HMT.IV.HeisenbergDerivativeModes.derivativeCoefficient_bounded_pole' depends on axioms: [propext,
 Classical.choice,
 Quot.sound]
'HMT.IV.HeisenbergDerivativeModes.derivativeCoefficient_creation' depends on axioms: [propext,
 Classical.choice,
 Quot.sound]
'HMT.IV.HeisenbergDerivativeModes.derivativeCoefficient_gap' depends on axioms: [propext, Classical.choice, Quot.sound]
'HMT.IV.HeisenbergDerivativeModes.derivativeCoefficient_nonnegativeMode' depends on axioms: [propext,
 Classical.choice,
 Quot.sound]
'HMT.IV.HeisenbergDerivativeModes.derivativeCoefficient_vacuum_negative' depends on axioms: [propext,
 Classical.choice,
 Quot.sound]
'HMT.IV.HeisenbergDerivativeModes.derivativeCoefficient_vacuum_constant' depends on axioms: [propext,
 Classical.choice,
 Quot.sound]
'HMT.IV.HeisenbergDerivativeModes.exists_nonnegativeMode_bound' depends on axioms: [propext,
 Classical.choice,
 Quot.sound]
'HMT.IV.HeisenbergDerivativeModes.derivativeCoefficient_split' depends on axioms: [propext,
 Classical.choice,
 Quot.sound]
'HMT.IV.HeisenbergDerivativeModes.nonnegativePart_vacuum' depends on axioms: [propext, Classical.choice, Quot.sound]
