'HMT.IV.LatticeHalfCreationExponential.halfCreationPotential_coefficient_odd' depends on axioms: [propext,
 Classical.choice,
 Quot.sound]
'HMT.IV.LatticeHalfCreationExponential.halfCreationPotential_coefficient_even' depends on axioms: [propext,
 Classical.choice,
 Quot.sound]
'HMT.IV.LatticeHalfCreationExponential.halfCreationPotential_frequency_coefficient' depends on axioms: [propext,
 Classical.choice,
 Quot.sound]
'HMT.IV.LatticeHalfCreationExponential.halfCreationExponential_coefficient' depends on axioms: [propext,
 Classical.choice,
 Quot.sound]
'HMT.IV.LatticeHalfCreationExponential.halfCreationExponential_coefficient_partition' depends on axioms: [propext,
 Classical.choice,
 Quot.sound]
'HMT.IV.LatticeHalfCreationExponential.halfCreationExponential_zero_charge' depends on axioms: [propext,
 Classical.choice,
 Quot.sound]
'HMT.IV.LatticeHalfCreationExponential.halfCreationExponentialMode_first' depends on axioms: [propext,
 Classical.choice,
 Quot.sound]
