'HMT.IV.LatticeHalfAnnihilationParity.chargeHalfAnnihilation_neg' depends on axioms: [propext,
 Classical.choice,
 Quot.sound]
'HMT.IV.LatticeHalfAnnihilationParity.theta_chargeHalfAnnihilation' depends on axioms: [propext,
 Classical.choice,
 Quot.sound]
'HMT.IV.LatticeHalfAnnihilationParity.theta_potentialCoefficient' depends on axioms: [propext,
 Classical.choice,
 Quot.sound]
'HMT.IV.LatticeHalfAnnihilationParity.potentialCoefficient_neg_charge' depends on axioms: [propext,
 Classical.choice,
 Quot.sound]
'HMT.IV.LatticeHalfAnnihilationParity.theta_powerCoefficient' depends on axioms: [propext, Classical.choice, Quot.sound]
'HMT.IV.LatticeHalfAnnihilationParity.powerCoefficient_neg_charge' depends on axioms: [propext,
 Classical.choice,
 Quot.sound]
'HMT.IV.LatticeHalfAnnihilationParity.theta_exponentialCoefficient' depends on axioms: [propext,
 Classical.choice,
 Quot.sound]
'HMT.IV.LatticeHalfAnnihilationParity.exponentialCoefficient_neg_charge' depends on axioms: [propext,
 Classical.choice,
 Quot.sound]
'HMT.IV.LatticeHalfAnnihilationParity.theta_exponentialCoefficient_charge' depends on axioms: [propext,
 Classical.choice,
 Quot.sound]
'HMT.IV.LatticeHalfAnnihilationParity.conjugate_exponentialCoefficient' depends on axioms: [propext,
 Classical.choice,
 Quot.sound]
