'HMT.IV.LatticeTwistedPositiveConformal.positiveStateCoefficient_conformal' depends on axioms: [propext,
 Classical.choice,
 Quot.sound]
'HMT.IV.LatticeTwistedPositiveConformal.positiveDescendedAssignment_conformal_coefficient' depends on axioms: [propext,
 Classical.choice,
 Quot.sound]
'HMT.IV.LatticeTwistedPositiveConformal.positiveDescendedField_conformal_coefficient' depends on axioms: [propext,
 Classical.choice,
 Quot.sound]
'HMT.IV.SkewFieldTransform.skewTerm' depends on axioms: [propext, Classical.choice, Quot.sound]
'HMT.IV.SkewFieldTransform.skewTerm_add_e' depends on axioms: [propext, Classical.choice, Quot.sound]
'HMT.IV.SkewFieldTransform.skewTerm_smul_e' depends on axioms: [propext, Classical.choice, Quot.sound]
'HMT.IV.SkewFieldTransform.skewTerm_add_t' depends on axioms: [propext, Classical.choice, Quot.sound]
'HMT.IV.SkewFieldTransform.skewTerm_smul_t' depends on axioms: [propext, Classical.choice, Quot.sound]
'HMT.IV.SkewFieldTransform.field_has_bound' depends on axioms: [propext, Classical.choice, Quot.sound]
'HMT.IV.SkewFieldTransform.skewTerm_finite' depends on axioms: [propext, Classical.choice, Quot.sound]
'HMT.IV.SkewFieldTransform.skewCoefficient' depends on axioms: [propext, Classical.choice, Quot.sound]
'HMT.IV.SkewFieldTransform.skewCoefficient_apply' depends on axioms: [propext, Classical.choice, Quot.sound]
'HMT.IV.SkewFieldTransform.skewCoefficient_eq_zero_of_lt_bound' depends on axioms: [propext,
 Classical.choice,
 Quot.sound]
'HMT.IV.SkewFieldTransform.skewCoefficient_bounded' depends on axioms: [propext, Classical.choice, Quot.sound]
'HMT.IV.SkewFieldTransform.skewField' depends on axioms: [propext, Classical.choice, Quot.sound]
'HMT.IV.SkewFieldTransform.skewField_coefficient' depends on axioms: [propext, Classical.choice, Quot.sound]
'HMT.IV.SkewFieldTransform.skewAssignment' depends on axioms: [propext, Classical.choice, Quot.sound]
'HMT.IV.SkewFieldTransform.skewAssignment_coefficient' depends on axioms: [propext, Classical.choice, Quot.sound]
'HMT.IV.SkewFieldTransform.skewAssignment_coefficient_apply' depends on axioms: [propext, Classical.choice, Quot.sound]
'HMT.IV.LatticeOrbifoldEvenAction.coefficient' depends on axioms: [propext, Classical.choice, Quot.sound]
'HMT.IV.LatticeOrbifoldEvenAction.coefficient_apply' depends on axioms: [propext, Classical.choice, Quot.sound]
'HMT.IV.LatticeOrbifoldEvenAction.coefficient_bounded' depends on axioms: [propext, Classical.choice, Quot.sound]
'HMT.IV.LatticeOrbifoldEvenAction.field' depends on axioms: [propext, Classical.choice, Quot.sound]
'HMT.IV.LatticeOrbifoldEvenAction.field_coefficient' depends on axioms: [propext, Classical.choice, Quot.sound]
'HMT.IV.LatticeOrbifoldEvenAction.assignment' depends on axioms: [propext, Classical.choice, Quot.sound]
'HMT.IV.LatticeOrbifoldEvenAction.assignment_coefficient' depends on axioms: [propext, Classical.choice, Quot.sound]
'HMT.IV.LatticeOrbifoldEvenAction.even_inclusion' depends on axioms: [propext, Classical.choice, Quot.sound]
'HMT.IV.LatticeOrbifoldEvenAction.positive_inclusion' depends on axioms: [propext, Classical.choice, Quot.sound]
'HMT.IV.LatticeOrbifoldEvenAction.vacuum_coefficient' depends on axioms: [propext, Classical.choice, Quot.sound]
'HMT.IV.LatticeOrbifoldEvenAction.creation' depends on axioms: [propext, Classical.choice, Quot.sound]
'HMT.IV.LatticeOrbifoldEvenAction.negative_vacuum' depends on axioms: [propext, Classical.choice, Quot.sound]
'HMT.IV.LatticeOrbifoldEvenAction.assignment_injective' depends on axioms: [propext, Classical.choice, Quot.sound]
'HMT.IV.LatticeOrbifoldEvenAction.RemainingFields' depends on axioms: [propext, Classical.choice, Quot.sound]
'HMT.IV.LatticeOrbifoldEvenAction.completeWith' depends on axioms: [propext, Classical.choice, Quot.sound]
'HMT.IV.LatticeOrbifoldEvenAction.completeWith_even_source' depends on axioms: [propext, Classical.choice, Quot.sound]
'HMT.IV.LatticeOrbifoldEvenAction.completeWith_even_twisted' depends on axioms: [propext, Classical.choice, Quot.sound]
'HMT.IV.LatticePositiveDescendedConformal.positiveDescended_conformalState_mode' depends on axioms: [propext,
 Classical.choice,
 Quot.sound]
'HMT.IV.LatticePositiveDescendedConformal.positiveDescended_conformalState_coefficient' depends on axioms: [propext,
 Classical.choice,
 Quot.sound]
'HMT.IV.LatticePositiveDescendedConformal.positiveDescended_conformalState_mode_apply' depends on axioms: [propext,
 Classical.choice,
 Quot.sound]
'HMT.IV.LatticeOrbifoldEvenConformal.conformal_coefficient' depends on axioms: [propext, Classical.choice, Quot.sound]
'HMT.IV.LatticeOrbifoldEvenConformal.fieldMode' depends on axioms: [propext, Classical.choice, Quot.sound]
'HMT.IV.LatticeOrbifoldEvenConformal.fieldMode_eq_modes' depends on axioms: [propext, Classical.choice, Quot.sound]
'HMT.IV.LatticeOrbifoldEvenConformal.fieldMode_virasoro' depends on axioms: [propext, Classical.choice, Quot.sound]
'HMT.IV.LatticeOrbifoldEvenConformal.fieldMode_vacuum' depends on axioms: [propext, Classical.choice, Quot.sound]
'HMT.IV.LatticeOrbifoldEvenConformal.fieldMode_creates_conformalState' depends on axioms: [propext,
 Classical.choice,
 Quot.sound]
'HMT.IV.LatticeOrbifoldEvenConformal.fieldMode_weight_one_zero' depends on axioms: [propext,
 Classical.choice,
 Quot.sound]
'HMT.IV.LatticeOrbifoldEvenConformal.completeWith_conformal_coefficient' depends on axioms: [propext,
 Classical.choice,
 Quot.sound]
'HMT.IV.LatticeTwistedEvenProduct.translation' depends on axioms: [propext, Classical.choice, Quot.sound]
'HMT.IV.LatticeTwistedEvenProduct.twistedEvenField' depends on axioms: [propext, Classical.choice, Quot.sound]
'HMT.IV.LatticeTwistedEvenProduct.twistedEvenField_coefficient' depends on axioms: [propext,
 Classical.choice,
 Quot.sound]
'HMT.IV.LatticeTwistedEvenProduct.vacuum_taylor' depends on axioms: [propext, Classical.choice, Quot.sound]
'HMT.IV.LatticeTwistedEvenProduct.vacuum_negative' depends on axioms: [propext, Classical.choice, Quot.sound]
'HMT.IV.LatticeTwistedEvenProduct.vacuum_creation' depends on axioms: [propext, Classical.choice, Quot.sound]
'HMT.IV.LatticeTwistedEvenProduct.twistedEvenField_injective' depends on axioms: [propext, Classical.choice, Quot.sound]
'HMT.IV.LatticeTwistedEvenProduct.TwistedPairField' depends on axioms: [propext, Classical.choice, Quot.sound]
'HMT.IV.LatticeTwistedEvenProduct.remainingWithTT' depends on axioms: [propext, Classical.choice, Quot.sound]
'HMT.IV.LatticeTwistedEvenProduct.stateFieldWithTT' depends on axioms: [propext, Classical.choice, Quot.sound]
'HMT.IV.LatticeTwistedEvenProduct.stateFieldWithTT_coefficient' depends on axioms: [propext,
 Classical.choice,
 Quot.sound]
'HMT.IV.LatticeTwistedEvenProduct.stateFieldWithTT_vacuum' depends on axioms: [propext, Classical.choice, Quot.sound]
'HMT.IV.LatticeTwistedEvenProduct.stateFieldWithTT_creation' depends on axioms: [propext, Classical.choice, Quot.sound]
'HMT.IV.LatticeTwistedEvenProduct.stateFieldWithTT_negative_vacuum' depends on axioms: [propext,
 Classical.choice,
 Quot.sound]
'HMT.IV.LatticeTwistedEvenProduct.stateFieldWithTT_injective' depends on axioms: [propext, Classical.choice, Quot.sound]
'HMT.IV.LatticeTwistedEvenProduct.stateFieldWithTT_twisted_even' depends on axioms: [propext,
 Classical.choice,
 Quot.sound]
'HMT.IV.LatticeTwistedEvenProduct.stateFieldWithTT_twisted_twisted' depends on axioms: [propext,
 Classical.choice,
 Quot.sound]
'HMT.IV.LatticeTwistedEvenProduct.stateFieldWithTT_conformal_coefficient' depends on axioms: [propext,
 Classical.choice,
 Quot.sound]
'HMT.IV.WeightedBasisPairing.form' depends on axioms: [propext, Classical.choice, Quot.sound]
'HMT.IV.WeightedBasisPairing.basis_left' depends on axioms: [propext, Classical.choice, Quot.sound]
'HMT.IV.WeightedBasisPairing.basis_right' depends on axioms: [propext, Classical.choice, Quot.sound]
'HMT.IV.WeightedBasisPairing.symmetric' depends on axioms: [propext, Classical.choice, Quot.sound]
'HMT.IV.WeightedBasisPairing.nondegenerate' depends on axioms: [propext, Classical.choice, Quot.sound]
'HMT.IV.WeightedBasisPairing.right_separating' depends on axioms: [propext, Classical.choice, Quot.sound]
'HMT.IV.LatticeFactorialPairing.occupationFactorial' depends on axioms: [propext, Classical.choice, Quot.sound]
'HMT.IV.LatticeFactorialPairing.occupationFactorial_ne_zero' depends on axioms: [propext, Classical.choice, Quot.sound]
'HMT.IV.LatticeFactorialPairing.occupationFactorial_zero' depends on axioms: [propext, Classical.choice, Quot.sound]
'HMT.IV.LatticeFactorialPairing.occupationFactorial_succ' depends on axioms: [propext, Classical.choice, Quot.sound]
'HMT.IV.LatticeFactorialPairing.factorialPairing' depends on axioms: [propext, Classical.choice, Quot.sound]
'HMT.IV.LatticeFactorialPairing.factorialPairing_left' depends on axioms: [propext, Classical.choice, Quot.sound]
'HMT.IV.LatticeFactorialPairing.factorialPairing_right' depends on axioms: [propext, Classical.choice, Quot.sound]
'HMT.IV.LatticeFactorialPairing.factorialPairing_symmetric' depends on axioms: [propext, Classical.choice, Quot.sound]
'HMT.IV.LatticeFactorialPairing.factorialPairing_nondegenerate' depends on axioms: [propext,
 Classical.choice,
 Quot.sound]
'HMT.IV.LatticeFactorialPairing.coordinateDerivative' depends on axioms: [propext, Classical.choice, Quot.sound]
'HMT.IV.LatticeFactorialPairing.coordinateDerivative_monomial' depends on axioms: [propext,
 Classical.choice,
 Quot.sound]
'HMT.IV.LatticeFactorialPairing.factorialPairing_create_monomial' depends on axioms: [propext,
 Classical.choice,
 Quot.sound]
'HMT.IV.LatticeFactorialPairing.factorialPairing_create' depends on axioms: [propext, Classical.choice, Quot.sound]
'HMT.IV.LatticeHalfGramTransport.halfScale' depends on axioms: [propext, Classical.choice, Quot.sound]
'HMT.IV.LatticeHalfGramTransport.halfScale_ne_zero' depends on axioms: [propext, Classical.choice, Quot.sound]
'HMT.IV.LatticeHalfGramTransport.blockMap' depends on axioms: [propext, Classical.choice, Quot.sound]
'HMT.IV.LatticeHalfGramTransport.blockMap_mode' depends on axioms: [propext, Classical.choice, Quot.sound]
'HMT.IV.LatticeHalfGramTransport.blockMap_comp' depends on axioms: [propext, Classical.choice, Quot.sound]
'HMT.IV.LatticeHalfGramTransport.halfGram' depends on axioms: [propext, Classical.choice, Quot.sound]
'HMT.IV.LatticeHalfGramTransport.halfGramInverse' depends on axioms: [propext, Classical.choice, Quot.sound]
'HMT.IV.LatticeHalfGramTransport.halfGram_left_inverse' depends on axioms: [propext, Classical.choice, Quot.sound]
'HMT.IV.LatticeHalfGramTransport.halfGram_right_inverse' depends on axioms: [propext, Classical.choice, Quot.sound]
'HMT.IV.LatticeHalfGramTransport.halfGramEquiv' depends on axioms: [propext, Classical.choice, Quot.sound]
'HMT.IV.LatticeHalfGramTransport.gramTransport' depends on axioms: [propext, Classical.choice, Quot.sound]
'HMT.IV.LatticeHalfGramTransport.gramTransportInverse' depends on axioms: [propext, Classical.choice, Quot.sound]
'HMT.IV.LatticeHalfGramTransport.gramTransport_left_inverse' depends on axioms: [propext, Classical.choice, Quot.sound]
'HMT.IV.LatticeHalfGramTransport.gramTransport_right_inverse' depends on axioms: [propext, Classical.choice, Quot.sound]
'HMT.IV.LatticeHalfGramTransport.gramTransport_create' depends on axioms: [propext, Classical.choice, Quot.sound]
'HMT.IV.LatticeHalfFockPairing.contravariantPairing' depends on axioms: [propext, Classical.choice, Quot.sound]
'HMT.IV.LatticeHalfFockPairing.contravariantPairing_apply' depends on axioms: [propext, Classical.choice, Quot.sound]
'HMT.IV.LatticeHalfFockPairing.contravariantPairing_nondegenerate' depends on axioms: [propext,
 Classical.choice,
 Quot.sound]
'HMT.IV.LatticeHalfFockPairing.contravariantPairing_right_separating' depends on axioms: [propext,
 Classical.choice,
 Quot.sound]
'HMT.IV.LatticeHalfFockPairing.halfAnnihilate_coordinate_expansion' depends on axioms: [propext,
 Classical.choice,
 Quot.sound]
'HMT.IV.LatticeHalfFockPairing.contravariantPairing_create' depends on axioms: [propext, Classical.choice, Quot.sound]
'HMT.IV.LatticeFiniteInvariantPairing.dualFDRep' depends on axioms: [propext, Classical.choice, Quot.sound]
'HMT.IV.LatticeFiniteInvariantPairing.dual_central_negative' depends on axioms: [propext, Classical.choice, Quot.sound]
'HMT.IV.LatticeFiniteInvariantPairing.dual_dimension' depends on axioms: [propext, Classical.choice, Quot.sound]
'HMT.IV.LatticeFiniteInvariantPairing.equivariant_duality_dimension' depends on axioms: [propext,
 Classical.choice,
 Quot.sound]
'HMT.IV.LatticeFiniteInvariantPairing.equivariant_duality_exists' depends on axioms: [propext,
 Classical.choice,
 Quot.sound]
'HMT.IV.LatticeFiniteInvariantPairing.dualityMorphism' depends on axioms: [propext, Classical.choice, Quot.sound]
'HMT.IV.LatticeFiniteInvariantPairing.dualityMorphism_ne_zero' depends on axioms: [propext,
 Classical.choice,
 Quot.sound]
'HMT.IV.LatticeFiniteInvariantPairing.invariantPairing' depends on axioms: [propext, Classical.choice, Quot.sound]
'HMT.IV.LatticeFiniteInvariantPairing.invariantPairing_injective' depends on axioms: [propext,
 Classical.choice,
 Quot.sound]
'HMT.IV.LatticeFiniteInvariantPairing.invariantPairing_surjective' depends on axioms: [propext,
 Classical.choice,
 Quot.sound]
'HMT.IV.LatticeFiniteInvariantPairing.invariantPairing_nondegenerate' depends on axioms: [propext,
 Classical.choice,
 Quot.sound]
'HMT.IV.LatticeFiniteInvariantPairing.invariantDuality' depends on axioms: [propext, Classical.choice, Quot.sound]
'HMT.IV.LatticeFiniteInvariantPairing.invariantPairing_contravariant' depends on axioms: [propext,
 Classical.choice,
 Quot.sound]
'HMT.IV.LatticeFiniteInvariantPairing.invariantPairing_invariant' depends on axioms: [propext,
 Classical.choice,
 Quot.sound]
'HMT.IV.LatticeFiniteInvariantPairing.invariantPairing_right_separating' depends on axioms: [propext,
 Classical.choice,
 Quot.sound]
'HMT.IV.LatticeFiniteInvariantPairing.latticeOperator_preserves_pairing' depends on axioms: [propext,
 Classical.choice,
 Quot.sound]
'HMT.IV.LatticeFiniteInvariantPairing.invariantDuality_represents' depends on axioms: [propext,
 Classical.choice,
 Quot.sound]
'HMT.IV.LatticeFiniteInvariantPairing.invariantDuality_representation_unique' depends on axioms: [propext,
 Classical.choice,
 Quot.sound]
'HMT.IV.LatticeTwistedTensorPairing.tensorPairing' depends on axioms: [propext, Classical.choice, Quot.sound]
'HMT.IV.LatticeTwistedTensorPairing.tensorPairing_pure' depends on axioms: [propext, Classical.choice, Quot.sound]
'HMT.IV.LatticeTwistedTensorPairing.groundRightDual' depends on axioms: [propext, Classical.choice, Quot.sound]
'HMT.IV.LatticeTwistedTensorPairing.groundLeftDual' depends on axioms: [propext, Classical.choice, Quot.sound]
'HMT.IV.LatticeTwistedTensorPairing.groundRightDual_pair' depends on axioms: [propext, Classical.choice, Quot.sound]
'HMT.IV.LatticeTwistedTensorPairing.groundLeftDual_pair' depends on axioms: [propext, Classical.choice, Quot.sound]
'HMT.IV.LatticeTwistedTensorPairing.groundCoordinates' depends on axioms: [propext, Classical.choice, Quot.sound]
'HMT.IV.LatticeTwistedTensorPairing.tensorPairing_right_test' depends on axioms: [propext, Classical.choice, Quot.sound]
'HMT.IV.LatticeTwistedTensorPairing.tensorPairing_left_test' depends on axioms: [propext, Classical.choice, Quot.sound]
'HMT.IV.LatticeTwistedTensorPairing.tensorPairing_nondegenerate' depends on axioms: [propext,
 Classical.choice,
 Quot.sound]
'HMT.IV.LatticeTwistedTensorPairing.tensorPairing_right_separating' depends on axioms: [propext,
 Classical.choice,
 Quot.sound]
'HMT.IV.LatticeTwistedTensorPairing.tensorPairing_create' depends on axioms: [propext, Classical.choice, Quot.sound]
'HMT.IV.LatticeTwistedTensorPairing.tensorPairing_charge_invariant' depends on axioms: [propext,
 Classical.choice,
 Quot.sound]
'HMT.IV.LatticeHalfGramWeight.block_gamma_create' depends on axioms: [propext, Classical.choice, Quot.sound]
'HMT.IV.LatticeHalfGramWeight.block_gamma_quadratic_create' depends on axioms: [propext, Classical.choice, Quot.sound]
'HMT.IV.LatticeHalfGramWeight.block_gamma_quadratic' depends on axioms: [propext, Classical.choice, Quot.sound]
'HMT.IV.LatticeHalfGramWeight.block_gamma_coefficient_off_weight' depends on axioms: [propext,
 Classical.choice,
 Quot.sound]
'HMT.IV.LatticeTwistedPairingGrading.tensorPairing_basis_off_weight' depends on axioms: [propext,
 Classical.choice,
 Quot.sound]
'HMT.IV.LatticeTwistedPairingGrading.evenProjector_pairing' depends on axioms: [propext, Classical.choice, Quot.sound]
'HMT.IV.LatticeTwistedPairingGrading.positivePairing' depends on axioms: [propext, Classical.choice, Quot.sound]
'HMT.IV.LatticeTwistedPairingGrading.positivePairing_nondegenerate' depends on axioms: [propext,
 Classical.choice,
 Quot.sound]
'HMT.IV.LatticeTwistedPairingGrading.positivePairing_right_separating' depends on axioms: [propext,
 Classical.choice,
 Quot.sound]
'HMT.IV.LatticeTwistedPairingGrading.tensorPairing_weight_basis_off' depends on axioms: [propext,
 Classical.choice,
 Quot.sound]
'HMT.IV.LatticeTwistedPairingGrading.homogeneousPairing' depends on axioms: [propext, Classical.choice, Quot.sound]
'HMT.IV.LatticeTwistedPairingGrading.homogeneousPairing_nondegenerate' depends on axioms: [propext,
 Classical.choice,
 Quot.sound]
'HMT.IV.LatticeTwistedPairingGrading.homogeneousDuality' depends on axioms: [propext, Classical.choice, Quot.sound]
'HMT.IV.LatticeTwistedPairingGrading.positiveProjection_eigen' depends on axioms: [propext,
 Classical.choice,
 Quot.sound]
'HMT.IV.LatticeTwistedPairingGrading.positiveHomogeneousPairing' depends on axioms: [propext,
 Classical.choice,
 Quot.sound]
'HMT.IV.LatticeTwistedPairingGrading.positiveHomogeneousPairing_nondegenerate' depends on axioms: [propext,
 Classical.choice,
 Quot.sound]
'HMT.IV.LatticeTwistedPairingGrading.positiveHomogeneousDuality' depends on axioms: [propext,
 Classical.choice,
 Quot.sound]
'HMT.IV.LatticeTwistedContragredientTruncation.lowering' depends on axioms: [propext, Classical.choice, Quot.sound]
'HMT.IV.LatticeTwistedContragredientTruncation.energy_lowering_commutator' depends on axioms: [propext,
 Classical.choice,
 Quot.sound]
'HMT.IV.LatticeTwistedContragredientTruncation.lowering_weight' depends on axioms: [propext,
 Classical.choice,
 Quot.sound]
'HMT.IV.LatticeTwistedContragredientTruncation.lowering_power_weight' depends on axioms: [propext,
 Classical.choice,
 Quot.sound]
'HMT.IV.LatticeTwistedContragredientTruncation.lowering_power_kills_weight' depends on axioms: [propext,
 Classical.choice,
 Quot.sound]
'HMT.IV.LatticeTwistedContragredientTruncation.finiteLoweringSpace' depends on axioms: [propext,
 Classical.choice,
 Quot.sound]
'HMT.IV.LatticeTwistedContragredientTruncation.finiteLoweringSpace_eq_top' depends on axioms: [propext,
 Classical.choice,
 Quot.sound]
'HMT.IV.LatticeTwistedContragredientTruncation.lowering_locally_nilpotent' depends on axioms: [propext,
 Classical.choice,
 Quot.sound]
'HMT.IV.LatticeTwistedContragredientTruncation.lowering_power_eventually_zero' depends on axioms: [propext,
 Classical.choice,
 Quot.sound]
'HMT.IV.LatticeTwistedContragredientTruncation.inversionCoefficient' depends on axioms: [propext,
 Classical.choice,
 Quot.sound]
'HMT.IV.LatticeTwistedContragredientTruncation.inversionCoefficient_finite' depends on axioms: [propext,
 Classical.choice,
 Quot.sound]
'HMT.IV.LatticeTwistedContragredientTruncation.inversionCoefficient_zero' depends on axioms: [propext,
 Classical.choice,
 Quot.sound]
'HMT.IV.LatticeTwistedContragredientTruncation.inversionCoefficient_first' depends on axioms: [propext,
 Classical.choice,
 Quot.sound]
'HMT.IV.LatticeTwistedCoordinateExponential.formal_exponential_inverse' depends on axioms: [propext,
 Classical.choice,
 Quot.sound]
'HMT.IV.LatticeTwistedCoordinateExponential.formal_inverse_exponential' depends on axioms: [propext,
 Classical.choice,
 Quot.sound]
'HMT.IV.LatticeTwistedCoordinateExponential.negative_linear_potential' depends on axioms: [propext,
 Classical.choice,
 Quot.sound]
'HMT.IV.LatticeTwistedCoordinateExponential.EndSpace' depends on axioms: [propext, Classical.choice, Quot.sound]
'HMT.IV.LatticeTwistedCoordinateExponential.potential' depends on axioms: [propext, Classical.choice, Quot.sound]
'HMT.IV.LatticeTwistedCoordinateExponential.potential_constant' depends on axioms: [propext,
 Classical.choice,
 Quot.sound]
'HMT.IV.LatticeTwistedCoordinateExponential.potential_power_coefficient' depends on axioms: [propext,
 Classical.choice,
 Quot.sound]
'HMT.IV.LatticeTwistedCoordinateExponential.exponential_coefficient' depends on axioms: [propext,
 Classical.choice,
 Quot.sound]
'HMT.IV.LatticeTwistedCoordinateExponential.coordinateExponential' depends on axioms: [propext,
 Classical.choice,
 Quot.sound]
'HMT.IV.LatticeTwistedCoordinateExponential.inverseCoordinateExponential' depends on axioms: [propext,
 Classical.choice,
 Quot.sound]
'HMT.IV.LatticeTwistedCoordinateExponential.coordinateExponential_eq' depends on axioms: [propext,
 Classical.choice,
 Quot.sound]
'HMT.IV.LatticeTwistedCoordinateExponential.coordinateExponential_mul_inverse' depends on axioms: [propext,
 Classical.choice,
 Quot.sound]
'HMT.IV.LatticeTwistedCoordinateExponential.inverseCoordinateExponential_mul' depends on axioms: [propext,
 Classical.choice,
 Quot.sound]
'HMT.IV.LatticeTwistedCoordinateExponential.coordinateUnit' depends on axioms: [propext, Classical.choice, Quot.sound]
'HMT.IV.LatticeTwistedCoordinateExponential.coordinateExponential_coefficient_finite' depends on axioms: [propext,
 Classical.choice,
 Quot.sound]
'HMT.IV.LatticeTwistedCoordinateExponential.negative_potential_power_coefficient' depends on axioms: [propext,
 Classical.choice,
 Quot.sound]
'HMT.IV.LatticeTwistedCoordinateExponential.inverseCoordinateExponential_coefficient' depends on axioms: [propext,
 Classical.choice,
 Quot.sound]
'HMT.IV.LatticeTwistedCoordinateExponential.inverseCoordinateExponential_coefficient_finite' depends on axioms: [propext,
 Classical.choice,
 Quot.sound]
'HMT.IV.CoordinateWeightSign.weightSpace' depends on axioms: [propext, Classical.choice, Quot.sound]
'HMT.IV.CoordinateWeightSign.mem_weightSpace' depends on axioms: [propext, Classical.choice, Quot.sound]
'HMT.IV.CoordinateWeightSign.weightSpaces_independent' depends on axioms: [propext, Classical.choice, Quot.sound]
'HMT.IV.CoordinateWeightSign.weightSpaces_internal' depends on axioms: [propext, Classical.choice, Quot.sound]
'HMT.IV.CoordinateWeightSign.weightDecomposition' depends on axioms: [propext, Classical.choice, Quot.sound]
'HMT.IV.CoordinateWeightSign.weightSign' depends on axioms: [propext, Classical.choice, Quot.sound]
'HMT.IV.CoordinateWeightSign.weightSign_apply_of_weight' depends on axioms: [propext, Classical.choice, Quot.sound]
'HMT.IV.CoordinateWeightSign.ext_on_weights' depends on axioms: [propext, Classical.choice, Quot.sound]
'HMT.IV.CoordinateWeightSign.weightSign_sq' depends on axioms: [propext, Classical.choice, Quot.sound]
'HMT.IV.CoordinateWeightSign.weightSign_involutive' depends on axioms: [propext, Classical.choice, Quot.sound]
'HMT.IV.CoordinateWeightSign.weightSign_commutes_energy' depends on axioms: [propext, Classical.choice, Quot.sound]
'HMT.IV.CoordinateWeightSign.weightSign_unique' depends on axioms: [propext, Classical.choice, Quot.sound]
'HMT.IV.LatticeTwistedContragredientCoefficients.MatrixTarget' depends on axioms: [propext,
 Classical.choice,
 Quot.sound]
'HMT.IV.LatticeTwistedContragredientCoefficients.matrixCoefficient' depends on axioms: [propext,
 Classical.choice,
 Quot.sound]
'HMT.IV.LatticeTwistedContragredientCoefficients.matrixCoefficient_apply' depends on axioms: [propext,
 Classical.choice,
 Quot.sound]
'HMT.IV.LatticeTwistedContragredientCoefficients.inversionTerm' depends on axioms: [propext,
 Classical.choice,
 Quot.sound]
'HMT.IV.LatticeTwistedContragredientCoefficients.inversionCoefficient_weight_cutoff' depends on axioms: [propext,
 Classical.choice,
 Quot.sound]
'HMT.IV.LatticeTwistedContragredientCoefficients.inversionTerm_weight_cutoff' depends on axioms: [propext,
 Classical.choice,
 Quot.sound]
'HMT.IV.LatticeTwistedContragredientCoefficients.homogeneousCoefficient' depends on axioms: [propext,
 Classical.choice,
 Quot.sound]
'HMT.IV.LatticeTwistedContragredientCoefficients.homogeneousCoefficient_apply' depends on axioms: [propext,
 Classical.choice,
 Quot.sound]
'HMT.IV.LatticeTwistedContragredientCoefficients.homogeneous_sum_stable' depends on axioms: [propext,
 Classical.choice,
 Quot.sound]
'HMT.IV.LatticeTwistedContragredientCoefficients.contragredientCoefficient' depends on axioms: [propext,
 Classical.choice,
 Quot.sound]
'HMT.IV.LatticeTwistedContragredientCoefficients.contragredientCoefficient_homogeneous' depends on axioms: [propext,
 Classical.choice,
 Quot.sound]
'HMT.IV.LatticeTwistedWeightSignLaws.positive_weight_ext' depends on axioms: [propext, Classical.choice, Quot.sound]
'HMT.IV.LatticeTwistedWeightSignLaws.sign_anticommutes_lowering' depends on axioms: [propext,
 Classical.choice,
 Quot.sound]
'HMT.IV.LatticeTwistedWeightSignLaws.sign_commutes_energy' depends on axioms: [propext, Classical.choice, Quot.sound]
'HMT.IV.LatticeTwistedWeightSignLaws.sign_square' depends on axioms: [propext, Classical.choice, Quot.sound]
'HMT.IV.LatticeTwistedWeightSignLaws.sign_lowering_power' depends on axioms: [propext, Classical.choice, Quot.sound]
'HMT.IV.LatticeTwistedCoordinateSign.coordinateSign' depends on axioms: [propext, Classical.choice, Quot.sound]
'HMT.IV.LatticeTwistedCoordinateSign.coordinateSign_weight' depends on axioms: [propext, Classical.choice, Quot.sound]
'HMT.IV.LatticeTwistedCoordinateSign.coordinateSign_square' depends on axioms: [propext, Classical.choice, Quot.sound]
'HMT.IV.LatticeTwistedCoordinateSign.coordinateSign_involutive' depends on axioms: [propext,
 Classical.choice,
 Quot.sound]
'HMT.IV.LatticeTwistedCoordinateSign.coordinateSignEquiv' depends on axioms: [propext, Classical.choice, Quot.sound]
'HMT.IV.LatticeTwistedCoordinateSign.coordinateSign_anticommutes_lowering' depends on axioms: [propext,
 Classical.choice,
 Quot.sound]
'HMT.IV.LatticeTwistedCoordinateSign.coordinateSign_commutes_energy' depends on axioms: [propext,
 Classical.choice,
 Quot.sound]
'HMT.IV.LatticeTwistedCoordinateSign.coordinateSign_conjugates_lowering' depends on axioms: [propext,
 Classical.choice,
 Quot.sound]
'HMT.IV.LatticeTwistedCoordinateSign.coordinateSign_conjugates_energy' depends on axioms: [propext,
 Classical.choice,
 Quot.sound]
'HMT.IV.LatticeTwistedCoordinateSign.coordinateSign_lowering_power' depends on axioms: [propext,
 Classical.choice,
 Quot.sound]
'HMT.IV.LatticeTwistedCoordinateSign.coordinateSign_inversionCoefficient' depends on axioms: [propext,
 Classical.choice,
 Quot.sound]
'HMT.IV.LatticeTwistedCoordinateConjugation.inverseCoefficient_eq_signed' depends on axioms: [propext,
 Classical.choice,
 Quot.sound]
'HMT.IV.LatticeTwistedCoordinateConjugation.sign_conjugates_exponential' depends on axioms: [propext,
 Classical.choice,
 Quot.sound]
'HMT.IV.LatticeTwistedCoordinateConjugation.sign_conjugates_inverse' depends on axioms: [propext,
 Classical.choice,
 Quot.sound]
'HMT.IV.LatticeTwistedCoordinateConjugation.signed_exponential_square' depends on axioms: [propext,
 Classical.choice,
 Quot.sound]
'HMT.IV.LatticeIntegerFockPairing.integerScale' depends on axioms: [propext, Classical.choice, Quot.sound]
'HMT.IV.LatticeIntegerFockPairing.integerScale_ne_zero' depends on axioms: [propext, Classical.choice, Quot.sound]
'HMT.IV.LatticeIntegerFockPairing.integerGram' depends on axioms: [propext, Classical.choice, Quot.sound]
'HMT.IV.LatticeIntegerFockPairing.integerGramInverse' depends on axioms: [propext, Classical.choice, Quot.sound]
'HMT.IV.LatticeIntegerFockPairing.integerGram_left_inverse' depends on axioms: [propext, Classical.choice, Quot.sound]
'HMT.IV.LatticeIntegerFockPairing.integerGram_right_inverse' depends on axioms: [propext, Classical.choice, Quot.sound]
'HMT.IV.LatticeIntegerFockPairing.integerGramTransport' depends on axioms: [propext, Classical.choice, Quot.sound]
'HMT.IV.LatticeIntegerFockPairing.integerGramTransportInverse' depends on axioms: [propext,
 Classical.choice,
 Quot.sound]
'HMT.IV.LatticeIntegerFockPairing.integerGramTransport_left_inverse' depends on axioms: [propext,
 Classical.choice,
 Quot.sound]
'HMT.IV.LatticeIntegerFockPairing.integerGramTransport_right_inverse' depends on axioms: [propext,
 Classical.choice,
 Quot.sound]
'HMT.IV.LatticeIntegerFockPairing.integerGramTransport_create' depends on axioms: [propext,
 Classical.choice,
 Quot.sound]
'HMT.IV.LatticeIntegerFockPairing.contravariantPairing' depends on axioms: [propext, Classical.choice, Quot.sound]
'HMT.IV.LatticeIntegerFockPairing.contravariantPairing_apply' depends on axioms: [propext, Classical.choice, Quot.sound]
'HMT.IV.LatticeIntegerFockPairing.contravariantPairing_nondegenerate' depends on axioms: [propext,
 Classical.choice,
 Quot.sound]
'HMT.IV.LatticeIntegerFockPairing.contravariantPairing_right_separating' depends on axioms: [propext,
 Classical.choice,
 Quot.sound]
'HMT.IV.LatticeIntegerFockPairing.annihilate_coordinate_expansion' depends on axioms: [propext,
 Classical.choice,
 Quot.sound]
'HMT.IV.LatticeIntegerFockPairing.contravariantPairing_create' depends on axioms: [propext,
 Classical.choice,
 Quot.sound]
