'HMT.V.SelectedPublication.same_regional_action' depends on axioms: [propext, Classical.choice, Quot.sound]
'HMT.V.SelectedPublication.reducedAction_pos' depends on axioms: [propext,
 Classical.choice,
 Lean.ofReduceBool,
 Quot.sound]
'HMT.V.SelectedPublication.speed_pos' depends on axioms: [propext, Classical.choice, Lean.ofReduceBool, Quot.sound]
'HMT.V.SelectedPublication.exterior_two_polarizations' depends on axioms: [propext,
 Classical.choice,
 Lean.ofReduceBool,
 Quot.sound]
'HMT.V.SelectedPublication.symmetric_two_polarizations' depends on axioms: [propext,
 Classical.choice,
 Lean.ofReduceBool,
 Quot.sound]
'HMT.V.SelectedPublication.selected_periodic_limit' depends on axioms: [propext,
 Classical.choice,
 Lean.ofReduceBool,
 Quot.sound]
'HMT.V.SelectedPublication.selected_periodic_sums_finite' depends on axioms: [propext,
 Classical.choice,
 Lean.ofReduceBool,
 Quot.sound]
'HMT.V.SelectedPublication.selected_radial_integrable' depends on axioms: [propext,
 Classical.choice,
 Lean.ofReduceBool,
 Quot.sound]
'HMT.V.SelectedPublication.selected_planck_density' depends on axioms: [propext,
 Classical.choice,
 Lean.ofReduceBool,
 Quot.sound]
'HMT.V.SelectedPublication.selected_stefan_flux' depends on axioms: [propext,
 Classical.choice,
 Lean.ofReduceBool,
 Quot.sound]
