'HMT.IV.GradedPairingRepresentability.weightSpace' depends on axioms: [propext, Classical.choice, Quot.sound]
'HMT.IV.GradedPairingRepresentability.mem_weightSpace' depends on axioms: [propext, Classical.choice, Quot.sound]
'HMT.IV.GradedPairingRepresentability.orthogonal_weights' depends on axioms: [propext, Classical.choice, Quot.sound]
'HMT.IV.GradedPairingRepresentability.weight_restrict_nondegenerate' depends on axioms: [propext,
 Classical.choice,
 Quot.sound]
'HMT.IV.GradedPairingRepresentability.weightToDual' depends on axioms: [propext, Classical.choice, Quot.sound]
'HMT.IV.GradedPairingRepresentability.weightRepresentative' depends on axioms: [propext, Classical.choice, Quot.sound]
'HMT.IV.GradedPairingRepresentability.weightRepresentative_spec' depends on axioms: [propext,
 Classical.choice,
 Quot.sound]
'HMT.IV.GradedPairingRepresentability.existsUnique_weight_representative' depends on axioms: [propext,
 Classical.choice,
 Quot.sound]
'HMT.IV.GradedPairingRepresentability.fixedSpace' depends on axioms: [propext, Classical.choice, Quot.sound]
'HMT.IV.GradedPairingRepresentability.mem_fixedSpace' depends on axioms: [propext, Classical.choice, Quot.sound]
'HMT.IV.GradedPairingRepresentability.fixedProjection' depends on axioms: [propext, Classical.choice, Quot.sound]
'HMT.IV.GradedPairingRepresentability.fixedProjection_apply' depends on axioms: [propext, Classical.choice, Quot.sound]
'HMT.IV.GradedPairingRepresentability.fixedProjection_mem' depends on axioms: [propext, Classical.choice, Quot.sound]
'HMT.IV.GradedPairingRepresentability.pairing_fixedProjection' depends on axioms: [propext,
 Classical.choice,
 Quot.sound]
'HMT.IV.GradedPairingRepresentability.fixed_restrict_nondegenerate' depends on axioms: [propext,
 Classical.choice,
 Quot.sound]
'HMT.IV.LatticeChargePairing.chargeWeight' depends on axioms: [propext, Classical.choice, Quot.sound]
'HMT.IV.LatticeChargePairing.chargeWeight_neg' depends on axioms: [propext, Classical.choice, Quot.sound]
'HMT.IV.LatticeChargePairing.chargeWeight_zero' depends on axioms: [propext, Classical.choice, Quot.sound]
'HMT.IV.LatticeChargePairing.chargeWeight_ne_zero' depends on axioms: [propext, Classical.choice, Quot.sound]
'HMT.IV.LatticeChargePairing.chargePairing' depends on axioms: [propext, Classical.choice, Quot.sound]
'HMT.IV.LatticeChargePairing.chargePairing_basis_left' depends on axioms: [propext, Classical.choice, Quot.sound]
'HMT.IV.LatticeChargePairing.chargePairing_basis' depends on axioms: [propext, Classical.choice, Quot.sound]
'HMT.IV.LatticeChargePairing.chargePairing_basis_right' depends on axioms: [propext, Classical.choice, Quot.sound]
'HMT.IV.LatticeChargePairing.chargePairing_symmetric' depends on axioms: [propext, Classical.choice, Quot.sound]
'HMT.IV.LatticeChargePairing.chargePairing_vacuum' depends on axioms: [propext, Classical.choice, Quot.sound]
'HMT.IV.LatticeChargePairing.chargeDual' depends on axioms: [propext, Classical.choice, Quot.sound]
'HMT.IV.LatticeChargePairing.chargeDual_right' depends on axioms: [propext, Classical.choice, Quot.sound]
'HMT.IV.LatticeChargePairing.chargeDual_left' depends on axioms: [propext, Classical.choice, Quot.sound]
'HMT.IV.LatticeChargePairing.chargePairing_nondegenerate' depends on axioms: [propext, Classical.choice, Quot.sound]
'HMT.IV.LatticeChargePairing.chargePairing_right_separating' depends on axioms: [propext, Classical.choice, Quot.sound]
'HMT.IV.LatticeChargePairing.chargePairing_theta' depends on axioms: [propext, Classical.choice, Quot.sound]
'HMT.IV.LatticeChargePairing.chargePairing_theta_isometry' depends on axioms: [propext, Classical.choice, Quot.sound]
'HMT.IV.LatticeIntegerPairingWeights.contravariantPairing_weight_orthogonal' depends on axioms: [propext,
 Classical.choice,
 Quot.sound]
'HMT.IV.LatticeIntegerPairingWeights.integerGramTransport_theta' depends on axioms: [propext,
 Classical.choice,
 Quot.sound]
'HMT.IV.LatticeIntegerPairingWeights.factorialPairing_theta' depends on axioms: [propext, Classical.choice, Quot.sound]
'HMT.IV.LatticeIntegerPairingWeights.contravariantPairing_theta' depends on axioms: [propext,
 Classical.choice,
 Quot.sound]
'HMT.IV.LatticeIntegerPairingWeights.contravariantPairing_parity_orthogonal' depends on axioms: [propext,
 Classical.choice,
 Quot.sound]
'HMT.IV.LatticeUntwistedPairing.untwistedPairing' depends on axioms: [propext, Classical.choice, Quot.sound]
'HMT.IV.LatticeUntwistedPairing.untwistedPairing_pure' depends on axioms: [propext, Classical.choice, Quot.sound]
'HMT.IV.LatticeUntwistedPairing.chargeCoordinates' depends on axioms: [propext, Classical.choice, Quot.sound]
'HMT.IV.LatticeUntwistedPairing.untwistedPairing_right_test' depends on axioms: [propext, Classical.choice, Quot.sound]
'HMT.IV.LatticeUntwistedPairing.untwistedPairing_left_test' depends on axioms: [propext, Classical.choice, Quot.sound]
'HMT.IV.LatticeUntwistedPairing.untwistedPairing_nondegenerate' depends on axioms: [propext,
 Classical.choice,
 Quot.sound]
'HMT.IV.LatticeUntwistedPairing.untwistedPairing_right_separating' depends on axioms: [propext,
 Classical.choice,
 Quot.sound]
'HMT.IV.LatticeUntwistedPairing.untwistedPairing_theta' depends on axioms: [propext, Classical.choice, Quot.sound]
'HMT.IV.LatticeUntwistedPairing.untwistedPairing_basis' depends on axioms: [propext, Classical.choice, Quot.sound]
'HMT.IV.LatticeUntwistedPairing.untwistedPairing_basis_off_weight' depends on axioms: [propext,
 Classical.choice,
 Quot.sound]
'HMT.IV.LatticeUntwistedPairing.untwistedPairing_energy' depends on axioms: [propext, Classical.choice, Quot.sound]
'HMT.IV.LatticeUntwistedPairing.untwistedPairing_vacuum' depends on axioms: [propext, Classical.choice, Quot.sound]
'HMT.IV.LatticeEvenPairingRepresentability.evenPairing' depends on axioms: [propext, Classical.choice, Quot.sound]
'HMT.IV.LatticeEvenPairingRepresentability.evenPairing_apply' depends on axioms: [propext, Classical.choice, Quot.sound]
'HMT.IV.LatticeEvenPairingRepresentability.evenPairing_vacuum' depends on axioms: [propext,
 Classical.choice,
 Quot.sound]
'HMT.IV.LatticeEvenPairingRepresentability.untwistedPairing_evenProjector' depends on axioms: [propext,
 Classical.choice,
 Quot.sound]
'HMT.IV.LatticeEvenPairingRepresentability.evenPairing_nondegenerate' depends on axioms: [propext,
 Classical.choice,
 Quot.sound]
'HMT.IV.LatticeEvenPairingRepresentability.evenPairing_energy' depends on axioms: [propext,
 Classical.choice,
 Quot.sound]
'HMT.IV.LatticeEvenPairingRepresentability.evenWeightPairing' depends on axioms: [propext, Classical.choice, Quot.sound]
'HMT.IV.LatticeEvenPairingRepresentability.evenWeightPairing_nondegenerate' depends on axioms: [propext,
 Classical.choice,
 Quot.sound]
'HMT.IV.LatticeEvenPairingRepresentability.evenWeightDuality' depends on axioms: [propext, Classical.choice, Quot.sound]
'HMT.IV.LatticeEvenPairingRepresentability.evenWeightRepresentative' depends on axioms: [propext,
 Classical.choice,
 Quot.sound]
'HMT.IV.LatticeEvenPairingRepresentability.evenWeightRepresentative_pair' depends on axioms: [propext,
 Classical.choice,
 Quot.sound]
'HMT.IV.LatticeEvenPairingRepresentability.evenWeightRepresentative_unique' depends on axioms: [propext,
 Classical.choice,
 Quot.sound]
'HMT.IV.LatticeEvenPairingRepresentability.evenPairing_orthogonal' depends on axioms: [propext,
 Classical.choice,
 Quot.sound]
'HMT.IV.LatticeEvenPairingRepresentability.homogeneousRepresentative' depends on axioms: [propext,
 Classical.choice,
 Quot.sound]
'HMT.IV.LatticeEvenPairingRepresentability.homogeneousRepresentative_mem' depends on axioms: [propext,
 Classical.choice,
 Quot.sound]
'HMT.IV.LatticeEvenPairingRepresentability.homogeneousRepresentative_pair' depends on axioms: [propext,
 Classical.choice,
 Quot.sound]
'HMT.IV.LatticeEvenPairingRepresentability.homogeneousRepresentative_unique' depends on axioms: [propext,
 Classical.choice,
 Quot.sound]
