'HMT.III.ActionElectricComposition.preAction_pos' depends on axioms: [propext, Classical.choice, Quot.sound]
'HMT.III.ActionElectricComposition.retAction_pos' depends on axioms: [propext, Classical.choice, Quot.sound]
'HMT.III.ActionElectricComposition.full_action_return' depends on axioms: [propext, Classical.choice, Quot.sound]
'HMT.III.ActionElectricComposition.generated_charge_exists_unique' depends on axioms: [propext,
 Classical.choice,
 Quot.sound]
'HMT.III.ActionElectricComposition.generated_charge_return' depends on axioms: [propext, Classical.choice, Quot.sound]
'HMT.III.ActionElectricComposition.generated_flux_return' depends on axioms: [propext, Classical.choice, Quot.sound]
'HMT.III.ActionElectricComposition.generated_josephson_return' depends on axioms: [propext,
 Classical.choice,
 Quot.sound]
'HMT.III.ActionElectricComposition.generated_electric_identities' depends on axioms: [propext,
 Classical.choice,
 Quot.sound]
'HMT.III.ActionElectricComposition.generated_coupling_identity' depends on axioms: [propext,
 Classical.choice,
 Quot.sound]
'HMT.III.ActionElectricComposition.generated_action_return_is_detectable' depends on axioms: [propext,
 Classical.choice,
 Quot.sound]
