'HMT.III.ElectricQuanta.charge_pos' depends on axioms: [propext, Classical.choice, Quot.sound]
'HMT.III.ElectricQuanta.charge_sq' depends on axioms: [propext, Classical.choice, Quot.sound]
'HMT.III.ElectricQuanta.charge_equation' depends on axioms: [propext, Classical.choice, Quot.sound]
'HMT.III.ElectricQuanta.positive_charge_unique' depends on axioms: [propext, Classical.choice, Quot.sound]
'HMT.III.ElectricQuanta.positive_charge_exists_unique' depends on axioms: [propext, Classical.choice, Quot.sound]
'HMT.III.ElectricQuanta.conjugate_charge' depends on axioms: [propext, Classical.choice, Quot.sound]
'HMT.III.ElectricQuanta.coupling_from_charge' depends on axioms: [propext, Classical.choice, Quot.sound]
'HMT.III.ElectricQuanta.epsilon_speed' depends on axioms: [propext, Classical.choice, Quot.sound]
'HMT.III.ElectricQuanta.reducedAction_pos' depends on axioms: [propext, Classical.choice, Quot.sound]
'HMT.III.ElectricQuanta.full_turn_action' depends on axioms: [propext, Classical.choice, Quot.sound]
'HMT.III.ElectricQuanta.coupling_electromagnetic' depends on axioms: [propext, Classical.choice, Quot.sound]
'HMT.III.ElectricQuanta.resistance_pos' depends on axioms: [propext, Classical.choice, Quot.sound]
'HMT.III.ElectricQuanta.conductance_pos' depends on axioms: [propext, Classical.choice, Quot.sound]
'HMT.III.ElectricQuanta.flux_pos' depends on axioms: [propext, Classical.choice, Quot.sound]
'HMT.III.ElectricQuanta.josephson_pos' depends on axioms: [propext, Classical.choice, Quot.sound]
'HMT.III.ElectricQuanta.resistance_eq' depends on axioms: [propext, Classical.choice, Quot.sound]
'HMT.III.ElectricQuanta.conductance_eq' depends on axioms: [propext, Classical.choice, Quot.sound]
'HMT.III.ElectricQuanta.flux_sq' depends on axioms: [propext, Classical.choice, Quot.sound]
'HMT.III.ElectricQuanta.flux_eq_sqrt' depends on axioms: [propext, Classical.choice, Quot.sound]
'HMT.III.ElectricQuanta.josephson_eq_inv_flux' depends on axioms: [propext, Classical.choice, Quot.sound]
'HMT.III.ElectricQuanta.resistance_conductance' depends on axioms: [propext, Classical.choice, Quot.sound]
'HMT.III.ElectricQuanta.conductance_impedance' depends on axioms: [propext, Classical.choice, Quot.sound]
'HMT.III.ElectricQuanta.josephson_flux' depends on axioms: [propext, Classical.choice, Quot.sound]
'HMT.III.ElectricQuanta.josephson_sq_resistance' depends on axioms: [propext, Classical.choice, Quot.sound]
'HMT.III.ElectricQuanta.electric_quanta_identities' depends on axioms: [propext, Classical.choice, Quot.sound]
'HMT.III.ElectricQuanta.charge_return_ratio' depends on axioms: [propext, Classical.choice, Quot.sound]
'HMT.III.ElectricQuanta.resistance_return_invariant' depends on axioms: [propext, Classical.choice, Quot.sound]
'HMT.III.ElectricQuanta.conductance_return_invariant' depends on axioms: [propext, Classical.choice, Quot.sound]
'HMT.III.ElectricQuanta.flux_return_ratio' depends on axioms: [propext, Classical.choice, Quot.sound]
'HMT.III.ElectricQuanta.josephson_return_ratio' depends on axioms: [propext, Classical.choice, Quot.sound]
'HMT.III.ElectricQuanta.electric_quanta_return_covariance' depends on axioms: [propext, Classical.choice, Quot.sound]
