'HMT.I.SelectedOrbifoldStateFields.carrier' depends on axioms: [propext,
 Classical.choice,
 Lean.ofReduceBool,
 Quot.sound]
'HMT.I.SelectedOrbifoldStateFields.Y' depends on axioms: [propext, Classical.choice, Lean.ofReduceBool, Quot.sound]
'HMT.I.SelectedOrbifoldStateFields.selected_all_products_constructed' depends on axioms: [propext,
 Classical.choice,
 Lean.ofReduceBool,
 Quot.sound]
'HMT.I.SelectedOrbifoldStateFields.selected_vacuum_creation' depends on axioms: [propext,
 Classical.choice,
 Lean.ofReduceBool,
 Quot.sound]
'HMT.I.SelectedOrbifoldStateFields.selected_conformal_fields' depends on axioms: [propext,
 Classical.choice,
 Lean.ofReduceBool,
 Quot.sound]
'HMT.I.SelectedOrbifoldStateFields.selected_low_weights' depends on axioms: [propext,
 Classical.choice,
 Lean.ofReduceBool,
 Quot.sound]
