'HMT.IV.LatticeEvenConformal.evenConformalState' depends on axioms: [propext, Classical.choice, Quot.sound]
'HMT.IV.LatticeEvenConformal.evenConformalState_coe' depends on axioms: [propext, Classical.choice, Quot.sound]
'HMT.IV.LatticeEvenConformal.evenConformalField' depends on axioms: [propext, Classical.choice, Quot.sound]
'HMT.IV.LatticeEvenConformal.evenConformalMode' depends on axioms: [propext, Classical.choice, Quot.sound]
'HMT.IV.LatticeEvenConformal.evenConformalMode_coe' depends on axioms: [propext, Classical.choice, Quot.sound]
'HMT.IV.LatticeEvenConformal.even_virasoro_commutator' depends on axioms: [propext, Classical.choice, Quot.sound]
'HMT.IV.LatticeEvenConformal.even_virasoro_central_charge_twentyFour' depends on axioms: [propext,
 Classical.choice,
 Quot.sound]
'HMT.IV.LatticeEvenConformal.evenConformalMode_neg_one_eq_translation' depends on axioms: [propext,
 Classical.choice,
 Quot.sound]
'HMT.IV.LatticeEvenConformal.evenConformalMode_zero_energy' depends on axioms: [propext, Classical.choice, Quot.sound]
'HMT.IV.LatticeEvenConformal.evenConformalState_weight_two' depends on axioms: [propext, Classical.choice, Quot.sound]
'HMT.IV.LatticeEvenConformal.evenConformalMode_neg_two_vacuum' depends on axioms: [propext,
 Classical.choice,
 Quot.sound]
'HMT.IV.LatticeEvenConformal.evenConformalMode_vacuum' depends on axioms: [propext, Classical.choice, Quot.sound]
'HMT.IV.LatticeEvenConformal.even_eigenspace_eq_comap' depends on axioms: [propext, Classical.choice, Quot.sound]
'HMT.IV.LatticeEvenConformal.even_weight_space' depends on axioms: [propext, Classical.choice, Quot.sound]
'HMT.IV.LatticeEvenConformal.even_weight_zero_vacuum_line' depends on axioms: [propext, Classical.choice, Quot.sound]
'HMT.IV.LatticeEvenConformal.even_weight_one_zero' depends on axioms: [propext, Classical.choice, Quot.sound]
