'HMT.IV.LatticeHalfCreationExponential.halfPotentialTail' depends on axioms: [propext, Classical.choice, Quot.sound]
'HMT.IV.LatticeHalfCreationExponential.halfCreationPotential' depends on axioms: [propext, Classical.choice, Quot.sound]
'HMT.IV.LatticeHalfCreationExponential.halfCreationPotential_constant' depends on axioms: [propext,
 Classical.choice,
 Quot.sound]
'HMT.IV.LatticeHalfCreationExponential.halfCreationPotential_coefficient_odd' depends on axioms: [propext,
 Classical.choice,
 Quot.sound]
'HMT.IV.LatticeHalfCreationExponential.halfCreationPotential_coefficient_even' depends on axioms: [propext,
 Classical.choice,
 Quot.sound]
'HMT.IV.LatticeHalfCreationExponential.halfCreationPotential_frequency_coefficient' depends on axioms: [propext,
 Classical.choice,
 Quot.sound]
'HMT.IV.LatticeHalfCreationExponential.halfCreationPotential_substitutable' depends on axioms: [propext,
 Classical.choice,
 Quot.sound]
'HMT.IV.LatticeHalfCreationExponential.halfCreationExponential' depends on axioms: [propext,
 Classical.choice,
 Quot.sound]
'HMT.IV.LatticeHalfCreationExponential.potential_power_coefficient_zero' depends on axioms: [propext,
 Classical.choice,
 Quot.sound]
'HMT.IV.LatticeHalfCreationExponential.halfCreationExponential_coefficient' depends on axioms: [propext,
 Classical.choice,
 Quot.sound]
'HMT.IV.LatticeHalfCreationExponential.halfCreationExponential_coefficient_partition' depends on axioms: [propext,
 Classical.choice,
 Quot.sound]
'HMT.IV.LatticeHalfCreationExponential.halfCreationExponential_constant' depends on axioms: [propext,
 Classical.choice,
 Quot.sound]
'HMT.IV.LatticeHalfCreationExponential.halfCreationExponential_first' depends on axioms: [propext,
 Classical.choice,
 Quot.sound]
'HMT.IV.LatticeHalfCreationExponential.halfCreationPotential_zero_charge' depends on axioms: [propext,
 Classical.choice,
 Quot.sound]
'HMT.IV.LatticeHalfCreationExponential.halfCreationExponential_zero_charge' depends on axioms: [propext,
 Classical.choice,
 Quot.sound]
'HMT.IV.LatticeHalfCreationExponential.halfCreationExponentialMode' depends on axioms: [propext,
 Classical.choice,
 Quot.sound]
'HMT.IV.LatticeHalfCreationExponential.halfCreationExponentialMode_vacuum' depends on axioms: [propext,
 Classical.choice,
 Quot.sound]
'HMT.IV.LatticeHalfCreationExponential.halfCreationExponentialMode_zero' depends on axioms: [propext,
 Classical.choice,
 Quot.sound]
'HMT.IV.LatticeHalfCreationExponential.halfCreationExponentialMode_first' depends on axioms: [propext,
 Classical.choice,
 Quot.sound]
'HMT.IV.LatticeHalfAnnihilationExponential.EndSeries' depends on axioms: [propext, Classical.choice, Quot.sound]
'HMT.IV.LatticeHalfAnnihilationExponential.chargeHalfAnnihilation' depends on axioms: [propext,
 Classical.choice,
 Quot.sound]
'HMT.IV.LatticeHalfAnnihilationExponential.chargeHalfAnnihilation_apply' depends on axioms: [propext,
 Classical.choice,
 Quot.sound]
'HMT.IV.LatticeHalfAnnihilationExponential.chargeHalfAnnihilation_eq_scale' depends on axioms: [propext,
 Classical.choice,
 Quot.sound]
'HMT.IV.LatticeHalfAnnihilationExponential.chargeHalfAnnihilation_vacuum' depends on axioms: [propext,
 Classical.choice,
 Quot.sound]
'HMT.IV.LatticeHalfAnnihilationExponential.annihilationPotential' depends on axioms: [propext,
 Classical.choice,
 Quot.sound]
'HMT.IV.LatticeHalfAnnihilationExponential.annihilationPotential_coefficient' depends on axioms: [propext,
 Classical.choice,
 Quot.sound]
'HMT.IV.LatticeHalfAnnihilationExponential.annihilationPotential_coefficient_odd' depends on axioms: [propext,
 Classical.choice,
 Quot.sound]
'HMT.IV.LatticeHalfAnnihilationExponential.annihilationPotential_coefficient_even' depends on axioms: [propext,
 Classical.choice,
 Quot.sound]
'HMT.IV.LatticeHalfAnnihilationExponential.annihilationPotential_constant' depends on axioms: [propext,
 Classical.choice,
 Quot.sound]
'HMT.IV.LatticeHalfAnnihilationExponential.annihilationPotential_coefficient_vacuum' depends on axioms: [propext,
 Classical.choice,
 Quot.sound]
'HMT.IV.LatticeHalfAnnihilationExponential.potential_power_coefficient_zero' depends on axioms: [propext,
 Classical.choice,
 Quot.sound]
'HMT.IV.LatticeHalfAnnihilationExponential.positive_power_coefficient_vacuum' depends on axioms: [propext,
 Classical.choice,
 Quot.sound]
'HMT.IV.LatticeHalfAnnihilationExponential.exponentialCoefficient' depends on axioms: [propext,
 Classical.choice,
 Quot.sound]
'HMT.IV.LatticeHalfAnnihilationExponential.annihilationExponential' depends on axioms: [propext,
 Classical.choice,
 Quot.sound]
'HMT.IV.LatticeHalfAnnihilationExponential.annihilationExponential_coefficient' depends on axioms: [propext,
 Classical.choice,
 Quot.sound]
'HMT.IV.LatticeHalfAnnihilationExponential.exponentialCoefficient_cutoff' depends on axioms: [propext,
 Classical.choice,
 Quot.sound]
'HMT.IV.LatticeHalfAnnihilationExponential.annihilationExponential_constant' depends on axioms: [propext,
 Classical.choice,
 Quot.sound]
'HMT.IV.LatticeHalfAnnihilationExponential.annihilationExponential_first' depends on axioms: [propext,
 Classical.choice,
 Quot.sound]
'HMT.IV.LatticeHalfAnnihilationExponential.annihilationExponential_positive_vacuum' depends on axioms: [propext,
 Classical.choice,
 Quot.sound]
'HMT.IV.LatticeHalfAnnihilationExponential.annihilationExponential_vacuum' depends on axioms: [propext,
 Classical.choice,
 Quot.sound]
'HMT.IV.LatticeHalfAnnihilationEnergy.halfDegree' depends on axioms: [propext, Classical.choice, Quot.sound]
'HMT.IV.LatticeHalfAnnihilationEnergy.halfDegree_monomial' depends on axioms: [propext, Classical.choice, Quot.sound]
'HMT.IV.LatticeHalfAnnihilationEnergy.LowersWeight' depends on axioms: [propext, Classical.choice, Quot.sound]
'HMT.IV.LatticeHalfAnnihilationEnergy.lowersWeight_zero' depends on axioms: [propext, Classical.choice, Quot.sound]
'HMT.IV.LatticeHalfAnnihilationEnergy.lowersWeight_one' depends on axioms: [propext, Classical.choice, Quot.sound]
'HMT.IV.LatticeHalfAnnihilationEnergy.lowersWeight_smul' depends on axioms: [propext, Classical.choice, Quot.sound]
'HMT.IV.LatticeHalfAnnihilationEnergy.lowersWeight_sum' depends on axioms: [propext, Classical.choice, Quot.sound]
'HMT.IV.LatticeHalfAnnihilationEnergy.lowersWeight_mul' depends on axioms: [propext, Classical.choice, Quot.sound]
'HMT.IV.LatticeHalfAnnihilationEnergy.halfAnnihilate_lowersWeight' depends on axioms: [propext,
 Classical.choice,
 Quot.sound]
'HMT.IV.LatticeHalfAnnihilationEnergy.chargeHalfAnnihilation_lowersWeight' depends on axioms: [propext,
 Classical.choice,
 Quot.sound]
'HMT.IV.LatticeHalfAnnihilationEnergy.potentialCoefficient_lowersWeight' depends on axioms: [propext,
 Classical.choice,
 Quot.sound]
'HMT.IV.LatticeHalfAnnihilationEnergy.powerCoefficient_lowersWeight' depends on axioms: [propext,
 Classical.choice,
 Quot.sound]
'HMT.IV.LatticeHalfAnnihilationEnergy.exponentialCoefficient_lowersWeight' depends on axioms: [propext,
 Classical.choice,
 Quot.sound]
'HMT.IV.LatticeHalfAnnihilationEnergy.halfDegree_coefficient' depends on axioms: [propext, Classical.choice, Quot.sound]
'HMT.IV.LatticeHalfAnnihilationEnergy.negative_halfDegree_eigenvector_zero' depends on axioms: [propext,
 Classical.choice,
 Quot.sound]
'HMT.IV.LatticeHalfAnnihilationEnergy.annihilationCoefficient_cutoff_on_monomial' depends on axioms: [propext,
 Classical.choice,
 Quot.sound]
'HMT.IV.LatticeHalfAnnihilationEnergy.exists_annihilationExponential_bound' depends on axioms: [propext,
 Classical.choice,
 Quot.sound]
'HMT.IV.LatticeTwistedTensorField.tensorHalfFieldCoefficient' depends on axioms: [propext, Classical.choice, Quot.sound]
'HMT.IV.LatticeTwistedTensorField.tensorHalfFieldCoefficient_tmul' depends on axioms: [propext,
 Classical.choice,
 Quot.sound]
'HMT.IV.LatticeTwistedTensorField.tensorHalfFieldCoefficient_mode' depends on axioms: [propext,
 Classical.choice,
 Quot.sound]
'HMT.IV.LatticeTwistedTensorField.tensorHalfFieldCoefficient_even' depends on axioms: [propext,
 Classical.choice,
 Quot.sound]
'HMT.IV.LatticeTwistedTensorField.tensorHalfFieldCoefficient_bounded_pole' depends on axioms: [propext,
 Classical.choice,
 Quot.sound]
'HMT.IV.LatticeTwistedTensorField.twistedHalfHeisenbergField' depends on axioms: [propext, Classical.choice, Quot.sound]
'HMT.IV.LatticeTwistedTensorField.twistedHalfHeisenbergField_coefficient' depends on axioms: [propext,
 Classical.choice,
 Quot.sound]
'HMT.IV.LatticeTwistedTensorField.twistedHalfHeisenbergField_mode' depends on axioms: [propext,
 Classical.choice,
 Quot.sound]
'HMT.IV.LatticeTwistedTensorField.twistedHalfHeisenbergField_even_coefficient' depends on axioms: [propext,
 Classical.choice,
 Quot.sound]
'HMT.IV.LatticeTwistedTensorField.twistedHalfHeisenbergField_ground_annihilation' depends on axioms: [propext,
 Classical.choice,
 Quot.sound]
'HMT.IV.LatticeTwistedTensorField.twistedHalfHeisenbergField_ground_creation' depends on axioms: [propext,
 Classical.choice,
 Quot.sound]
'HMT.IV.LatticeTwistedTensorField.twistedHalfHeisenbergField_mode_relation' depends on axioms: [propext,
 Classical.choice,
 Quot.sound]
'HMT.IV.LatticeTwistedTensorField.theta_fieldCoefficient' depends on axioms: [propext, Classical.choice, Quot.sound]
'HMT.IV.LatticeTwistedTensorField.theta_twistedHalfHeisenbergField_coefficient' depends on axioms: [propext,
 Classical.choice,
 Quot.sound]
'HMT.IV.LatticeTwistedExponentialKernel.basisKernelCutoff' depends on axioms: [propext, Classical.choice, Quot.sound]
'HMT.IV.LatticeTwistedExponentialKernel.basisKernelCoefficient' depends on axioms: [propext,
 Classical.choice,
 Quot.sound]
'HMT.IV.LatticeTwistedExponentialKernel.basisKernelCutoff_stable' depends on axioms: [propext,
 Classical.choice,
 Quot.sound]
'HMT.IV.LatticeTwistedExponentialKernel.kernelCoefficient' depends on axioms: [propext, Classical.choice, Quot.sound]
'HMT.IV.LatticeTwistedExponentialKernel.kernelCoefficient_basis' depends on axioms: [propext,
 Classical.choice,
 Quot.sound]
'HMT.IV.LatticeTwistedExponentialKernel.basisKernelCoefficient_below' depends on axioms: [propext,
 Classical.choice,
 Quot.sound]
'HMT.IV.LatticeTwistedExponentialKernel.kernelCoefficient_basis_below' depends on axioms: [propext,
 Classical.choice,
 Quot.sound]
'HMT.IV.LatticeTwistedExponentialKernel.boundedStates' depends on axioms: [propext, Classical.choice, Quot.sound]
'HMT.IV.LatticeTwistedExponentialKernel.boundedStates_eq_top' depends on axioms: [propext, Classical.choice, Quot.sound]
'HMT.IV.LatticeTwistedExponentialKernel.kernelCoefficient_bounded_pole' depends on axioms: [propext,
 Classical.choice,
 Quot.sound]
'HMT.IV.LatticeTwistedExponentialKernel.exponentialKernel' depends on axioms: [propext, Classical.choice, Quot.sound]
'HMT.IV.LatticeTwistedExponentialKernel.exponentialKernel_coefficient' depends on axioms: [propext,
 Classical.choice,
 Quot.sound]
'HMT.IV.LatticeTwistedExponentialKernel.basisKernelCoefficient_ground' depends on axioms: [propext,
 Classical.choice,
 Quot.sound]
'HMT.IV.LatticeTwistedExponentialKernel.groundEmbedding_basis' depends on axioms: [propext,
 Classical.choice,
 Quot.sound]
'HMT.IV.LatticeTwistedExponentialKernel.groundAction' depends on axioms: [propext, Classical.choice, Quot.sound]
'HMT.IV.LatticeTwistedExponentialKernel.kernelCoefficient_ground_comp' depends on axioms: [propext,
 Classical.choice,
 Quot.sound]
'HMT.IV.LatticeTwistedExponentialKernel.kernelCoefficient_ground' depends on axioms: [propext,
 Classical.choice,
 Quot.sound]
'HMT.IV.LatticeTwistedExponentialKernel.kernelCoefficient_ground_at_shift' depends on axioms: [propext,
 Classical.choice,
 Quot.sound]
'HMT.IV.LatticeTwistedExponentialKernel.kernelCoefficient_ground_below_shift' depends on axioms: [propext,
 Classical.choice,
 Quot.sound]
'HMT.IV.LatticeHalfCreationEnergy.monomialBasis_mul' depends on axioms: [propext, Classical.choice, Quot.sound]
'HMT.IV.LatticeHalfCreationEnergy.halfDegree_one' depends on axioms: [propext, Classical.choice, Quot.sound]
'HMT.IV.LatticeHalfCreationEnergy.halfDegree_mul' depends on axioms: [propext, Classical.choice, Quot.sound]
'HMT.IV.LatticeHalfCreationEnergy.halfDegree_mode' depends on axioms: [propext, Classical.choice, Quot.sound]
'HMT.IV.LatticeHalfCreationEnergy.halfDegree_chargeCreationState' depends on axioms: [propext,
 Classical.choice,
 Quot.sound]
'HMT.IV.LatticeHalfCreationEnergy.HomogeneousSeries' depends on axioms: [propext, Classical.choice, Quot.sound]
'HMT.IV.LatticeHalfCreationEnergy.halfCreationPotential_homogeneous' depends on axioms: [propext,
 Classical.choice,
 Quot.sound]
'HMT.IV.LatticeHalfCreationEnergy.homogeneous_one' depends on axioms: [propext, Classical.choice, Quot.sound]
'HMT.IV.LatticeHalfCreationEnergy.homogeneous_mul' depends on axioms: [propext, Classical.choice, Quot.sound]
'HMT.IV.LatticeHalfCreationEnergy.homogeneous_pow' depends on axioms: [propext, Classical.choice, Quot.sound]
'HMT.IV.LatticeHalfCreationEnergy.halfCreationPotential_power_energy' depends on axioms: [propext,
 Classical.choice,
 Quot.sound]
'HMT.IV.LatticeHalfCreationEnergy.halfCreationExponential_coefficient_energy' depends on axioms: [propext,
 Classical.choice,
 Quot.sound]
'HMT.IV.LatticeHalfCreationEnergy.halfCreationExponential_homogeneous' depends on axioms: [propext,
 Classical.choice,
 Quot.sound]
'HMT.IV.LatticeHalfCreationEnergy.halfCreationExponentialMode_commutator' depends on axioms: [propext,
 Classical.choice,
 Quot.sound]
'HMT.IV.LatticeTwistedKernelEnergy.two_shifted_zero' depends on axioms: [propext, Classical.choice, Quot.sound]
'HMT.IV.LatticeTwistedKernelEnergy.two_conformalMode_tmul' depends on axioms: [propext, Classical.choice, Quot.sound]
'HMT.IV.LatticeTwistedKernelEnergy.halfDegree_creation_annihilation' depends on axioms: [propext,
 Classical.choice,
 Quot.sound]
'HMT.IV.LatticeTwistedKernelEnergy.two_conformal_basisKernelCutoff' depends on axioms: [propext,
 Classical.choice,
 Quot.sound]
'HMT.IV.LatticeTwistedKernelEnergy.two_conformal_basisKernelCoefficient' depends on axioms: [propext,
 Classical.choice,
 Quot.sound]
'HMT.IV.LatticeTwistedKernelEnergy.kernelCoefficient_two_conformal_commutator' depends on axioms: [propext,
 Classical.choice,
 Quot.sound]
'HMT.IV.LatticeTwistedKernelEnergy.kernelCoefficient_conformal_commutator' depends on axioms: [propext,
 Classical.choice,
 Quot.sound]
'HMT.IV.LatticeTwistedKernelEnergy.kernelCoefficient_weight_shift' depends on axioms: [propext,
 Classical.choice,
 Quot.sound]
'HMT.IV.LatticeTwistedKernelEnergy.kernelCoefficient_ground_weight' depends on axioms: [propext,
 Classical.choice,
 Quot.sound]
'HMT.IV.LatticeHalfCreationParity.theta_halfPotentialCoefficient' depends on axioms: [propext,
 Classical.choice,
 Quot.sound]
'HMT.IV.LatticeHalfCreationParity.halfPotentialCoefficient_neg_charge' depends on axioms: [propext,
 Classical.choice,
 Quot.sound]
'HMT.IV.LatticeHalfCreationParity.theta_halfPotentialPowerCoefficient' depends on axioms: [propext,
 Classical.choice,
 Quot.sound]
'HMT.IV.LatticeHalfCreationParity.halfPotentialPowerCoefficient_neg_charge' depends on axioms: [propext,
 Classical.choice,
 Quot.sound]
'HMT.IV.LatticeHalfCreationParity.theta_halfCreationExponential_coefficient' depends on axioms: [propext,
 Classical.choice,
 Quot.sound]
'HMT.IV.LatticeHalfCreationParity.halfCreationExponential_coefficient_neg_charge' depends on axioms: [propext,
 Classical.choice,
 Quot.sound]
'HMT.IV.LatticeHalfCreationParity.theta_halfCreationExponentialMode' depends on axioms: [propext,
 Classical.choice,
 Quot.sound]
'HMT.IV.LatticeHalfCreationParity.halfCreationExponentialMode_neg_charge' depends on axioms: [propext,
 Classical.choice,
 Quot.sound]
'HMT.IV.LatticeHalfAnnihilationParity.chargeHalfAnnihilation_neg' depends on axioms: [propext,
 Classical.choice,
 Quot.sound]
'HMT.IV.LatticeHalfAnnihilationParity.theta_chargeHalfAnnihilation' depends on axioms: [propext,
 Classical.choice,
 Quot.sound]
'HMT.IV.LatticeHalfAnnihilationParity.theta_potentialCoefficient' depends on axioms: [propext,
 Classical.choice,
 Quot.sound]
'HMT.IV.LatticeHalfAnnihilationParity.potentialCoefficient_neg_charge' depends on axioms: [propext,
 Classical.choice,
 Quot.sound]
'HMT.IV.LatticeHalfAnnihilationParity.theta_powerCoefficient' depends on axioms: [propext, Classical.choice, Quot.sound]
'HMT.IV.LatticeHalfAnnihilationParity.powerCoefficient_neg_charge' depends on axioms: [propext,
 Classical.choice,
 Quot.sound]
'HMT.IV.LatticeHalfAnnihilationParity.theta_exponentialCoefficient' depends on axioms: [propext,
 Classical.choice,
 Quot.sound]
'HMT.IV.LatticeHalfAnnihilationParity.exponentialCoefficient_neg_charge' depends on axioms: [propext,
 Classical.choice,
 Quot.sound]
'HMT.IV.LatticeHalfAnnihilationParity.theta_exponentialCoefficient_charge' depends on axioms: [propext,
 Classical.choice,
 Quot.sound]
'HMT.IV.LatticeHalfAnnihilationParity.conjugate_exponentialCoefficient' depends on axioms: [propext,
 Classical.choice,
 Quot.sound]
'HMT.IV.LatticeTwistedKernelParity.paritySign' depends on axioms: [propext, Classical.choice, Quot.sound]
'HMT.IV.LatticeTwistedKernelParity.paritySign_even' depends on axioms: [propext, Classical.choice, Quot.sound]
'HMT.IV.LatticeTwistedKernelParity.paritySign_odd' depends on axioms: [propext, Classical.choice, Quot.sound]
'HMT.IV.LatticeTwistedKernelParity.combined_parity' depends on axioms: [propext, Classical.choice, Quot.sound]
'HMT.IV.LatticeTwistedKernelParity.basisKernelCutoff_neg_charge' depends on axioms: [propext,
 Classical.choice,
 Quot.sound]
'HMT.IV.LatticeTwistedKernelParity.kernelCoefficient_neg_charge' depends on axioms: [propext,
 Classical.choice,
 Quot.sound]
'HMT.IV.LatticeTwistedKernelParity.theta_creationMode_charge' depends on axioms: [propext, Classical.choice, Quot.sound]
'HMT.IV.LatticeTwistedKernelParity.theta_basisKernelCutoff' depends on axioms: [propext, Classical.choice, Quot.sound]
'HMT.IV.LatticeTwistedKernelParity.theta_kernelCoefficient' depends on axioms: [propext, Classical.choice, Quot.sound]
'HMT.IV.LatticeTwistedKernelParity.evenKernelCoefficient' depends on axioms: [propext, Classical.choice, Quot.sound]
'HMT.IV.LatticeTwistedKernelParity.evenKernelCoefficient_even_shift' depends on axioms: [propext,
 Classical.choice,
 Quot.sound]
'HMT.IV.LatticeTwistedKernelParity.evenKernelCoefficient_odd_shift' depends on axioms: [propext,
 Classical.choice,
 Quot.sound]
'HMT.IV.LatticeTwistedKernelParity.theta_evenKernelCoefficient' depends on axioms: [propext,
 Classical.choice,
 Quot.sound]
'HMT.IV.LatticeTwistedKernelParity.evenKernelCoefficient_bounded_pole' depends on axioms: [propext,
 Classical.choice,
 Quot.sound]
'HMT.IV.LatticeTwistedKernelParity.evenKernel' depends on axioms: [propext, Classical.choice, Quot.sound]
'HMT.IV.LatticeTwistedKernelParity.evenKernel_coefficient' depends on axioms: [propext, Classical.choice, Quot.sound]
'HMT.IV.LatticeTwistedKernelParity.descendedCoefficient' depends on axioms: [propext, Classical.choice, Quot.sound]
'HMT.IV.LatticeTwistedKernelParity.descendedCoefficient_bounded_pole' depends on axioms: [propext,
 Classical.choice,
 Quot.sound]
'HMT.IV.LatticeTwistedKernelParity.descendedEvenKernel' depends on axioms: [propext, Classical.choice, Quot.sound]
'HMT.IV.LatticeTwistedKernelParity.descendedEvenKernel_coefficient' depends on axioms: [propext,
 Classical.choice,
 Quot.sound]
'HMT.IV.LatticeTwistedKernelParity.evenKernel_odd_shift_zero' depends on axioms: [propext, Classical.choice, Quot.sound]
'HMT.IV.LatticeTwistedKernelParity.theta_descendedEvenKernel' depends on axioms: [propext, Classical.choice, Quot.sound]
'HMT.IV.LatticeTwistedPositiveKernel.descendedCoefficient_mem_positive' depends on axioms: [propext,
 Classical.choice,
 Quot.sound]
'HMT.IV.LatticeTwistedPositiveKernel.positiveCoefficient' depends on axioms: [propext, Classical.choice, Quot.sound]
'HMT.IV.LatticeTwistedPositiveKernel.positiveCoefficient_coe' depends on axioms: [propext, Classical.choice, Quot.sound]
'HMT.IV.LatticeTwistedPositiveKernel.positiveCoefficient_bounded_pole' depends on axioms: [propext,
 Classical.choice,
 Quot.sound]
'HMT.IV.LatticeTwistedPositiveKernel.positiveKernel' depends on axioms: [propext, Classical.choice, Quot.sound]
'HMT.IV.LatticeTwistedPositiveKernel.positiveKernel_coefficient' depends on axioms: [propext,
 Classical.choice,
 Quot.sound]
'HMT.IV.LatticeTwistedPositiveKernel.positiveKernel_intertwines_inclusion' depends on axioms: [propext,
 Classical.choice,
 Quot.sound]
'HMT.IV.LatticeTwistedPositiveKernel.descendedCoefficient_shift_independent' depends on axioms: [propext,
 Classical.choice,
 Quot.sound]
'HMT.IV.LatticeTwistedPositiveKernel.positiveKernel_shift_independent' depends on axioms: [propext,
 Classical.choice,
 Quot.sound]
'HMT.IV.LatticeTwistedPositiveEnergy.descendedCoefficient_eq_kernel' depends on axioms: [propext,
 Classical.choice,
 Quot.sound]
'HMT.IV.LatticeTwistedPositiveEnergy.descendedCoefficient_conformal_commutator' depends on axioms: [propext,
 Classical.choice,
 Quot.sound]
'HMT.IV.LatticeTwistedPositiveEnergy.positiveCoefficient_conformal_commutator' depends on axioms: [propext,
 Classical.choice,
 Quot.sound]
'HMT.IV.LatticeTwistedPositiveEnergy.positiveKernel_conformal_commutator' depends on axioms: [propext,
 Classical.choice,
 Quot.sound]
'HMT.IV.LatticeTwistedPositiveEnergy.positiveCoefficient_weight_shift' depends on axioms: [propext,
 Classical.choice,
 Quot.sound]
'HMT.IV.LatticeTwistedPositiveEnergy.positiveKernel_weight_shift' depends on axioms: [propext,
 Classical.choice,
 Quot.sound]
'HMT.IV.LatticeTwistedPositiveEnergy.positiveKernel_maps_eigenspace' depends on axioms: [propext,
 Classical.choice,
 Quot.sound]
'HMT.IV.LatticeHalfExponentialCommutator.halfChargedDerivation' depends on axioms: [propext,
 Classical.choice,
 Quot.sound]
'HMT.IV.LatticeHalfExponentialCommutator.halfChargedDerivation_apply' depends on axioms: [propext,
 Classical.choice,
 Quot.sound]
'HMT.IV.LatticeHalfExponentialCommutator.halfChargedDerivation_creationState' depends on axioms: [propext,
 Classical.choice,
 Quot.sound]
'HMT.IV.LatticeHalfExponentialCommutator.derivative_halfCreationPotential' depends on axioms: [propext,
 Classical.choice,
 Quot.sound]
'HMT.IV.LatticeHalfExponentialCommutator.derivative_halfCreationPower_coefficient' depends on axioms: [propext,
 Classical.choice,
 Quot.sound]
'HMT.IV.LatticeHalfExponentialCommutator.halfCreationExponential_coefficient_extended' depends on axioms: [propext,
 Classical.choice,
 Quot.sound]
'HMT.IV.LatticeHalfExponentialCommutator.annihilation_halfCreationExponential_coefficient' depends on axioms: [propext,
 Classical.choice,
 Quot.sound]
'HMT.IV.LatticeHalfExponentialCommutator.mixed_half_exponential_commutator' depends on axioms: [propext,
 Classical.choice,
 Quot.sound]
'HMT.IV.LatticeHalfExponentialExchange.HalfEnd' depends on axioms: [propext, Classical.choice, Quot.sound]
'HMT.IV.LatticeHalfExponentialExchange.contraction' depends on axioms: [propext, Classical.choice, Quot.sound]
'HMT.IV.LatticeHalfExponentialExchange.contraction_odd' depends on axioms: [propext, Classical.choice, Quot.sound]
'HMT.IV.LatticeHalfExponentialExchange.potentialCoefficient_exchange' depends on axioms: [propext,
 Classical.choice,
 Quot.sound]
'HMT.IV.LatticeHalfExponentialExchange.normalPower' depends on axioms: [propext, Classical.choice, Quot.sound]
'HMT.IV.LatticeHalfExponentialExchange.powerCoefficient_exchange' depends on axioms: [propext,
 Classical.choice,
 Quot.sound]
'HMT.IV.LatticeHalfExponentialExchange.normalExponential' depends on axioms: [propext, Classical.choice, Quot.sound]
'HMT.IV.LatticeHalfExponentialExchange.exponentialCoefficient_exchange' depends on axioms: [propext,
 Classical.choice,
 Quot.sound]
'HMT.IV.LatticeHalfExponentialExchange.exponentialCoefficient_exchange_apply' depends on axioms: [propext,
 Classical.choice,
 Quot.sound]
'HMT.IV.LatticeHalfExponentialExchange.normalExponential_zero_annihilation' depends on axioms: [propext,
 Classical.choice,
 Quot.sound]
'HMT.IV.LatticeHalfExponentialExchange.normalExponential_zero_creation' depends on axioms: [propext,
 Classical.choice,
 Quot.sound]
'HMT.IV.LatticeHalfExponentialExchange.orthogonal_potential_commute' depends on axioms: [propext,
 Classical.choice,
 Quot.sound]
'HMT.IV.LatticeHalfExponentialExchange.orthogonal_power_commute' depends on axioms: [propext,
 Classical.choice,
 Quot.sound]
'HMT.IV.LatticeHalfExponentialExchange.orthogonal_exponentials_commute' depends on axioms: [propext,
 Classical.choice,
 Quot.sound]
'HMT.Formal.HalfModeScalarFactor.Series' depends on axioms: [propext, Classical.choice, Quot.sound]
'HMT.Formal.HalfModeScalarFactor.expCoeff' depends on axioms: [propext, Classical.choice, Quot.sound]
'HMT.Formal.HalfModeScalarFactor.formalExp' depends on axioms: [propext, Classical.choice, Quot.sound]
'HMT.Formal.HalfModeScalarFactor.coeff_formalExp' depends on axioms: [propext, Classical.choice, Quot.sound]
'HMT.Formal.HalfModeScalarFactor.constantCoeff_formalExp' depends on axioms: [propext, Classical.choice, Quot.sound]
'HMT.Formal.HalfModeScalarFactor.formalExp_derivative' depends on axioms: [propext, Classical.choice, Quot.sound]
'HMT.Formal.HalfModeScalarFactor.formalExp_unique' depends on axioms: [propext, Classical.choice, Quot.sound]
'HMT.Formal.HalfModeScalarFactor.formalExp_zero' depends on axioms: [propext, Classical.choice, Quot.sound]
'HMT.Formal.HalfModeScalarFactor.formalExp_add' depends on axioms: [propext, Classical.choice, Quot.sound]
'HMT.Formal.HalfModeScalarFactor.formalExp_nsmul' depends on axioms: [propext, Classical.choice, Quot.sound]
'HMT.Formal.HalfModeScalarFactor.formalExpUnit' depends on axioms: [propext, Classical.choice, Quot.sound]
'HMT.Formal.HalfModeScalarFactor.coe_formalExpUnit' depends on axioms: [propext, Classical.choice, Quot.sound]
'HMT.Formal.HalfModeScalarFactor.formalExpUnit_add' depends on axioms: [propext, Classical.choice, Quot.sound]
'HMT.Formal.HalfModeScalarFactor.formalExpHom' depends on axioms: [propext, Classical.choice, Quot.sound]
'HMT.Formal.HalfModeScalarFactor.formalExp_zsmul' depends on axioms: [propext, Classical.choice, Quot.sound]
'HMT.Formal.HalfModeScalarFactor.derivative_mathlib_exp' depends on axioms: [propext, Classical.choice, Quot.sound]
'HMT.Formal.HalfModeScalarFactor.formalExp_X' depends on axioms: [propext, Classical.choice, Quot.sound]
'HMT.Formal.HalfModeScalarFactor.S' depends on axioms: [propext, Classical.choice, Quot.sound]
'HMT.Formal.HalfModeScalarFactor.coeff_S' depends on axioms: [propext, Classical.choice, Quot.sound]
'HMT.Formal.HalfModeScalarFactor.constantCoeff_S' depends on axioms: [propext, Classical.choice, Quot.sound]
'HMT.Formal.HalfModeScalarFactor.coeff_S_even' depends on axioms: [propext, Classical.choice, Quot.sound]
'HMT.Formal.HalfModeScalarFactor.coeff_S_odd' depends on axioms: [propext, Classical.choice, Quot.sound]
'HMT.Formal.HalfModeScalarFactor.coeff_derivative_S' depends on axioms: [propext, Classical.choice, Quot.sound]
'HMT.Formal.HalfModeScalarFactor.derivative_S_cleared' depends on axioms: [propext, Classical.choice, Quot.sound]
'HMT.Formal.HalfModeScalarFactor.derivative_S' depends on axioms: [propext, Classical.choice, Quot.sound]
'HMT.Formal.HalfModeScalarFactor.rationalFactor' depends on axioms: [propext, Classical.choice, Quot.sound]
'HMT.Formal.HalfModeScalarFactor.constantCoeff_rationalFactor' depends on axioms: [propext,
 Classical.choice,
 Quot.sound]
'HMT.Formal.HalfModeScalarFactor.rationalFactor_derivative_cleared' depends on axioms: [propext,
 Classical.choice,
 Quot.sound]
'HMT.Formal.HalfModeScalarFactor.rationalFactor_derivative' depends on axioms: [propext, Classical.choice, Quot.sound]
'HMT.Formal.HalfModeScalarFactor.formalExp_S' depends on axioms: [propext, Classical.choice, Quot.sound]
'HMT.Formal.HalfModeScalarFactor.formalExp_nsmul_S' depends on axioms: [propext, Classical.choice, Quot.sound]
'HMT.Formal.HalfModeScalarFactor.oneMinusXUnit' depends on axioms: [propext, Classical.choice, Quot.sound]
'HMT.Formal.HalfModeScalarFactor.onePlusXUnit' depends on axioms: [propext, Classical.choice, Quot.sound]
'HMT.Formal.HalfModeScalarFactor.rationalFactorUnit' depends on axioms: [propext, Classical.choice, Quot.sound]
'HMT.Formal.HalfModeScalarFactor.coe_rationalFactorUnit' depends on axioms: [propext, Classical.choice, Quot.sound]
'HMT.Formal.HalfModeScalarFactor.formalExpUnit_S' depends on axioms: [propext, Classical.choice, Quot.sound]
'HMT.Formal.HalfModeScalarFactor.formalExp_zsmul_S' depends on axioms: [propext, Classical.choice, Quot.sound]
'HMT.IV.LatticeHalfContractionFactor.contractionSeries' depends on axioms: [propext, Classical.choice, Quot.sound]
'HMT.IV.LatticeHalfContractionFactor.contractionSeries_coefficient' depends on axioms: [propext,
 Classical.choice,
 Quot.sound]
'HMT.IV.LatticeHalfContractionFactor.contractionSeries_coefficient_even' depends on axioms: [propext,
 Classical.choice,
 Quot.sound]
'HMT.IV.LatticeHalfContractionFactor.contractionSeries_coefficient_odd' depends on axioms: [propext,
 Classical.choice,
 Quot.sound]
'HMT.IV.LatticeHalfContractionFactor.contractionSeries_constant' depends on axioms: [propext,
 Classical.choice,
 Quot.sound]
'HMT.IV.LatticeHalfContractionFactor.contractionSeries_eq_pair_smul' depends on axioms: [propext,
 Classical.choice,
 Quot.sound]
'HMT.IV.LatticeHalfContractionFactor.contractionSeries_eq_pair_zsmul' depends on axioms: [propext,
 Classical.choice,
 Quot.sound]
'HMT.IV.LatticeHalfContractionFactor.potential_exchange_via_contractionSeries' depends on axioms: [propext,
 Classical.choice,
 Quot.sound]
'HMT.IV.LatticeHalfContractionFactor.contractionFactor' depends on axioms: [propext, Classical.choice, Quot.sound]
'HMT.IV.LatticeHalfContractionFactor.contractionFactor_constant' depends on axioms: [propext,
 Classical.choice,
 Quot.sound]
'HMT.IV.LatticeHalfContractionFactor.contractionFactor_derivative' depends on axioms: [propext,
 Classical.choice,
 Quot.sound]
'HMT.IV.LatticeHalfContractionFactor.contractionFactor_eq_rational_integer_power' depends on axioms: [propext,
 Classical.choice,
 Quot.sound]
'HMT.IV.LatticeHalfContractionFactor.contractionFactor_eq_rational_nat_power' depends on axioms: [propext,
 Classical.choice,
 Quot.sound]
'HMT.IV.LatticeHalfContractionFactor.contractionFactor_orthogonal' depends on axioms: [propext,
 Classical.choice,
 Quot.sound]
'HMT.IV.VertexBlockAssembly.Blocks' depends on axioms: [propext, Classical.choice, Quot.sound]
'HMT.IV.VertexBlockAssembly.coefficient' depends on axioms: [propext, Classical.choice, Quot.sound]
'HMT.IV.VertexBlockAssembly.coefficient_apply' depends on axioms: [propext, Classical.choice, Quot.sound]
'HMT.IV.VertexBlockAssembly.coefficient_bounded_pole' depends on axioms: [propext, Classical.choice, Quot.sound]
'HMT.IV.VertexBlockAssembly.field' depends on axioms: [propext, Classical.choice, Quot.sound]
'HMT.IV.VertexBlockAssembly.field_coefficient' depends on axioms: [propext, Classical.choice, Quot.sound]
'HMT.IV.VertexBlockAssembly.coefficient_add' depends on axioms: [propext, Classical.choice, Quot.sound]
'HMT.IV.VertexBlockAssembly.coefficient_smul' depends on axioms: [propext, Classical.choice, Quot.sound]
'HMT.IV.VertexBlockAssembly.fieldMap' depends on axioms: [propext, Classical.choice, Quot.sound]
'HMT.IV.VertexBlockAssembly.fieldMap_apply' depends on axioms: [propext, Classical.choice, Quot.sound]
'HMT.IV.VertexBlockAssembly.coefficient_even_even' depends on axioms: [propext, Classical.choice, Quot.sound]
'HMT.IV.VertexBlockAssembly.coefficient_even_twisted' depends on axioms: [propext, Classical.choice, Quot.sound]
'HMT.IV.VertexBlockAssembly.coefficient_twisted_even' depends on axioms: [propext, Classical.choice, Quot.sound]
'HMT.IV.VertexBlockAssembly.coefficient_twisted_twisted' depends on axioms: [propext, Classical.choice, Quot.sound]
'HMT.IV.VertexBlockAssembly.field_even_even' depends on axioms: [propext, Classical.choice, Quot.sound]
'HMT.IV.VertexBlockAssembly.field_even_twisted' depends on axioms: [propext, Classical.choice, Quot.sound]
'HMT.IV.VertexBlockAssembly.field_twisted_even' depends on axioms: [propext, Classical.choice, Quot.sound]
'HMT.IV.VertexBlockAssembly.field_twisted_twisted' depends on axioms: [propext, Classical.choice, Quot.sound]
'HMT.IV.LatticeOrbifoldBlocks.MixedFields' depends on axioms: [propext, Classical.choice, Quot.sound]
'HMT.IV.LatticeOrbifoldBlocks.blocks' depends on axioms: [propext, Classical.choice, Quot.sound]
'HMT.IV.LatticeOrbifoldBlocks.stateField' depends on axioms: [propext, Classical.choice, Quot.sound]
'HMT.IV.LatticeOrbifoldBlocks.coefficient_formula' depends on axioms: [propext, Classical.choice, Quot.sound]
'HMT.IV.LatticeOrbifoldBlocks.even_even' depends on axioms: [propext, Classical.choice, Quot.sound]
'HMT.IV.LatticeOrbifoldBlocks.even_twisted' depends on axioms: [propext, Classical.choice, Quot.sound]
'HMT.IV.LatticeOrbifoldBlocks.twisted_even' depends on axioms: [propext, Classical.choice, Quot.sound]
'HMT.IV.LatticeOrbifoldBlocks.twisted_twisted' depends on axioms: [propext, Classical.choice, Quot.sound]
'HMT.IV.LatticeOrbifoldBlocks.lower_truncation' depends on axioms: [propext, Classical.choice, Quot.sound]
'HMT.IV.LatticeOrbifoldBlocks.stateField_injective' depends on axioms: [propext, Classical.choice, Quot.sound]
