### Reused focal object after hash checks: CoxeterChargeCovariance

### Reused focal object after hash checks: LatticeCoxeterFieldCovariance

### All-declaration transitive-axiom query (stdin only)
'HMT.IV.CoxeterChargeCovariance.twisted_shift' depends on axioms: [propext, Classical.choice, Quot.sound]
'HMT.IV.CoxeterChargeCovariance.twisted_zeroMode' depends on axioms: [propext, Classical.choice, Quot.sound]
'HMT.IV.CoxeterChargeCovariance.onCharge' depends on axioms: [propext, Classical.choice, Quot.sound]
'HMT.IV.CoxeterChargeCovariance.onCharge_pure' depends on axioms: [propext, Classical.choice, Quot.sound]
'HMT.IV.CoxeterChargeCovariance.carrier_shift' depends on axioms: [propext, Classical.choice, Quot.sound]
'HMT.IV.CoxeterChargeCovariance.carrier_zeroMode' depends on axioms: [propext, Classical.choice, Quot.sound]
'HMT.IV.CoxeterChargeCovariance.empty_charge_basis' depends on axioms: [propext, Classical.choice, Quot.sound]
'HMT.IV.CoxeterChargeCovariance.carrier_empty_charge' depends on axioms: [propext, Classical.choice, Quot.sound]
'HMT.IV.CoxeterChargeCovariance.carrierEquiv_ne_one' depends on axioms: [propext, Classical.choice, Quot.sound]
'HMT.IV.CoxeterChargeCovariance.carrierEquiv_order' depends on axioms: [propext, Classical.choice, Quot.sound]
'HMT.IV.LatticeCoxeterFieldCovariance.fockAction_creationState' depends on axioms: [propext,
 Classical.choice,
 Quot.sound]
'HMT.IV.LatticeCoxeterFieldCovariance.annihilation_creationState' depends on axioms: [propext,
 Classical.choice,
 Quot.sound]
'HMT.IV.LatticeCoxeterFieldCovariance.annihilation_product' depends on axioms: [propext, Classical.choice, Quot.sound]
'HMT.IV.LatticeCoxeterFieldCovariance.fockAction_chargeAnnihilation' depends on axioms: [propext,
 Classical.choice,
 Quot.sound]
'HMT.IV.LatticeCoxeterFieldCovariance.fockAction_creationPotential_coefficient' depends on axioms: [propext,
 Classical.choice,
 Quot.sound]
'HMT.IV.LatticeCoxeterFieldCovariance.fockAction_creationPotential_series' depends on axioms: [propext,
 Classical.choice,
 Quot.sound]
'HMT.IV.LatticeCoxeterFieldCovariance.fockAction_creationCoefficient' depends on axioms: [propext,
 Classical.choice,
 Quot.sound]
'HMT.IV.LatticeCoxeterFieldCovariance.fockAction_creationMode' depends on axioms: [propext,
 Classical.choice,
 Quot.sound]
'HMT.IV.LatticeCoxeterFieldCovariance.fockAction_annihilationPotential_coefficient' depends on axioms: [propext,
 Classical.choice,
 Quot.sound]
'HMT.IV.LatticeCoxeterFieldCovariance.fockAction_annihilationPotential_power' depends on axioms: [propext,
 Classical.choice,
 Quot.sound]
'HMT.IV.LatticeCoxeterFieldCovariance.fockAction_annihilationCoefficient' depends on axioms: [propext,
 Classical.choice,
 Quot.sound]
'HMT.IV.LatticeCoxeterFieldCovariance.carrierEquiv_fieldCutoff' depends on axioms: [propext,
 Classical.choice,
 Quot.sound]
'HMT.IV.LatticeCoxeterFieldCovariance.carrierEquiv_fieldCoefficient_pure' depends on axioms: [propext,
 Classical.choice,
 Quot.sound]
'HMT.IV.LatticeCoxeterFieldCovariance.carrierEquiv_fieldCoefficient' depends on axioms: [propext,
 Classical.choice,
 Quot.sound]
'HMT.IV.LatticeCoxeterFieldCovariance.carrierEquiv_conjugates_field' depends on axioms: [propext,
 Classical.choice,
 Quot.sound]


### Fixed-type interface applications


### Negative control: replace the exact order three by one
<stdin>:11:55: error: type mismatch
  carrierEquiv_order o
has type
  orderOf (carrierEquiv o) = 3 : Prop
but is expected to have type
  orderOf (carrierEquiv o) = 1 : Prop

