'HMT.IV.LatticeChargedVertexField.fieldCoefficient_basis' depends on axioms: [propext, Classical.choice, Quot.sound]
'HMT.IV.LatticeChargedVertexField.basisCoefficientCutoff_stable' depends on axioms: [propext,
 Classical.choice,
 Quot.sound]
'HMT.IV.LatticeChargedVertexField.basisCoefficient_below' depends on axioms: [propext, Classical.choice, Quot.sound]
'HMT.IV.LatticeChargedVertexField.fieldCoefficient_basis_below' depends on axioms: [propext,
 Classical.choice,
 Quot.sound]
'HMT.IV.LatticeChargedVertexField.boundedStates_eq_top' depends on axioms: [propext, Classical.choice, Quot.sound]
'HMT.IV.LatticeChargedVertexField.fieldCoefficient_bounded_pole' depends on axioms: [propext,
 Classical.choice,
 Quot.sound]
'HMT.IV.LatticeChargedVertexField.chargedField_coefficient' depends on axioms: [propext, Classical.choice, Quot.sound]
'HMT.IV.LatticeChargedVertexField.fieldCoefficient_vacuum' depends on axioms: [propext, Classical.choice, Quot.sound]
'HMT.IV.LatticeChargedVertexField.fieldCoefficient_vacuum_nonnegative' depends on axioms: [propext,
 Classical.choice,
 Quot.sound]
'HMT.IV.LatticeChargedVertexField.fieldCoefficient_vacuum_negative' depends on axioms: [propext,
 Classical.choice,
 Quot.sound]
'HMT.IV.LatticeChargedVertexField.fieldCoefficient_vacuum_zero' depends on axioms: [propext,
 Classical.choice,
 Quot.sound]
'HMT.IV.LatticeChargedVertexField.annihilationCoefficient_zero_charge' depends on axioms: [propext,
 Classical.choice,
 Quot.sound]
'HMT.IV.LatticeChargedVertexField.creationMode_zero_charge_apply' depends on axioms: [propext,
 Classical.choice,
 Quot.sound]
'HMT.IV.LatticeChargedVertexField.fieldCoefficient_zero_charge' depends on axioms: [propext,
 Classical.choice,
 Quot.sound]
'HMT.IV.LatticeChargedVertexField.chargedField_zero_charge_coefficient' depends on axioms: [propext,
 Classical.choice,
 Quot.sound]
