'HMT.I.ArticleIExceptionalInterface.selected_classical_hypotheses' depends on axioms: [propext,
 Classical.choice,
 Lean.ofReduceBool,
 Quot.sound]
'HMT.I.ArticleIExceptionalInterface.ClassicalLeechHypotheses' depends on axioms: [propext, Classical.choice, Quot.sound]
'HMT.I.ArticleIExceptionalInterface.same_generated_mark_and_lattice' depends on axioms: [propext,
 Classical.choice,
 Lean.ofReduceBool,
 Quot.sound]
'HMT.I.ArticleIExceptionalInterface.selected_radial_norm_is_54' depends on axioms: [propext,
 Classical.choice,
 Lean.ofReduceBool,
 Quot.sound]
'HMT.I.ArticleIExceptionalInterface.sum_product_defect_matches_selected_norm' depends on axioms: [propext,
 Classical.choice,
 Lean.ofReduceBool,
 Quot.sound]
'HMT.I.ArticleIExceptionalInterface.full_sum_product_defect_retained' does not depend on any axioms
'HMT.I.ArticleIExceptionalInterface.selected_neighbor_no_roots' depends on axioms: [propext,
 Classical.choice,
 Lean.ofReduceBool,
 Quot.sound]
'HMT.I.ArticleIExceptionalInterface.article_I_exceptional_interface' depends on axioms: [propext,
 Classical.choice,
 Lean.ofReduceBool,
 Quot.sound]
