'HMT.Shared.ArticleIII.Dimensional.normalized_positive' depends on axioms: [propext,
 Classical.choice,
 Lean.ofReduceBool,
 Quot.sound]
'HMT.Shared.ArticleIII.Dimensional.normalized_constitutive' depends on axioms: [propext,
 Classical.choice,
 Lean.ofReduceBool,
 Quot.sound]
'HMT.Shared.ArticleIII.Dimensional.toDimensional_positive' depends on axioms: [propext, Classical.choice, Quot.sound]
'HMT.Shared.ArticleIII.Dimensional.toNormalized_positive' depends on axioms: [propext, Classical.choice, Quot.sound]
'HMT.Shared.ArticleIII.Dimensional.normalized_after_dimensional' depends on axioms: [propext,
 Classical.choice,
 Quot.sound]
'HMT.Shared.ArticleIII.Dimensional.dimensional_after_normalized' depends on axioms: [propext,
 Classical.choice,
 Quot.sound]
'HMT.Shared.ArticleIII.Dimensional.toDimensional_constitutive' depends on axioms: [propext,
 Classical.choice,
 Quot.sound]
'HMT.Shared.ArticleIII.Dimensional.selected_positive' depends on axioms: [propext,
 Classical.choice,
 Lean.ofReduceBool,
 Quot.sound]
'HMT.Shared.ArticleIII.Dimensional.selected_constitutive' depends on axioms: [propext,
 Classical.choice,
 Lean.ofReduceBool,
 Quot.sound]
'HMT.Shared.ArticleIII.Dimensional.selected_chart_recovery' depends on axioms: [propext,
 Classical.choice,
 Lean.ofReduceBool,
 Quot.sound]
'HMT.Shared.ArticleIII.Dimensional.dimensional_covariance' depends on axioms: [propext, Classical.choice, Quot.sound]
'HMT.Shared.ArticleIII.Dimensional.rechart_selected' depends on axioms: [propext,
 Classical.choice,
 Lean.ofReduceBool,
 Quot.sound]
'HMT.Shared.ArticleIII.Dimensional.rechart_reversible' depends on axioms: [propext, Classical.choice, Quot.sound]
'HMT.Shared.ArticleIII.Dimensional.selected_dimensional_publication' depends on axioms: [propext,
 Classical.choice,
 Lean.ofReduceBool,
 Quot.sound]
