'HMT.SelectedAngularBarbero.selected_angular_coordinates' depends on axioms: [propext,
 Classical.choice,
 Lean.ofReduceBool,
 Quot.sound]
'HMT.SelectedAngularBarbero.selected_channels_formula' depends on axioms: [propext,
 Classical.choice,
 Lean.ofReduceBool,
 Quot.sound]
'HMT.SelectedAngularBarbero.selected_angular_functional' depends on axioms: [propext,
 Classical.choice,
 Lean.ofReduceBool,
 Quot.sound]
'HMT.SelectedAngularBarbero.selected_arithmetic_formula' depends on axioms: [propext,
 Classical.choice,
 Lean.ofReduceBool,
 Quot.sound]
'HMT.SelectedAngularBarbero.selected_constitutive_recovery' depends on axioms: [propext,
 Classical.choice,
 Lean.ofReduceBool,
 Quot.sound]
'HMT.SelectedAngularBarbero.selected_nonadic_recovery' depends on axioms: [propext,
 Classical.choice,
 Lean.ofReduceBool,
 Quot.sound]
'HMT.SelectedAngularBarbero.selected_action_incidence_functional' depends on axioms: [propext,
 Classical.choice,
 Lean.ofReduceBool,
 Quot.sound]
