'HMT.IV.LatticeHalfAnnihilationEnergy.halfDegree' depends on axioms: [propext, Classical.choice, Quot.sound]
'HMT.IV.LatticeHalfAnnihilationEnergy.halfDegree_monomial' depends on axioms: [propext, Classical.choice, Quot.sound]
'HMT.IV.LatticeHalfAnnihilationEnergy.LowersWeight' depends on axioms: [propext, Classical.choice, Quot.sound]
'HMT.IV.LatticeHalfAnnihilationEnergy.lowersWeight_zero' depends on axioms: [propext, Classical.choice, Quot.sound]
'HMT.IV.LatticeHalfAnnihilationEnergy.lowersWeight_one' depends on axioms: [propext, Classical.choice, Quot.sound]
'HMT.IV.LatticeHalfAnnihilationEnergy.lowersWeight_smul' depends on axioms: [propext, Classical.choice, Quot.sound]
'HMT.IV.LatticeHalfAnnihilationEnergy.lowersWeight_sum' depends on axioms: [propext, Classical.choice, Quot.sound]
'HMT.IV.LatticeHalfAnnihilationEnergy.lowersWeight_mul' depends on axioms: [propext, Classical.choice, Quot.sound]
'HMT.IV.LatticeHalfAnnihilationEnergy.halfAnnihilate_lowersWeight' depends on axioms: [propext,
 Classical.choice,
 Quot.sound]
'HMT.IV.LatticeHalfAnnihilationEnergy.chargeHalfAnnihilation_lowersWeight' depends on axioms: [propext,
 Classical.choice,
 Quot.sound]
'HMT.IV.LatticeHalfAnnihilationEnergy.potentialCoefficient_lowersWeight' depends on axioms: [propext,
 Classical.choice,
 Quot.sound]
'HMT.IV.LatticeHalfAnnihilationEnergy.powerCoefficient_lowersWeight' depends on axioms: [propext,
 Classical.choice,
 Quot.sound]
'HMT.IV.LatticeHalfAnnihilationEnergy.exponentialCoefficient_lowersWeight' depends on axioms: [propext,
 Classical.choice,
 Quot.sound]
'HMT.IV.LatticeHalfAnnihilationEnergy.halfDegree_coefficient' depends on axioms: [propext, Classical.choice, Quot.sound]
'HMT.IV.LatticeHalfAnnihilationEnergy.negative_halfDegree_eigenvector_zero' depends on axioms: [propext,
 Classical.choice,
 Quot.sound]
'HMT.IV.LatticeHalfAnnihilationEnergy.annihilationCoefficient_cutoff_on_monomial' depends on axioms: [propext,
 Classical.choice,
 Quot.sound]
'HMT.IV.LatticeHalfAnnihilationEnergy.exists_annihilationExponential_bound' depends on axioms: [propext,
 Classical.choice,
 Quot.sound]
