'HMT.IV.LatticeHalfAnnihilationExponential.EndSeries' depends on axioms: [propext, Classical.choice, Quot.sound]
'HMT.IV.LatticeHalfAnnihilationExponential.chargeHalfAnnihilation' depends on axioms: [propext,
 Classical.choice,
 Quot.sound]
'HMT.IV.LatticeHalfAnnihilationExponential.chargeHalfAnnihilation_apply' depends on axioms: [propext,
 Classical.choice,
 Quot.sound]
'HMT.IV.LatticeHalfAnnihilationExponential.chargeHalfAnnihilation_eq_scale' depends on axioms: [propext,
 Classical.choice,
 Quot.sound]
'HMT.IV.LatticeHalfAnnihilationExponential.chargeHalfAnnihilation_vacuum' depends on axioms: [propext,
 Classical.choice,
 Quot.sound]
'HMT.IV.LatticeHalfAnnihilationExponential.annihilationPotential' depends on axioms: [propext,
 Classical.choice,
 Quot.sound]
'HMT.IV.LatticeHalfAnnihilationExponential.annihilationPotential_coefficient' depends on axioms: [propext,
 Classical.choice,
 Quot.sound]
'HMT.IV.LatticeHalfAnnihilationExponential.annihilationPotential_coefficient_odd' depends on axioms: [propext,
 Classical.choice,
 Quot.sound]
'HMT.IV.LatticeHalfAnnihilationExponential.annihilationPotential_coefficient_even' depends on axioms: [propext,
 Classical.choice,
 Quot.sound]
'HMT.IV.LatticeHalfAnnihilationExponential.annihilationPotential_constant' depends on axioms: [propext,
 Classical.choice,
 Quot.sound]
'HMT.IV.LatticeHalfAnnihilationExponential.annihilationPotential_coefficient_vacuum' depends on axioms: [propext,
 Classical.choice,
 Quot.sound]
'HMT.IV.LatticeHalfAnnihilationExponential.potential_power_coefficient_zero' depends on axioms: [propext,
 Classical.choice,
 Quot.sound]
'HMT.IV.LatticeHalfAnnihilationExponential.positive_power_coefficient_vacuum' depends on axioms: [propext,
 Classical.choice,
 Quot.sound]
'HMT.IV.LatticeHalfAnnihilationExponential.exponentialCoefficient' depends on axioms: [propext,
 Classical.choice,
 Quot.sound]
'HMT.IV.LatticeHalfAnnihilationExponential.annihilationExponential' depends on axioms: [propext,
 Classical.choice,
 Quot.sound]
'HMT.IV.LatticeHalfAnnihilationExponential.annihilationExponential_coefficient' depends on axioms: [propext,
 Classical.choice,
 Quot.sound]
'HMT.IV.LatticeHalfAnnihilationExponential.exponentialCoefficient_cutoff' depends on axioms: [propext,
 Classical.choice,
 Quot.sound]
'HMT.IV.LatticeHalfAnnihilationExponential.annihilationExponential_constant' depends on axioms: [propext,
 Classical.choice,
 Quot.sound]
'HMT.IV.LatticeHalfAnnihilationExponential.annihilationExponential_first' depends on axioms: [propext,
 Classical.choice,
 Quot.sound]
'HMT.IV.LatticeHalfAnnihilationExponential.annihilationExponential_positive_vacuum' depends on axioms: [propext,
 Classical.choice,
 Quot.sound]
'HMT.IV.LatticeHalfAnnihilationExponential.annihilationExponential_vacuum' depends on axioms: [propext,
 Classical.choice,
 Quot.sound]
