'HMT.IV.LatticeTwistedKernelEnergy.two_shifted_zero' depends on axioms: [propext, Classical.choice, Quot.sound]
'HMT.IV.LatticeTwistedKernelEnergy.two_conformalMode_tmul' depends on axioms: [propext, Classical.choice, Quot.sound]
'HMT.IV.LatticeTwistedKernelEnergy.halfDegree_creation_annihilation' depends on axioms: [propext,
 Classical.choice,
 Quot.sound]
'HMT.IV.LatticeTwistedKernelEnergy.two_conformal_basisKernelCutoff' depends on axioms: [propext,
 Classical.choice,
 Quot.sound]
'HMT.IV.LatticeTwistedKernelEnergy.two_conformal_basisKernelCoefficient' depends on axioms: [propext,
 Classical.choice,
 Quot.sound]
'HMT.IV.LatticeTwistedKernelEnergy.kernelCoefficient_two_conformal_commutator' depends on axioms: [propext,
 Classical.choice,
 Quot.sound]
'HMT.IV.LatticeTwistedKernelEnergy.kernelCoefficient_conformal_commutator' depends on axioms: [propext,
 Classical.choice,
 Quot.sound]
'HMT.IV.LatticeTwistedKernelEnergy.kernelCoefficient_weight_shift' depends on axioms: [propext,
 Classical.choice,
 Quot.sound]
'HMT.IV.LatticeTwistedKernelEnergy.kernelCoefficient_ground_weight' depends on axioms: [propext,
 Classical.choice,
 Quot.sound]
