'HMT.IV.LatticeHalfExponentialCommutator.halfChargedDerivation_apply' depends on axioms: [propext,
 Classical.choice,
 Quot.sound]
'HMT.IV.LatticeHalfExponentialCommutator.halfChargedDerivation_creationState' depends on axioms: [propext,
 Classical.choice,
 Quot.sound]
'HMT.IV.LatticeHalfExponentialCommutator.derivative_halfCreationPotential' depends on axioms: [propext,
 Classical.choice,
 Quot.sound]
'HMT.IV.LatticeHalfExponentialCommutator.derivative_halfCreationPower_coefficient' depends on axioms: [propext,
 Classical.choice,
 Quot.sound]
'HMT.IV.LatticeHalfExponentialCommutator.halfCreationExponential_coefficient_extended' depends on axioms: [propext,
 Classical.choice,
 Quot.sound]
'HMT.IV.LatticeHalfExponentialCommutator.annihilation_halfCreationExponential_coefficient' depends on axioms: [propext,
 Classical.choice,
 Quot.sound]
'HMT.IV.LatticeHalfExponentialCommutator.mixed_half_exponential_commutator' depends on axioms: [propext,
 Classical.choice,
 Quot.sound]
