'HMT.IV.LatticeHalfCreationEnergy.monomialBasis_mul' depends on axioms: [propext, Classical.choice, Quot.sound]
'HMT.IV.LatticeHalfCreationEnergy.halfDegree_one' depends on axioms: [propext, Classical.choice, Quot.sound]
'HMT.IV.LatticeHalfCreationEnergy.halfDegree_mul' depends on axioms: [propext, Classical.choice, Quot.sound]
'HMT.IV.LatticeHalfCreationEnergy.halfDegree_mode' depends on axioms: [propext, Classical.choice, Quot.sound]
'HMT.IV.LatticeHalfCreationEnergy.halfDegree_chargeCreationState' depends on axioms: [propext,
 Classical.choice,
 Quot.sound]
'HMT.IV.LatticeHalfCreationEnergy.HomogeneousSeries' depends on axioms: [propext, Classical.choice, Quot.sound]
'HMT.IV.LatticeHalfCreationEnergy.halfCreationPotential_homogeneous' depends on axioms: [propext,
 Classical.choice,
 Quot.sound]
'HMT.IV.LatticeHalfCreationEnergy.homogeneous_one' depends on axioms: [propext, Classical.choice, Quot.sound]
'HMT.IV.LatticeHalfCreationEnergy.homogeneous_mul' depends on axioms: [propext, Classical.choice, Quot.sound]
'HMT.IV.LatticeHalfCreationEnergy.homogeneous_pow' depends on axioms: [propext, Classical.choice, Quot.sound]
'HMT.IV.LatticeHalfCreationEnergy.halfCreationPotential_power_energy' depends on axioms: [propext,
 Classical.choice,
 Quot.sound]
'HMT.IV.LatticeHalfCreationEnergy.halfCreationExponential_coefficient_energy' depends on axioms: [propext,
 Classical.choice,
 Quot.sound]
'HMT.IV.LatticeHalfCreationEnergy.halfCreationExponential_homogeneous' depends on axioms: [propext,
 Classical.choice,
 Quot.sound]
'HMT.IV.LatticeHalfCreationEnergy.halfCreationExponentialMode_commutator' depends on axioms: [propext,
 Classical.choice,
 Quot.sound]
