'HMT.IV.LatticeTwistedPositiveEnergy.descendedCoefficient_eq_kernel' depends on axioms: [propext,
 Classical.choice,
 Quot.sound]
'HMT.IV.LatticeTwistedPositiveEnergy.descendedCoefficient_conformal_commutator' depends on axioms: [propext,
 Classical.choice,
 Quot.sound]
'HMT.IV.LatticeTwistedPositiveEnergy.positiveCoefficient_conformal_commutator' depends on axioms: [propext,
 Classical.choice,
 Quot.sound]
'HMT.IV.LatticeTwistedPositiveEnergy.positiveKernel_conformal_commutator' depends on axioms: [propext,
 Classical.choice,
 Quot.sound]
'HMT.IV.LatticeTwistedPositiveEnergy.positiveCoefficient_weight_shift' depends on axioms: [propext,
 Classical.choice,
 Quot.sound]
'HMT.IV.LatticeTwistedPositiveEnergy.positiveKernel_weight_shift' depends on axioms: [propext,
 Classical.choice,
 Quot.sound]
'HMT.IV.LatticeTwistedPositiveEnergy.positiveKernel_maps_eigenspace' depends on axioms: [propext,
 Classical.choice,
 Quot.sound]
